Archive member included to satisfy reference by file (symbol)

c:/progra~2/gnuarm~1/102021~1.10/bin/../lib/gcc/arm-none-eabi/10.3.1/thumb/v6-m/nofp\libgcc.a(_dvmd_tls.o)
                              CMakeFiles/host.dir/D_/YQRepos/pico/pico-sdk/src/rp2_common/pico_divider/divider.S.obj (__aeabi_idiv0)
c:/progra~2/gnuarm~1/102021~1.10/bin/../lib/gcc/arm-none-eabi/10.3.1/../../../../arm-none-eabi/lib/thumb/v6-m/nofp\libc.a(lib_a-calloc.o)
                              CMakeFiles/host.dir/D_/YQRepos/pico/pico-sdk/src/rp2_common/pico_malloc/pico_malloc.c.obj (calloc)
c:/progra~2/gnuarm~1/102021~1.10/bin/../lib/gcc/arm-none-eabi/10.3.1/../../../../arm-none-eabi/lib/thumb/v6-m/nofp\libc.a(lib_a-callocr.o)
                              c:/progra~2/gnuarm~1/102021~1.10/bin/../lib/gcc/arm-none-eabi/10.3.1/../../../../arm-none-eabi/lib/thumb/v6-m/nofp\libc.a(lib_a-calloc.o) (_calloc_r)
c:/progra~2/gnuarm~1/102021~1.10/bin/../lib/gcc/arm-none-eabi/10.3.1/../../../../arm-none-eabi/lib/thumb/v6-m/nofp\libc.a(lib_a-errno.o)
                              c:/progra~2/gnuarm~1/102021~1.10/bin/../lib/gcc/arm-none-eabi/10.3.1/../../../../arm-none-eabi/lib/thumb/v6-m/nofp\libc.a(lib_a-callocr.o) (__errno)
c:/progra~2/gnuarm~1/102021~1.10/bin/../lib/gcc/arm-none-eabi/10.3.1/../../../../arm-none-eabi/lib/thumb/v6-m/nofp\libc.a(lib_a-impure.o)
                              c:/progra~2/gnuarm~1/102021~1.10/bin/../lib/gcc/arm-none-eabi/10.3.1/../../../../arm-none-eabi/lib/thumb/v6-m/nofp\libc.a(lib_a-calloc.o) (_impure_ptr)
c:/progra~2/gnuarm~1/102021~1.10/bin/../lib/gcc/arm-none-eabi/10.3.1/../../../../arm-none-eabi/lib/thumb/v6-m/nofp\libc.a(lib_a-init.o)
                              c:/progra~2/gnuarm~1/102021~1.10/bin/../lib/gcc/arm-none-eabi/10.3.1/../../../../arm-none-eabi/lib/thumb/v6-m/nofp/crt0.o (__libc_init_array)
c:/progra~2/gnuarm~1/102021~1.10/bin/../lib/gcc/arm-none-eabi/10.3.1/../../../../arm-none-eabi/lib/thumb/v6-m/nofp\libc.a(lib_a-malloc.o)
                              CMakeFiles/host.dir/D_/YQRepos/pico/pico-sdk/src/rp2_common/pico_malloc/pico_malloc.c.obj (malloc)
c:/progra~2/gnuarm~1/102021~1.10/bin/../lib/gcc/arm-none-eabi/10.3.1/../../../../arm-none-eabi/lib/thumb/v6-m/nofp\libc.a(lib_a-mallocr.o)
                              c:/progra~2/gnuarm~1/102021~1.10/bin/../lib/gcc/arm-none-eabi/10.3.1/../../../../arm-none-eabi/lib/thumb/v6-m/nofp\libc.a(lib_a-callocr.o) (_malloc_r)
c:/progra~2/gnuarm~1/102021~1.10/bin/../lib/gcc/arm-none-eabi/10.3.1/../../../../arm-none-eabi/lib/thumb/v6-m/nofp\libc.a(lib_a-mlock.o)
                              c:/progra~2/gnuarm~1/102021~1.10/bin/../lib/gcc/arm-none-eabi/10.3.1/../../../../arm-none-eabi/lib/thumb/v6-m/nofp\libc.a(lib_a-mallocr.o) (__malloc_lock)
c:/progra~2/gnuarm~1/102021~1.10/bin/../lib/gcc/arm-none-eabi/10.3.1/../../../../arm-none-eabi/lib/thumb/v6-m/nofp\libc.a(lib_a-realloc.o)
                              CMakeFiles/host.dir/D_/YQRepos/pico/pico-sdk/src/rp2_common/pico_malloc/pico_malloc.c.obj (realloc)
c:/progra~2/gnuarm~1/102021~1.10/bin/../lib/gcc/arm-none-eabi/10.3.1/../../../../arm-none-eabi/lib/thumb/v6-m/nofp\libc.a(lib_a-reallocr.o)
                              c:/progra~2/gnuarm~1/102021~1.10/bin/../lib/gcc/arm-none-eabi/10.3.1/../../../../arm-none-eabi/lib/thumb/v6-m/nofp\libc.a(lib_a-realloc.o) (_realloc_r)
c:/progra~2/gnuarm~1/102021~1.10/bin/../lib/gcc/arm-none-eabi/10.3.1/../../../../arm-none-eabi/lib/thumb/v6-m/nofp\libc.a(lib_a-sbrkr.o)
                              c:/progra~2/gnuarm~1/102021~1.10/bin/../lib/gcc/arm-none-eabi/10.3.1/../../../../arm-none-eabi/lib/thumb/v6-m/nofp\libc.a(lib_a-mallocr.o) (_sbrk_r)
c:/progra~2/gnuarm~1/102021~1.10/bin/../lib/gcc/arm-none-eabi/10.3.1/../../../../arm-none-eabi/lib/thumb/v6-m/nofp\libc.a(lib_a-strlen-stub.o)
                              CMakeFiles/host.dir/D_/YQRepos/pico/pico-sdk/src/rp2_common/pico_stdio/stdio.c.obj (strlen)
c:/progra~2/gnuarm~1/102021~1.10/bin/../lib/gcc/arm-none-eabi/10.3.1/../../../../arm-none-eabi/lib/thumb/v6-m/nofp\libc.a(lib_a-freer.o)
                              c:/progra~2/gnuarm~1/102021~1.10/bin/../lib/gcc/arm-none-eabi/10.3.1/../../../../arm-none-eabi/lib/thumb/v6-m/nofp\libc.a(lib_a-malloc.o) (_free_r)
c:/progra~2/gnuarm~1/102021~1.10/bin/../lib/gcc/arm-none-eabi/10.3.1/../../../../arm-none-eabi/lib/thumb/v6-m/nofp\libc.a(lib_a-lock.o)
                              c:/progra~2/gnuarm~1/102021~1.10/bin/../lib/gcc/arm-none-eabi/10.3.1/../../../../arm-none-eabi/lib/thumb/v6-m/nofp\libc.a(lib_a-mlock.o) (__retarget_lock_acquire_recursive)
c:/progra~2/gnuarm~1/102021~1.10/bin/../lib/gcc/arm-none-eabi/10.3.1/../../../../arm-none-eabi/lib/thumb/v6-m/nofp\libc.a(lib_a-memmove.o)
                              c:/progra~2/gnuarm~1/102021~1.10/bin/../lib/gcc/arm-none-eabi/10.3.1/../../../../arm-none-eabi/lib/thumb/v6-m/nofp\libc.a(lib_a-reallocr.o) (memmove)
[...]
Memory Configuration

Name             Origin             Length             Attributes
FLASH            0x10000000         0x00200000         xr
RAM              0x20000000         0x00040000         xrw
SCRATCH_X        0x20040000         0x00001000         xrw
SCRATCH_Y        0x20041000         0x00001000         xrw
*default*        0x00000000         0xffffffff

Linker script and memory map

LOAD c:/progra~2/gnuarm~1/102021~1.10/bin/../lib/gcc/arm-none-eabi/10.3.1/thumb/v6-m/nofp/crti.o
LOAD c:/progra~2/gnuarm~1/102021~1.10/bin/../lib/gcc/arm-none-eabi/10.3.1/thumb/v6-m/nofp/crtbegin.o
LOAD c:/progra~2/gnuarm~1/102021~1.10/bin/../lib/gcc/arm-none-eabi/10.3.1/../../../../arm-none-eabi/lib/thumb/v6-m/nofp/crt0.o

.flash_begin    0x10000000        0x0
                0x10000000                __flash_binary_start = .

.boot2          0x10000000      0x100
                0x10000000                __boot2_start__ = .
 *(.boot2)
 .boot2         0x10000000      0x100 C:\Users\YIQUAN~1\AppData\Local\Temp\cce6fRXk.o
                0x10000100                __boot2_end__ = .
                0x00000001                ASSERT (((__boot2_end__ - __boot2_start__) == 0x100), ERROR: Pico second stage bootloader must be 256 bytes in size)

.text           0x10000100     0x5df8
                0x10000100                __logical_binary_start = .
 *(.vectors)
 .vectors       0x10000100       0xd4 CMakeFiles/host.dir/D_/YQRepos/pico/pico-sdk/src/rp2_common/pico_standard_link/crt0.S.obj
                0x10000100                __VECTOR_TABLE
                0x10000100                __vectors
                0x100001c0                isr_invalid
                0x100001c0                __default_isrs_start
                0x100001c2                isr_nmi
                0x100001c4                isr_hardfault
                0x100001c6                isr_svcall
                0x100001c8                isr_pendsv
                0x100001ca                isr_systick
                0x100001cc                isr_irq23
                0x100001cc                isr_irq18
                0x100001cc                isr_irq11
                0x100001cc                isr_irq28
                0x100001cc                isr_irq19
                0x100001cc                isr_irq0
                0x100001cc                isr_irq6
                0x100001cc                isr_irq5
                0x100001cc                isr_irq12
                0x100001cc                isr_irq22
                0x100001cc                isr_irq31
                0x100001cc                isr_irq17
                0x100001cc                isr_irq27
                0x100001cc                isr_irq30
                0x100001cc                isr_irq2
                0x100001cc                isr_irq10
                0x100001cc                isr_irq8
                0x100001cc                isr_irq24
                0x100001cc                isr_irq1
                0x100001cc                isr_irq7
                0x100001cc                isr_irq21
                0x100001cc                isr_irq20
                0x100001cc                isr_irq15
                0x100001cc                isr_irq25
                0x100001cc                isr_irq13
                0x100001cc                __unhandled_user_irq
                0x100001cc                isr_irq4
                0x100001cc                isr_irq16
                0x100001cc                isr_irq29
                0x100001cc                isr_irq26
                0x100001cc                __default_isrs_end
                0x100001cc                isr_irq3
                0x100001cc                isr_irq14
                0x100001cc                isr_irq9
                0x100001d2                unhandled_user_irq_num_in_r0
 *(.binary_info_header)
 .binary_info_header
                0x100001d4       0x14 CMakeFiles/host.dir/D_/YQRepos/pico/pico-sdk/src/rp2_common/pico_standard_link/crt0.S.obj
                0x100001e8                __binary_info_header_end = .
 *(.reset)
 .reset         0x100001e8       0xa0 CMakeFiles/host.dir/D_/YQRepos/pico/pico-sdk/src/rp2_common/pico_standard_link/crt0.S.obj
                0x100001e8                _entry_point
 .reset         0x10000288       0x30 CMakeFiles/host.dir/D_/YQRepos/pico/pico-sdk/src/rp2_common/pico_standard_link/binary_info.c.obj
 *(.init)
 .init          0x100002b8        0x4 c:/progra~2/gnuarm~1/102021~1.10/bin/../lib/gcc/arm-none-eabi/10.3.1/thumb/v6-m/nofp/crti.o
                0x100002b8                _init
 *(EXCLUDE_FILE(*libm.a: *libc.a:*lib_a-mem*.o *libgcc.a:) .text*)
 .text          0x100002bc       0x48 c:/progra~2/gnuarm~1/102021~1.10/bin/../lib/gcc/arm-none-eabi/10.3.1/thumb/v6-m/nofp/crtbegin.o
 .text.on_uart_rx
                0x10000304       0x64 CMakeFiles/host.dir/main.c.obj
                0x10000304                on_uart_rx
 .text.startup.main
                0x10000368      0x1d8 CMakeFiles/host.dir/main.c.obj
                0x10000368                main
 .text.touch_callback
                0x10000540       0x18 CMakeFiles/host.dir/tud_cdc_descript.c.obj
                0x10000540                touch_callback
 .text.tud_cdc_turnoff
                0x10000558       0x14 CMakeFiles/host.dir/tud_cdc_descript.c.obj
                0x10000558                tud_cdc_turnoff
 .text.process_message
                0x1000056c      0x408 CMakeFiles/host.dir/tud_cdc_descript.c.obj
                0x1000056c                process_message
 .text.receive_data
                0x10000974       0xac CMakeFiles/host.dir/tud_cdc_descript.c.obj
                0x10000974                receive_data
 .text.gpio_set_function
                0x10000a20       0x30 CMakeFiles/host.dir/D_/YQRepos/pico/pico-sdk/src/rp2_common/hardware_gpio/gpio.c.obj
                0x10000a20                gpio_set_function
 .text.gpio_init
                0x10000a50       0x3c CMakeFiles/host.dir/D_/YQRepos/pico/pico-sdk/src/rp2_common/hardware_gpio/gpio.c.obj
                0x10000a50                gpio_init
 .text.running_on_fpga
                0x10000a8c       0x10 CMakeFiles/host.dir/D_/YQRepos/pico/pico-sdk/src/rp2_common/pico_platform/platform.c.obj
                0x10000a8c                running_on_fpga
 .text.hw_claim_or_assert
                0x10000a9c       0x44 CMakeFiles/host.dir/D_/YQRepos/pico/pico-sdk/src/rp2_common/hardware_claim/claim.c.obj
                0x10000a9c                hw_claim_or_assert
 .text.hw_claim_unused_from_range
                0x10000ae0       0x9c CMakeFiles/host.dir/D_/YQRepos/pico/pico-sdk/src/rp2_common/hardware_claim/claim.c.obj
                0x10000ae0                hw_claim_unused_from_range
 .text.spin_locks_reset
                0x10000b7c       0x1c CMakeFiles/host.dir/D_/YQRepos/pico/pico-sdk/src/rp2_common/hardware_sync/sync.c.obj
                0x10000b7c                spin_locks_reset
 .text.next_striped_spin_lock_num
                0x10000b98       0x18 CMakeFiles/host.dir/D_/YQRepos/pico/pico-sdk/src/rp2_common/hardware_sync/sync.c.obj
                0x10000b98                next_striped_spin_lock_num
 .text.spin_lock_claim_unused
                0x10000bb0       0x20 CMakeFiles/host.dir/D_/YQRepos/pico/pico-sdk/src/rp2_common/hardware_sync/sync.c.obj
                0x10000bb0                spin_lock_claim_unused
 .text.irq_set_enabled
                0x10000bd0       0x24 CMakeFiles/host.dir/D_/YQRepos/pico/pico-sdk/src/rp2_common/hardware_irq/irq.c.obj
                0x10000bd0                irq_set_enabled
 .text.irq_set_pending
                0x10000bf4       0x10 CMakeFiles/host.dir/D_/YQRepos/pico/pico-sdk/src/rp2_common/hardware_irq/irq.c.obj
                0x10000bf4                irq_set_pending
 .text.irq_has_shared_handler
                0x10000c04       0x2c CMakeFiles/host.dir/D_/YQRepos/pico/pico-sdk/src/rp2_common/hardware_irq/irq.c.obj
                0x10000c04                irq_has_shared_handler
 .text.irq_get_vtable_handler
                0x10000c30       0x10 CMakeFiles/host.dir/D_/YQRepos/pico/pico-sdk/src/rp2_common/hardware_irq/irq.c.obj
                0x10000c30                irq_get_vtable_handler
 .text.irq_set_exclusive_handler
                0x10000c40       0x54 CMakeFiles/host.dir/D_/YQRepos/pico/pico-sdk/src/rp2_common/hardware_irq/irq.c.obj
                0x10000c40                irq_set_exclusive_handler
 .text.irq_add_shared_handler
                0x10000c94      0x1e8 CMakeFiles/host.dir/D_/YQRepos/pico/pico-sdk/src/rp2_common/hardware_irq/irq.c.obj
                0x10000c94                irq_add_shared_handler
 .text.irq_remove_handler
                0x10000e7c      0x1b0 CMakeFiles/host.dir/D_/YQRepos/pico/pico-sdk/src/rp2_common/hardware_irq/irq.c.obj
                0x10000e7c                irq_remove_handler
 .text.irq_add_tail_to_free_list
                0x1000102c       0xb4 CMakeFiles/host.dir/D_/YQRepos/pico/pico-sdk/src/rp2_common/hardware_irq/irq.c.obj
                0x1000102c                irq_add_tail_to_free_list
 .text.irq_init_priorities
                0x100010e0       0x24 CMakeFiles/host.dir/D_/YQRepos/pico/pico-sdk/src/rp2_common/hardware_irq/irq.c.obj
                0x100010e0                irq_init_priorities
 .text.user_irq_claim_unused
                0x10001104       0x28 CMakeFiles/host.dir/D_/YQRepos/pico/pico-sdk/src/rp2_common/hardware_irq/irq.c.obj
                0x10001104                user_irq_claim_unused
 .text.lock_init
                0x1000112c       0x10 CMakeFiles/host.dir/D_/YQRepos/pico/pico-sdk/src/common/pico_sync/lock_core.c.obj
                0x1000112c                lock_init
 .text.mutex_init
                0x1000113c       0x1c CMakeFiles/host.dir/D_/YQRepos/pico/pico-sdk/src/common/pico_sync/mutex.c.obj
                0x1000113c                mutex_init
 .text.recursive_mutex_init
                0x10001158       0x1c CMakeFiles/host.dir/D_/YQRepos/pico/pico-sdk/src/common/pico_sync/mutex.c.obj
                0x10001158                recursive_mutex_init
 .text.critical_section_init
                0x10001174       0x20 CMakeFiles/host.dir/D_/YQRepos/pico/pico-sdk/src/common/pico_sync/critical_section.c.obj
                0x10001174                critical_section_init
 .text.critical_section_init_with_lock_num
                0x10001194       0x14 CMakeFiles/host.dir/D_/YQRepos/pico/pico-sdk/src/common/pico_sync/critical_section.c.obj
                0x10001194                critical_section_init_with_lock_num
 .text.timer_pool_entry_comparator
                0x100011a8       0x34 CMakeFiles/host.dir/D_/YQRepos/pico/pico-sdk/src/common/pico_time/time.c.obj
                0x100011a8                timer_pool_entry_comparator
 .text.repeating_timer_callback
                0x100011dc       0x1c CMakeFiles/host.dir/D_/YQRepos/pico/pico-sdk/src/common/pico_time/time.c.obj
 .text.sleep_until_callback
                0x100011f8       0x30 CMakeFiles/host.dir/D_/YQRepos/pico/pico-sdk/src/common/pico_time/time.c.obj
 .text.add_alarm_under_lock.isra.0
                0x10001228      0x100 CMakeFiles/host.dir/D_/YQRepos/pico/pico-sdk/src/common/pico_time/time.c.obj
 .text.alarm_pool_alarm_callback
                0x10001328      0x1b8 CMakeFiles/host.dir/D_/YQRepos/pico/pico-sdk/src/common/pico_time/time.c.obj
 .text.alarm_pool_init_default
                0x100014e0       0x6c CMakeFiles/host.dir/D_/YQRepos/pico/pico-sdk/src/common/pico_time/time.c.obj
                0x100014e0                alarm_pool_init_default
 .text.alarm_pool_get_default
                0x1000154c        0x8 CMakeFiles/host.dir/D_/YQRepos/pico/pico-sdk/src/common/pico_time/time.c.obj
                0x1000154c                alarm_pool_get_default
 .text.alarm_pool_add_alarm_at
                0x10001554      0x17c CMakeFiles/host.dir/D_/YQRepos/pico/pico-sdk/src/common/pico_time/time.c.obj
                0x10001554                alarm_pool_add_alarm_at
 .text.alarm_pool_cancel_alarm
                0x100016d0       0x74 CMakeFiles/host.dir/D_/YQRepos/pico/pico-sdk/src/common/pico_time/time.c.obj
                0x100016d0                alarm_pool_cancel_alarm
 .text.alarm_pool_core_num
                0x10001744        0x4 CMakeFiles/host.dir/D_/YQRepos/pico/pico-sdk/src/common/pico_time/time.c.obj
                0x10001744                alarm_pool_core_num
 .text.alarm_pool_add_repeating_timer_us
                0x10001748      0x200 CMakeFiles/host.dir/D_/YQRepos/pico/pico-sdk/src/common/pico_time/time.c.obj
                0x10001748                alarm_pool_add_repeating_timer_us
 .text.cancel_repeating_timer
                0x10001948       0x8c CMakeFiles/host.dir/D_/YQRepos/pico/pico-sdk/src/common/pico_time/time.c.obj
                0x10001948                cancel_repeating_timer
 .text.sleep_until
                0x100019d4       0xc4 CMakeFiles/host.dir/D_/YQRepos/pico/pico-sdk/src/common/pico_time/time.c.obj
                0x100019d4                sleep_until
 .text.sleep_ms
                0x10001a98       0x34 CMakeFiles/host.dir/D_/YQRepos/pico/pico-sdk/src/common/pico_time/time.c.obj
                0x10001a98                sleep_ms
 .text.best_effort_wfe_or_timeout
                0x10001acc       0x78 CMakeFiles/host.dir/D_/YQRepos/pico/pico-sdk/src/common/pico_time/time.c.obj
                0x10001acc                best_effort_wfe_or_timeout
 .text.hardware_alarm_irq_handler
                0x10001b44       0xbc CMakeFiles/host.dir/D_/YQRepos/pico/pico-sdk/src/rp2_common/hardware_timer/timer.c.obj
 .text.hardware_alarm_claim
                0x10001c00       0x18 CMakeFiles/host.dir/D_/YQRepos/pico/pico-sdk/src/rp2_common/hardware_timer/timer.c.obj
                0x10001c00                hardware_alarm_claim
 .text.time_us_64
                0x10001c18       0x14 CMakeFiles/host.dir/D_/YQRepos/pico/pico-sdk/src/rp2_common/hardware_timer/timer.c.obj
                0x10001c18                time_us_64
 .text.busy_wait_until
                0x10001c2c       0x20 CMakeFiles/host.dir/D_/YQRepos/pico/pico-sdk/src/rp2_common/hardware_timer/timer.c.obj
                0x10001c2c                busy_wait_until
 .text.hardware_alarm_set_callback
                0x10001c4c       0x8c CMakeFiles/host.dir/D_/YQRepos/pico/pico-sdk/src/rp2_common/hardware_timer/timer.c.obj
                0x10001c4c                hardware_alarm_set_callback
 .text.hardware_alarm_set_target
                0x10001cd8       0xe0 CMakeFiles/host.dir/D_/YQRepos/pico/pico-sdk/src/rp2_common/hardware_timer/timer.c.obj
                0x10001cd8                hardware_alarm_set_target
 .text.hardware_alarm_cancel
                0x10001db8       0x3c CMakeFiles/host.dir/D_/YQRepos/pico/pico-sdk/src/rp2_common/hardware_timer/timer.c.obj
                0x10001db8                hardware_alarm_cancel
 .text.ph_merge_nodes
                0x10001df4       0x68 CMakeFiles/host.dir/D_/YQRepos/pico/pico-sdk/src/common/pico_util/pheap.c.obj
 .text.ph_post_alloc_init
                0x10001e5c       0x3c CMakeFiles/host.dir/D_/YQRepos/pico/pico-sdk/src/common/pico_util/pheap.c.obj
                0x10001e5c                ph_post_alloc_init
 .text.ph_merge_two_pass
                0x10001e98       0x90 CMakeFiles/host.dir/D_/YQRepos/pico/pico-sdk/src/common/pico_util/pheap.c.obj
                0x10001e98                ph_merge_two_pass
 .text.ph_remove_any_head
                0x10001f28      0x100 CMakeFiles/host.dir/D_/YQRepos/pico/pico-sdk/src/common/pico_util/pheap.c.obj
 .text.ph_remove_head
                0x10002028      0x104 CMakeFiles/host.dir/D_/YQRepos/pico/pico-sdk/src/common/pico_util/pheap.c.obj
                0x10002028                ph_remove_head
 .text.ph_remove_and_free_node
                0x1000212c       0x7c CMakeFiles/host.dir/D_/YQRepos/pico/pico-sdk/src/common/pico_util/pheap.c.obj
                0x1000212c                ph_remove_and_free_node
 .text.uart_init
                0x100021a8       0xe0 CMakeFiles/host.dir/D_/YQRepos/pico/pico-sdk/src/rp2_common/hardware_uart/uart.c.obj
                0x100021a8                uart_init
 .text.uart_set_baudrate
                0x10002288       0x68 CMakeFiles/host.dir/D_/YQRepos/pico/pico-sdk/src/rp2_common/hardware_uart/uart.c.obj
                0x10002288                uart_set_baudrate
 .text.clocks_init
                0x100022f0      0x2bc CMakeFiles/host.dir/D_/YQRepos/pico/pico-sdk/src/rp2_common/hardware_clocks/clocks.c.obj
                0x100022f0                clocks_init
 .text.clock_get_hz
                0x100025ac        0xc CMakeFiles/host.dir/D_/YQRepos/pico/pico-sdk/src/rp2_common/hardware_clocks/clocks.c.obj
                0x100025ac                clock_get_hz
 .text.pll_init
                0x100025b8       0xb0 CMakeFiles/host.dir/D_/YQRepos/pico/pico-sdk/src/rp2_common/hardware_pll/pll.c.obj
                0x100025b8                pll_init
 .text.watchdog_start_tick
                0x10002668       0x10 CMakeFiles/host.dir/D_/YQRepos/pico/pico-sdk/src/rp2_common/hardware_watchdog/watchdog.c.obj
                0x10002668                watchdog_start_tick
 .text.watchdog_reboot
                0x10002678       0x98 CMakeFiles/host.dir/D_/YQRepos/pico/pico-sdk/src/rp2_common/hardware_watchdog/watchdog.c.obj
                0x10002678                watchdog_reboot
 .text.xosc_init
                0x10002710       0x28 CMakeFiles/host.dir/D_/YQRepos/pico/pico-sdk/src/rp2_common/hardware_xosc/xosc.c.obj
                0x10002710                xosc_init
 .text.runtime_init
                0x10002738       0xf0 CMakeFiles/host.dir/D_/YQRepos/pico/pico-sdk/src/rp2_common/pico_runtime/runtime.c.obj
                0x10002738                runtime_init
 .text._exit    0x10002828        0x4 CMakeFiles/host.dir/D_/YQRepos/pico/pico-sdk/src/rp2_common/pico_runtime/runtime.c.obj
                0x10002828                _exit
 .text._sbrk    0x1000282c       0x34 CMakeFiles/host.dir/D_/YQRepos/pico/pico-sdk/src/rp2_common/pico_runtime/runtime.c.obj
                0x1000282c                _sbrk
 .text.exit     0x10002860        0x8 CMakeFiles/host.dir/D_/YQRepos/pico/pico-sdk/src/rp2_common/pico_runtime/runtime.c.obj
                0x10002860                exit
 .text.panic    0x10002868       0x30 CMakeFiles/host.dir/D_/YQRepos/pico/pico-sdk/src/rp2_common/pico_runtime/runtime.c.obj
                0x10002868                panic
 .text.hard_assertion_failure
                0x10002898        0xc CMakeFiles/host.dir/D_/YQRepos/pico/pico-sdk/src/rp2_common/pico_runtime/runtime.c.obj
                0x10002898                hard_assertion_failure
 .text._out_char
                0x100028a4       0x10 CMakeFiles/host.dir/D_/YQRepos/pico/pico-sdk/src/rp2_common/pico_printf/printf.c.obj
 .text.weak_raw_vprintf
                0x100028b4       0x30 CMakeFiles/host.dir/D_/YQRepos/pico/pico-sdk/src/rp2_common/pico_printf/printf.c.obj
                0x100028b4                weak_raw_vprintf
 .text          0x100028e4       0x10 CMakeFiles/host.dir/D_/YQRepos/pico/pico-sdk/src/rp2_common/pico_bit_ops/bit_ops_aeabi.S.obj
 .text.rom_func_lookup
                0x100028f4       0x10 CMakeFiles/host.dir/D_/YQRepos/pico/pico-sdk/src/rp2_common/pico_bootrom/bootrom.c.obj
                0x100028f4                rom_func_lookup
 .text.rom_data_lookup
                0x10002904       0x10 CMakeFiles/host.dir/D_/YQRepos/pico/pico-sdk/src/rp2_common/pico_bootrom/bootrom.c.obj
                0x10002904                rom_data_lookup
 .text.rom_funcs_lookup
                0x10002914       0x44 CMakeFiles/host.dir/D_/YQRepos/pico/pico-sdk/src/rp2_common/pico_bootrom/bootrom.c.obj
                0x10002914                rom_funcs_lookup
 .text.__wrap___aeabi_uidiv
                0x10002958       0x4c CMakeFiles/host.dir/D_/YQRepos/pico/pico-sdk/src/rp2_common/pico_divider/divider.S.obj
                0x10002958                __wrap___aeabi_uidiv
                0x10002958                __wrap___aeabi_uidivmod
                0x10002958                div_u32u32
                0x10002958                divmod_u32u32
                0x10002960                divmod_u32u32_unsafe
                0x10002988                divmod_u32u32_savestate
 .text.__wrap___aeabi_ldiv
                0x100029a4      0x424 CMakeFiles/host.dir/D_/YQRepos/pico/pico-sdk/src/rp2_common/pico_divider/divider.S.obj
                0x100029a4                div_s64s64
                0x100029a4                divmod_s64s64
                0x100029a4                __wrap___aeabi_ldivmod
                0x100029d4                divmod_u64u64
                0x100029d4                div_u64u64
                0x100029d4                __wrap___aeabi_uldivmod
                0x100029e4                divmod_u64u64_savestate
                0x10002a04                divmod_s64s64_unsafe
                0x10002a8c                divmod_u64u64_unsafe
 .text.__aeabi_double_init
                0x10002dc8       0x94 CMakeFiles/host.dir/D_/YQRepos/pico/pico-sdk/src/rp2_common/pico_double/double_init_rom.c.obj
                0x10002dc8                __aeabi_double_init
 .text.double_table_shim_on_use_helper
                0x10002e5c       0x2c CMakeFiles/host.dir/D_/YQRepos/pico/pico-sdk/src/rp2_common/pico_double/double_v1_rom_shim.S.obj
                0x10002e5c                double_table_shim_on_use_helper
 .text.__aeabi_lmul
                0x10002e88       0x32 CMakeFiles/host.dir/D_/YQRepos/pico/pico-sdk/src/rp2_common/pico_int64_ops/pico_int64_ops_aeabi.S.obj
                0x10002e88                __wrap___aeabi_lmul
 *fill*         0x10002eba        0x2 
 .text.__aeabi_float_init
                0x10002ebc       0x64 CMakeFiles/host.dir/D_/YQRepos/pico/pico-sdk/src/rp2_common/pico_float/float_init_rom.c.obj
                0x10002ebc                __aeabi_float_init
 .text.float_table_shim_on_use_helper
                0x10002f20       0x2c CMakeFiles/host.dir/D_/YQRepos/pico/pico-sdk/src/rp2_common/pico_float/float_v1_rom_shim.S.obj
                0x10002f20                float_table_shim_on_use_helper
 .text.__wrap_malloc
                0x10002f4c       0x24 CMakeFiles/host.dir/D_/YQRepos/pico/pico-sdk/src/rp2_common/pico_malloc/pico_malloc.c.obj
                0x10002f4c                __wrap_malloc
 .text          0x10002f70       0x10 CMakeFiles/host.dir/D_/YQRepos/pico/pico-sdk/src/rp2_common/pico_mem_ops/mem_ops_aeabi.S.obj
                0x10002f70                __aeabi_mem_init
 .text.memset   0x10002f80        0xc CMakeFiles/host.dir/D_/YQRepos/pico/pico-sdk/src/rp2_common/pico_mem_ops/mem_ops_aeabi.S.obj
                0x10002f80                __wrap_memset
 .text.memcpy   0x10002f8c        0xc CMakeFiles/host.dir/D_/YQRepos/pico/pico-sdk/src/rp2_common/pico_mem_ops/mem_ops_aeabi.S.obj
                0x10002f8c                __wrap_memcpy
                0x10002f8c                __wrap___aeabi_memcpy
 .text.stdio_out_chars_no_crlf
                0x10002f98       0x10 CMakeFiles/host.dir/D_/YQRepos/pico/pico-sdk/src/rp2_common/pico_stdio/stdio.c.obj
 .text.stdio_out_chars_crlf
                0x10002fa8       0xb4 CMakeFiles/host.dir/D_/YQRepos/pico/pico-sdk/src/rp2_common/pico_stdio/stdio.c.obj
 .text.stdio_put_string.isra.0
                0x1000305c       0xfc CMakeFiles/host.dir/D_/YQRepos/pico/pico-sdk/src/rp2_common/pico_stdio/stdio.c.obj
 .text.__wrap_putchar
                0x10003158       0x98 CMakeFiles/host.dir/D_/YQRepos/pico/pico-sdk/src/rp2_common/pico_stdio/stdio.c.obj
                0x10003158                __wrap_putchar
 .text.__wrap_puts
                0x100031f0       0x3c CMakeFiles/host.dir/D_/YQRepos/pico/pico-sdk/src/rp2_common/pico_stdio/stdio.c.obj
                0x100031f0                __wrap_puts
 .text.stdio_set_driver_enabled
                0x1000322c       0x30 CMakeFiles/host.dir/D_/YQRepos/pico/pico-sdk/src/rp2_common/pico_stdio/stdio.c.obj
                0x1000322c                stdio_set_driver_enabled
 .text.stdio_init_all
                0x1000325c        0x8 CMakeFiles/host.dir/D_/YQRepos/pico/pico-sdk/src/rp2_common/pico_stdio/stdio.c.obj
                0x1000325c                stdio_init_all
 .text.resetd_init
                0x10003264        0x4 CMakeFiles/host.dir/D_/YQRepos/pico/pico-sdk/src/rp2_common/pico_stdio_usb/reset_interface.c.obj
 .text.resetd_reset
                0x10003268        0xc CMakeFiles/host.dir/D_/YQRepos/pico/pico-sdk/src/rp2_common/pico_stdio_usb/reset_interface.c.obj
 .text.resetd_open
                0x10003274       0x28 CMakeFiles/host.dir/D_/YQRepos/pico/pico-sdk/src/rp2_common/pico_stdio_usb/reset_interface.c.obj
 .text.resetd_xfer_cb
                0x1000329c        0x4 CMakeFiles/host.dir/D_/YQRepos/pico/pico-sdk/src/rp2_common/pico_stdio_usb/reset_interface.c.obj
 .text.resetd_control_xfer_cb
                0x100032a0       0x64 CMakeFiles/host.dir/D_/YQRepos/pico/pico-sdk/src/rp2_common/pico_stdio_usb/reset_interface.c.obj
 .text.usbd_app_driver_get_cb
                0x10003304        0xc CMakeFiles/host.dir/D_/YQRepos/pico/pico-sdk/src/rp2_common/pico_stdio_usb/reset_interface.c.obj
                0x10003304                usbd_app_driver_get_cb
 .text.tud_cdc_line_coding_cb
                0x10003310       0x34 CMakeFiles/host.dir/D_/YQRepos/pico/pico-sdk/src/rp2_common/pico_stdio_usb/reset_interface.c.obj
                0x10003310                tud_cdc_line_coding_cb
 .text.stdio_usb_set_chars_available_callback
                0x10003344       0x14 CMakeFiles/host.dir/D_/YQRepos/pico/pico-sdk/src/rp2_common/pico_stdio_usb/stdio_usb.c.obj
                0x10003344                stdio_usb_set_chars_available_callback
 .text.usb_irq  0x10003358       0x10 CMakeFiles/host.dir/D_/YQRepos/pico/pico-sdk/src/rp2_common/pico_stdio_usb/stdio_usb.c.obj
 .text.timer_task
                0x10003368       0x54 CMakeFiles/host.dir/D_/YQRepos/pico/pico-sdk/src/rp2_common/pico_stdio_usb/stdio_usb.c.obj
 .text.stdio_usb_in_chars
                0x100033bc       0x90 CMakeFiles/host.dir/D_/YQRepos/pico/pico-sdk/src/rp2_common/pico_stdio_usb/stdio_usb.c.obj
                0x100033bc                stdio_usb_in_chars
 .text.stdio_usb_out_chars
                0x1000344c      0x100 CMakeFiles/host.dir/D_/YQRepos/pico/pico-sdk/src/rp2_common/pico_stdio_usb/stdio_usb.c.obj
 .text.low_priority_worker_irq
                0x1000354c       0xa8 CMakeFiles/host.dir/D_/YQRepos/pico/pico-sdk/src/rp2_common/pico_stdio_usb/stdio_usb.c.obj
 .text.tud_cdc_rx_cb
                0x100035f4       0x20 CMakeFiles/host.dir/D_/YQRepos/pico/pico-sdk/src/rp2_common/pico_stdio_usb/stdio_usb.c.obj
                0x100035f4                tud_cdc_rx_cb
 .text.stdio_usb_init
                0x10003614       0xdc CMakeFiles/host.dir/D_/YQRepos/pico/pico-sdk/src/rp2_common/pico_stdio_usb/stdio_usb.c.obj
                0x10003614                stdio_usb_init
 .text.tud_descriptor_device_cb
                0x100036f0        0x8 CMakeFiles/host.dir/D_/YQRepos/pico/pico-sdk/src/rp2_common/pico_stdio_usb/stdio_usb_descriptors.c.obj
                0x100036f0                tud_descriptor_device_cb
 .text.tud_descriptor_configuration_cb
                0x100036f8        0x8 CMakeFiles/host.dir/D_/YQRepos/pico/pico-sdk/src/rp2_common/pico_stdio_usb/stdio_usb_descriptors.c.obj
                0x100036f8                tud_descriptor_configuration_cb
 .text.tud_descriptor_string_cb
                0x10003700       0x74 CMakeFiles/host.dir/D_/YQRepos/pico/pico-sdk/src/rp2_common/pico_stdio_usb/stdio_usb_descriptors.c.obj
                0x10003700                tud_descriptor_string_cb
 .text.startup._retrieve_unique_id_on_boot
                0x10003774       0x10 CMakeFiles/host.dir/D_/YQRepos/pico/pico-sdk/src/rp2_common/pico_unique_id/unique_id.c.obj
 .text.pico_get_unique_board_id_string
                0x10003784      0x1a8 CMakeFiles/host.dir/D_/YQRepos/pico/pico-sdk/src/rp2_common/pico_unique_id/unique_id.c.obj
                0x10003784                pico_get_unique_board_id_string
 .text.flash_get_unique_id
                0x1000392c       0x40 CMakeFiles/host.dir/D_/YQRepos/pico/pico-sdk/src/rp2_common/hardware_flash/flash.c.obj
                0x1000392c                flash_get_unique_id
 .text.dcd_int_enable
                0x1000396c        0xc CMakeFiles/host.dir/D_/YQRepos/pico/pico-sdk/lib/tinyusb/src/portable/raspberrypi/rp2040/dcd_rp2040.c.obj
                0x1000396c                dcd_int_enable
 .text.dcd_set_address
                0x10003978       0x14 CMakeFiles/host.dir/D_/YQRepos/pico/pico-sdk/lib/tinyusb/src/portable/raspberrypi/rp2040/dcd_rp2040.c.obj
                0x10003978                dcd_set_address
 .text.dcd_connect
                0x1000398c       0x10 CMakeFiles/host.dir/D_/YQRepos/pico/pico-sdk/lib/tinyusb/src/portable/raspberrypi/rp2040/dcd_rp2040.c.obj
                0x1000398c                dcd_connect
 .text.dcd_init
                0x1000399c       0x98 CMakeFiles/host.dir/D_/YQRepos/pico/pico-sdk/lib/tinyusb/src/portable/raspberrypi/rp2040/dcd_rp2040.c.obj
                0x1000399c                dcd_init
 .text.dcd_edpt0_status_complete
                0x10003a34       0x1c CMakeFiles/host.dir/D_/YQRepos/pico/pico-sdk/lib/tinyusb/src/portable/raspberrypi/rp2040/dcd_rp2040.c.obj
                0x10003a34                dcd_edpt0_status_complete
 .text.dcd_edpt_open
                0x10003a50      0x108 CMakeFiles/host.dir/D_/YQRepos/pico/pico-sdk/lib/tinyusb/src/portable/raspberrypi/rp2040/dcd_rp2040.c.obj
                0x10003a50                dcd_edpt_open
 .text.dcd_edpt_close_all
                0x10003b58        0x8 CMakeFiles/host.dir/D_/YQRepos/pico/pico-sdk/lib/tinyusb/src/portable/raspberrypi/rp2040/dcd_rp2040.c.obj
                0x10003b58                dcd_edpt_close_all
 .text.dcd_edpt_xfer
                0x10003b60       0x24 CMakeFiles/host.dir/D_/YQRepos/pico/pico-sdk/lib/tinyusb/src/portable/raspberrypi/rp2040/dcd_rp2040.c.obj
                0x10003b60                dcd_edpt_xfer
 .text.dcd_edpt_stall
                0x10003b84       0x38 CMakeFiles/host.dir/D_/YQRepos/pico/pico-sdk/lib/tinyusb/src/portable/raspberrypi/rp2040/dcd_rp2040.c.obj
                0x10003b84                dcd_edpt_stall
 .text.dcd_edpt_clear_stall
                0x10003bbc       0x30 CMakeFiles/host.dir/D_/YQRepos/pico/pico-sdk/lib/tinyusb/src/portable/raspberrypi/rp2040/dcd_rp2040.c.obj
                0x10003bbc                dcd_edpt_clear_stall
 .text.rp2040_usb_init
                0x10003bec       0x4c CMakeFiles/host.dir/D_/YQRepos/pico/pico-sdk/lib/tinyusb/src/portable/raspberrypi/rp2040/rp2040_usb.c.obj
                0x10003bec                rp2040_usb_init
 .text.hw_endpoint_xfer_start
                0x10003c38       0x50 CMakeFiles/host.dir/D_/YQRepos/pico/pico-sdk/lib/tinyusb/src/portable/raspberrypi/rp2040/rp2040_usb.c.obj
                0x10003c38                hw_endpoint_xfer_start
 .text.tud_mounted
                0x10003c88       0x10 CMakeFiles/host.dir/D_/YQRepos/pico/pico-sdk/lib/tinyusb/src/device/usbd.c.obj
                0x10003c88                tud_mounted
 .text.tud_suspended
                0x10003c98       0x10 CMakeFiles/host.dir/D_/YQRepos/pico/pico-sdk/lib/tinyusb/src/device/usbd.c.obj
                0x10003c98                tud_suspended
 .text.tud_inited
                0x10003ca8       0x14 CMakeFiles/host.dir/D_/YQRepos/pico/pico-sdk/lib/tinyusb/src/device/usbd.c.obj
                0x10003ca8                tud_inited
 .text.tud_init
                0x10003cbc       0xe4 CMakeFiles/host.dir/D_/YQRepos/pico/pico-sdk/lib/tinyusb/src/device/usbd.c.obj
                0x10003cbc                tud_init
 .text.tud_task_ext
                0x10003da0      0x854 CMakeFiles/host.dir/D_/YQRepos/pico/pico-sdk/lib/tinyusb/src/device/usbd.c.obj
                0x10003da0                tud_task_ext
 .text.usbd_open_edpt_pair
                0x100045f4       0x9c CMakeFiles/host.dir/D_/YQRepos/pico/pico-sdk/lib/tinyusb/src/device/usbd.c.obj
                0x100045f4                usbd_open_edpt_pair
 .text.usbd_defer_func
                0x10004690       0x48 CMakeFiles/host.dir/D_/YQRepos/pico/pico-sdk/lib/tinyusb/src/device/usbd.c.obj
                0x10004690                usbd_defer_func
 .text.usbd_edpt_open
                0x100046d8       0x34 CMakeFiles/host.dir/D_/YQRepos/pico/pico-sdk/lib/tinyusb/src/device/usbd.c.obj
                0x100046d8                usbd_edpt_open
 .text.usbd_edpt_claim
                0x1000470c       0x28 CMakeFiles/host.dir/D_/YQRepos/pico/pico-sdk/lib/tinyusb/src/device/usbd.c.obj
                0x1000470c                usbd_edpt_claim
 .text.usbd_edpt_release
                0x10004734       0x28 CMakeFiles/host.dir/D_/YQRepos/pico/pico-sdk/lib/tinyusb/src/device/usbd.c.obj
                0x10004734                usbd_edpt_release
 .text.usbd_edpt_xfer
                0x1000475c       0x4c CMakeFiles/host.dir/D_/YQRepos/pico/pico-sdk/lib/tinyusb/src/device/usbd.c.obj
                0x1000475c                usbd_edpt_xfer
 .text.tud_control_status
                0x100047a8       0x30 CMakeFiles/host.dir/D_/YQRepos/pico/pico-sdk/lib/tinyusb/src/device/usbd_control.c.obj
                0x100047a8                tud_control_status
 .text.tud_control_xfer
                0x100047d8       0xbc CMakeFiles/host.dir/D_/YQRepos/pico/pico-sdk/lib/tinyusb/src/device/usbd_control.c.obj
                0x100047d8                tud_control_xfer
 .text.usbd_control_reset
                0x10004894       0x14 CMakeFiles/host.dir/D_/YQRepos/pico/pico-sdk/lib/tinyusb/src/device/usbd_control.c.obj
                0x10004894                usbd_control_reset
 .text.usbd_control_set_complete_callback
                0x100048a8        0xc CMakeFiles/host.dir/D_/YQRepos/pico/pico-sdk/lib/tinyusb/src/device/usbd_control.c.obj
                0x100048a8                usbd_control_set_complete_callback
 .text.usbd_control_set_request
                0x100048b4       0x1c CMakeFiles/host.dir/D_/YQRepos/pico/pico-sdk/lib/tinyusb/src/device/usbd_control.c.obj
                0x100048b4                usbd_control_set_request
 .text.usbd_control_xfer_cb
                0x100048d0       0xfc CMakeFiles/host.dir/D_/YQRepos/pico/pico-sdk/lib/tinyusb/src/device/usbd_control.c.obj
                0x100048d0                usbd_control_xfer_cb
 .text.tud_cdc_n_connected
                0x100049cc       0x30 CMakeFiles/host.dir/D_/YQRepos/pico/pico-sdk/lib/tinyusb/src/class/cdc/cdc_device.c.obj
                0x100049cc                tud_cdc_n_connected
 .text.tud_cdc_n_available
                0x100049fc       0x18 CMakeFiles/host.dir/D_/YQRepos/pico/pico-sdk/lib/tinyusb/src/class/cdc/cdc_device.c.obj
                0x100049fc                tud_cdc_n_available
 .text.tud_cdc_n_read
                0x10004a14       0x70 CMakeFiles/host.dir/D_/YQRepos/pico/pico-sdk/lib/tinyusb/src/class/cdc/cdc_device.c.obj
                0x10004a14                tud_cdc_n_read
 .text.tud_cdc_n_read_flush
                0x10004a84       0x5c CMakeFiles/host.dir/D_/YQRepos/pico/pico-sdk/lib/tinyusb/src/class/cdc/cdc_device.c.obj
                0x10004a84                tud_cdc_n_read_flush
 .text.tud_cdc_n_write_flush
                0x10004ae0       0x78 CMakeFiles/host.dir/D_/YQRepos/pico/pico-sdk/lib/tinyusb/src/class/cdc/cdc_device.c.obj
                0x10004ae0                tud_cdc_n_write_flush
 .text.tud_cdc_n_write
                0x10004b58       0x34 CMakeFiles/host.dir/D_/YQRepos/pico/pico-sdk/lib/tinyusb/src/class/cdc/cdc_device.c.obj
                0x10004b58                tud_cdc_n_write
 .text.tud_cdc_n_write_available
                0x10004b8c       0x18 CMakeFiles/host.dir/D_/YQRepos/pico/pico-sdk/lib/tinyusb/src/class/cdc/cdc_device.c.obj
                0x10004b8c                tud_cdc_n_write_available
 .text.cdcd_init
                0x10004ba4       0x7c CMakeFiles/host.dir/D_/YQRepos/pico/pico-sdk/lib/tinyusb/src/class/cdc/cdc_device.c.obj
                0x10004ba4                cdcd_init
 .text.cdcd_reset
                0x10004c20       0x2c CMakeFiles/host.dir/D_/YQRepos/pico/pico-sdk/lib/tinyusb/src/class/cdc/cdc_device.c.obj
                0x10004c20                cdcd_reset
 .text.cdcd_open
                0x10004c4c       0xe8 CMakeFiles/host.dir/D_/YQRepos/pico/pico-sdk/lib/tinyusb/src/class/cdc/cdc_device.c.obj
                0x10004c4c                cdcd_open
 .text.cdcd_control_xfer_cb
                0x10004d34       0xe4 CMakeFiles/host.dir/D_/YQRepos/pico/pico-sdk/lib/tinyusb/src/class/cdc/cdc_device.c.obj
                0x10004d34                cdcd_control_xfer_cb
 .text.cdcd_xfer_cb
                0x10004e18      0x148 CMakeFiles/host.dir/D_/YQRepos/pico/pico-sdk/lib/tinyusb/src/class/cdc/cdc_device.c.obj
                0x10004e18                cdcd_xfer_cb
 .text.tusb_init
                0x10004f60        0xc CMakeFiles/host.dir/D_/YQRepos/pico/pico-sdk/lib/tinyusb/src/tusb.c.obj
                0x10004f60                tusb_init
 .text.tusb_inited
                0x10004f6c        0x8 CMakeFiles/host.dir/D_/YQRepos/pico/pico-sdk/lib/tinyusb/src/tusb.c.obj
                0x10004f6c                tusb_inited
 .text.tu_edpt_claim
                0x10004f74       0x50 CMakeFiles/host.dir/D_/YQRepos/pico/pico-sdk/lib/tinyusb/src/tusb.c.obj
                0x10004f74                tu_edpt_claim
 .text.tu_edpt_release
                0x10004fc4       0x38 CMakeFiles/host.dir/D_/YQRepos/pico/pico-sdk/lib/tinyusb/src/tusb.c.obj
                0x10004fc4                tu_edpt_release
 .text.tu_edpt_validate
                0x10004ffc       0x78 CMakeFiles/host.dir/D_/YQRepos/pico/pico-sdk/lib/tinyusb/src/tusb.c.obj
                0x10004ffc                tu_edpt_validate
 .text.tu_edpt_bind_driver
                0x10005074       0x34 CMakeFiles/host.dir/D_/YQRepos/pico/pico-sdk/lib/tinyusb/src/tusb.c.obj
                0x10005074                tu_edpt_bind_driver
 .text.tu_fifo_config
                0x100050a8       0x70 CMakeFiles/host.dir/D_/YQRepos/pico/pico-sdk/lib/tinyusb/src/common/tusb_fifo.c.obj
                0x100050a8                tu_fifo_config
 .text.tu_fifo_count
                0x10005118       0x2c CMakeFiles/host.dir/D_/YQRepos/pico/pico-sdk/lib/tinyusb/src/common/tusb_fifo.c.obj
                0x10005118                tu_fifo_count
 .text.tu_fifo_empty
                0x10005144       0x10 CMakeFiles/host.dir/D_/YQRepos/pico/pico-sdk/lib/tinyusb/src/common/tusb_fifo.c.obj
                0x10005144                tu_fifo_empty
 .text.tu_fifo_remaining
                0x10005154       0x2c CMakeFiles/host.dir/D_/YQRepos/pico/pico-sdk/lib/tinyusb/src/common/tusb_fifo.c.obj
                0x10005154                tu_fifo_remaining
 .text.tu_fifo_read
                0x10005180       0xa0 CMakeFiles/host.dir/D_/YQRepos/pico/pico-sdk/lib/tinyusb/src/common/tusb_fifo.c.obj
                0x10005180                tu_fifo_read
 .text.tu_fifo_read_n
                0x10005220       0xec CMakeFiles/host.dir/D_/YQRepos/pico/pico-sdk/lib/tinyusb/src/common/tusb_fifo.c.obj
                0x10005220                tu_fifo_read_n
 .text.tu_fifo_write
                0x1000530c       0x88 CMakeFiles/host.dir/D_/YQRepos/pico/pico-sdk/lib/tinyusb/src/common/tusb_fifo.c.obj
                0x1000530c                tu_fifo_write
 .text.tu_fifo_write_n
                0x10005394      0x168 CMakeFiles/host.dir/D_/YQRepos/pico/pico-sdk/lib/tinyusb/src/common/tusb_fifo.c.obj
                0x10005394                tu_fifo_write_n
 .text.tu_fifo_clear
                0x100054fc       0x40 CMakeFiles/host.dir/D_/YQRepos/pico/pico-sdk/lib/tinyusb/src/common/tusb_fifo.c.obj
                0x100054fc                tu_fifo_clear
 .text.tu_fifo_set_overwritable
                0x1000553c       0x48 CMakeFiles/host.dir/D_/YQRepos/pico/pico-sdk/lib/tinyusb/src/common/tusb_fifo.c.obj
                0x1000553c                tu_fifo_set_overwritable
 .text.malloc   0x10005584       0x14 c:/progra~2/gnuarm~1/102021~1.10/bin/../lib/gcc/arm-none-eabi/10.3.1/../../../../arm-none-eabi/lib/thumb/v6-m/nofp\libc.a(lib_a-malloc.o)
                0x10005584                malloc
 .text._malloc_r
                0x10005598      0x584 c:/progra~2/gnuarm~1/102021~1.10/bin/../lib/gcc/arm-none-eabi/10.3.1/../../../../arm-none-eabi/lib/thumb/v6-m/nofp\libc.a(lib_a-mallocr.o)
                0x10005598                _malloc_r
 .text.__malloc_lock
                0x10005b1c       0x10 c:/progra~2/gnuarm~1/102021~1.10/bin/../lib/gcc/arm-none-eabi/10.3.1/../../../../arm-none-eabi/lib/thumb/v6-m/nofp\libc.a(lib_a-mlock.o)
                0x10005b1c                __malloc_lock
 .text.__malloc_unlock
                0x10005b2c       0x10 c:/progra~2/gnuarm~1/102021~1.10/bin/../lib/gcc/arm-none-eabi/10.3.1/../../../../arm-none-eabi/lib/thumb/v6-m/nofp\libc.a(lib_a-mlock.o)
                0x10005b2c                __malloc_unlock
 .text._sbrk_r  0x10005b3c       0x24 c:/progra~2/gnuarm~1/102021~1.10/bin/../lib/gcc/arm-none-eabi/10.3.1/../../../../arm-none-eabi/lib/thumb/v6-m/nofp\libc.a(lib_a-sbrkr.o)
                0x10005b3c                _sbrk_r
 .text.strlen   0x10005b60       0x5c c:/progra~2/gnuarm~1/102021~1.10/bin/../lib/gcc/arm-none-eabi/10.3.1/../../../../arm-none-eabi/lib/thumb/v6-m/nofp\libc.a(lib_a-strlen-stub.o)
                0x10005b60                strlen
 .text._malloc_trim_r
                0x10005bbc       0x9c c:/progra~2/gnuarm~1/102021~1.10/bin/../lib/gcc/arm-none-eabi/10.3.1/../../../../arm-none-eabi/lib/thumb/v6-m/nofp\libc.a(lib_a-freer.o)
                0x10005bbc                _malloc_trim_r
 .text._free_r  0x10005c58      0x1c4 c:/progra~2/gnuarm~1/102021~1.10/bin/../lib/gcc/arm-none-eabi/10.3.1/../../../../arm-none-eabi/lib/thumb/v6-m/nofp\libc.a(lib_a-freer.o)
                0x10005c58                _free_r
 .text.__retarget_lock_acquire_recursive
                0x10005e1c        0x4 c:/progra~2/gnuarm~1/102021~1.10/bin/../lib/gcc/arm-none-eabi/10.3.1/../../../../arm-none-eabi/lib/thumb/v6-m/nofp\libc.a(lib_a-lock.o)
                0x10005e1c                __retarget_lock_acquire_recursive
 .text.__retarget_lock_release_recursive
                0x10005e20        0x4 c:/progra~2/gnuarm~1/102021~1.10/bin/../lib/gcc/arm-none-eabi/10.3.1/../../../../arm-none-eabi/lib/thumb/v6-m/nofp\libc.a(lib_a-lock.o)
                0x10005e20                __retarget_lock_release_recursive
 *(.fini)
 .fini          0x10005e24        0x4 c:/progra~2/gnuarm~1/102021~1.10/bin/../lib/gcc/arm-none-eabi/10.3.1/thumb/v6-m/nofp/crti.o
                0x10005e24                _fini
 .fini.__stub   0x10005e28       0xd0 linker stubs
 *crtbegin.o(.ctors)
 *crtbegin?.o(.ctors)
 *(EXCLUDE_FILE(*crtend.o *crtend?.o) .ctors)
 *(SORT_BY_NAME(.ctors.*))
 *(.ctors)
 *crtbegin.o(.dtors)
 *crtbegin?.o(.dtors)
 *(EXCLUDE_FILE(*crtend.o *crtend?.o) .dtors)
 *(SORT_BY_NAME(.dtors.*))
 *(.dtors)
 *(.eh_frame*)
 .eh_frame      0x10005ef8        0x0 c:/progra~2/gnuarm~1/102021~1.10/bin/../lib/gcc/arm-none-eabi/10.3.1/thumb/v6-m/nofp/crtbegin.o
                0x10005ef8                . = ALIGN (0x4)

.glue_7         0x10005ef8        0x0
 .glue_7        0x10005ef8        0x0 linker stubs

.glue_7t        0x10005ef8        0x0
 .glue_7t       0x10005ef8        0x0 linker stubs

.vfp11_veneer   0x10005ef8        0x0
 .vfp11_veneer  0x10005ef8        0x0 linker stubs

.v4_bx          0x10005ef8        0x0
 .v4_bx         0x10005ef8        0x0 linker stubs

.iplt           0x10005ef8        0x0
 .iplt          0x10005ef8        0x0 c:/progra~2/gnuarm~1/102021~1.10/bin/../lib/gcc/arm-none-eabi/10.3.1/thumb/v6-m/nofp/crtbegin.o

.rodata         0x10005ef8      0x2fc
 *(EXCLUDE_FILE(*libm.a: *libc.a:*lib_a-mem*.o *libgcc.a:) .rodata*)
 .rodata.process_message
                0x10005ef8       0x1c CMakeFiles/host.dir/tud_cdc_descript.c.obj
 .rodata.spin_lock_claim_unused.str1.4
                0x10005f14       0x1b CMakeFiles/host.dir/D_/YQRepos/pico/pico-sdk/src/rp2_common/hardware_sync/sync.c.obj
 *fill*         0x10005f2f        0x1 
 .rodata.user_irq_claim_unused.str1.4
                0x10005f30       0x1b CMakeFiles/host.dir/D_/YQRepos/pico/pico-sdk/src/rp2_common/hardware_irq/irq.c.obj
 *fill*         0x10005f4b        0x1 
 .rodata.hardware_alarm_claim.str1.4
                0x10005f4c       0x22 CMakeFiles/host.dir/D_/YQRepos/pico/pico-sdk/src/rp2_common/hardware_timer/timer.c.obj
 *fill*         0x10005f6e        0x2 
 .rodata.panic.str1.4
                0x10005f70       0x12 CMakeFiles/host.dir/D_/YQRepos/pico/pico-sdk/src/rp2_common/pico_runtime/runtime.c.obj
 *fill*         0x10005f82        0x2 
 .rodata.hard_assertion_failure.str1.4
                0x10005f84        0xc CMakeFiles/host.dir/D_/YQRepos/pico/pico-sdk/src/rp2_common/pico_runtime/runtime.c.obj
 .rodata.__wrap_malloc.str1.4
                0x10005f90        0xe CMakeFiles/host.dir/D_/YQRepos/pico/pico-sdk/src/rp2_common/pico_malloc/pico_malloc.c.obj
 *fill*         0x10005f9e        0x2 
 .rodata.str1.4
                0x10005fa0       0x3c CMakeFiles/host.dir/D_/YQRepos/pico/pico-sdk/src/rp2_common/pico_standard_link/binary_info.c.obj
 .rodata.__bi_44
                0x10005fdc        0xc CMakeFiles/host.dir/D_/YQRepos/pico/pico-sdk/src/rp2_common/pico_standard_link/binary_info.c.obj
 .rodata.__bi_75
                0x10005fe8        0xc CMakeFiles/host.dir/D_/YQRepos/pico/pico-sdk/src/rp2_common/pico_standard_link/binary_info.c.obj
 .rodata.__bi_81
                0x10005ff4        0xc CMakeFiles/host.dir/D_/YQRepos/pico/pico-sdk/src/rp2_common/pico_standard_link/binary_info.c.obj
 .rodata.crlf_str.0
                0x10006000        0x2 CMakeFiles/host.dir/D_/YQRepos/pico/pico-sdk/src/rp2_common/pico_stdio/stdio.c.obj
 *fill*         0x10006002        0x2 
 .rodata._resetd_driver
                0x10006004       0x18 CMakeFiles/host.dir/D_/YQRepos/pico/pico-sdk/src/rp2_common/pico_stdio_usb/reset_interface.c.obj
 .rodata.str1.4
                0x1000601c       0x13 CMakeFiles/host.dir/D_/YQRepos/pico/pico-sdk/src/rp2_common/pico_stdio_usb/stdio_usb.c.obj
 *fill*         0x1000602f        0x1 
 .rodata.__bi_188.0
                0x10006030        0xc CMakeFiles/host.dir/D_/YQRepos/pico/pico-sdk/src/rp2_common/pico_stdio_usb/stdio_usb.c.obj
 .rodata.str1.4
                0x1000603c       0x2a CMakeFiles/host.dir/D_/YQRepos/pico/pico-sdk/src/rp2_common/pico_stdio_usb/stdio_usb_descriptors.c.obj
 *fill*         0x10006066        0x2 
 .rodata.usbd_desc_cfg
                0x10006068       0x54 CMakeFiles/host.dir/D_/YQRepos/pico/pico-sdk/src/rp2_common/pico_stdio_usb/stdio_usb_descriptors.c.obj
 .rodata.usbd_desc_device
                0x100060bc       0x12 CMakeFiles/host.dir/D_/YQRepos/pico/pico-sdk/src/rp2_common/pico_stdio_usb/stdio_usb_descriptors.c.obj
 *fill*         0x100060ce        0x2 
 .rodata.usbd_desc_str
                0x100060d0       0x18 CMakeFiles/host.dir/D_/YQRepos/pico/pico-sdk/src/rp2_common/pico_stdio_usb/stdio_usb_descriptors.c.obj
 .rodata.str1.4
                0x100060e8       0x14 CMakeFiles/host.dir/D_/YQRepos/pico/pico-sdk/lib/tinyusb/src/portable/raspberrypi/rp2040/dcd_rp2040.c.obj
 .rodata.str1.4
                0x100060fc       0x53 CMakeFiles/host.dir/D_/YQRepos/pico/pico-sdk/lib/tinyusb/src/portable/raspberrypi/rp2040/rp2040_usb.c.obj
 *fill*         0x1000614f        0x1 
 .rodata.tud_task_ext
                0x10006150       0x8c CMakeFiles/host.dir/D_/YQRepos/pico/pico-sdk/lib/tinyusb/src/device/usbd.c.obj
 .rodata._usbd_driver
                0x100061dc       0x18 CMakeFiles/host.dir/D_/YQRepos/pico/pico-sdk/lib/tinyusb/src/device/usbd.c.obj
                0x100061f4                . = ALIGN (0x4)
 *(SORT_BY_ALIGNMENT(SORT_BY_NAME(.flashdata*)))
                0x100061f4                . = ALIGN (0x4)

.rel.dyn        0x100061f4        0x0
 .rel.iplt      0x100061f4        0x0 c:/progra~2/gnuarm~1/102021~1.10/bin/../lib/gcc/arm-none-eabi/10.3.1/thumb/v6-m/nofp/crtbegin.o

.ARM.extab
 *(.ARM.extab* .gnu.linkonce.armextab.*)
                0x100061f4                __exidx_start = .

.ARM.exidx
 *(.ARM.exidx* .gnu.linkonce.armexidx.*)
                0x100061f4                __exidx_end = .
                0x100061f4                . = ALIGN (0x4)
                0x100061f4                __binary_info_start = .

.binary_info    0x100061f4       0x20
 *(.binary_info.keep.*)
 .binary_info.keep.__bi_ptr22
                0x100061f4        0x4 CMakeFiles/host.dir/D_/YQRepos/pico/pico-sdk/src/rp2_common/pico_standard_link/binary_info.c.obj
 .binary_info.keep.__bi_ptr30
                0x100061f8        0x4 CMakeFiles/host.dir/D_/YQRepos/pico/pico-sdk/src/rp2_common/pico_standard_link/binary_info.c.obj
 .binary_info.keep.__bi_ptr38
                0x100061fc        0x4 CMakeFiles/host.dir/D_/YQRepos/pico/pico-sdk/src/rp2_common/pico_standard_link/binary_info.c.obj
 .binary_info.keep.__bi_ptr44
                0x10006200        0x4 CMakeFiles/host.dir/D_/YQRepos/pico/pico-sdk/src/rp2_common/pico_standard_link/binary_info.c.obj
 .binary_info.keep.__bi_ptr50
                0x10006204        0x4 CMakeFiles/host.dir/D_/YQRepos/pico/pico-sdk/src/rp2_common/pico_standard_link/binary_info.c.obj
 .binary_info.keep.__bi_ptr75
                0x10006208        0x4 CMakeFiles/host.dir/D_/YQRepos/pico/pico-sdk/src/rp2_common/pico_standard_link/binary_info.c.obj
 .binary_info.keep.__bi_ptr81
                0x1000620c        0x4 CMakeFiles/host.dir/D_/YQRepos/pico/pico-sdk/src/rp2_common/pico_standard_link/binary_info.c.obj
 *(.binary_info.*)
 .binary_info.__bi_ptr188
                0x10006210        0x4 CMakeFiles/host.dir/D_/YQRepos/pico/pico-sdk/src/rp2_common/pico_stdio_usb/stdio_usb.c.obj
                0x10006214                __binary_info_end = .
                0x10006214                . = ALIGN (0x4)
                0x10006214                __etext = .

.ram_vector_table
                0x20000000       0xc0
 *(.ram_vector_table)
 .ram_vector_table
                0x20000000       0xc0 CMakeFiles/host.dir/D_/YQRepos/pico/pico-sdk/src/rp2_common/pico_runtime/runtime.c.obj
                0x20000000                ram_vector_table

.data           0x200000c0     0x1770 load address 0x10006214
                0x200000c0                __data_start__ = .
 *(vtable)
 *(.time_critical*)
 .time_critical.mutex_try_enter
                0x200000c0       0x44 CMakeFiles/host.dir/D_/YQRepos/pico/pico-sdk/src/common/pico_sync/mutex.c.obj
                0x200000c0                mutex_try_enter
 .time_critical.mutex_try_enter_block_until
                0x20000104       0x9c CMakeFiles/host.dir/D_/YQRepos/pico/pico-sdk/src/common/pico_sync/mutex.c.obj
                0x20000104                mutex_try_enter_block_until
 .time_critical.mutex_enter_timeout_ms
                0x200001a0       0x90 CMakeFiles/host.dir/D_/YQRepos/pico/pico-sdk/src/common/pico_sync/mutex.c.obj
                0x200001a0                mutex_enter_timeout_ms
 .time_critical.mutex_exit
                0x20000230       0x28 CMakeFiles/host.dir/D_/YQRepos/pico/pico-sdk/src/common/pico_sync/mutex.c.obj
                0x20000230                mutex_exit
 .time_critical.flash_init_boot2_copyout
                0x20000258       0x30 CMakeFiles/host.dir/D_/YQRepos/pico/pico-sdk/src/rp2_common/hardware_flash/flash.c.obj
 .time_critical.flash_enable_xip_via_boot2
                0x20000288       0x10 CMakeFiles/host.dir/D_/YQRepos/pico/pico-sdk/src/rp2_common/hardware_flash/flash.c.obj
 .time_critical.flash_cs_force
                0x20000298       0x38 CMakeFiles/host.dir/D_/YQRepos/pico/pico-sdk/src/rp2_common/hardware_flash/flash.c.obj
 .time_critical.flash_do_cmd
                0x200002d0       0xc4 CMakeFiles/host.dir/D_/YQRepos/pico/pico-sdk/src/rp2_common/hardware_flash/flash.c.obj
                0x200002d0                flash_do_cmd
 .time_critical.reset_non_control_endpoints
                0x20000394       0xbc CMakeFiles/host.dir/D_/YQRepos/pico/pico-sdk/lib/tinyusb/src/portable/raspberrypi/rp2040/dcd_rp2040.c.obj
 .time_critical.hw_handle_buff_status
                0x20000450       0xa8 CMakeFiles/host.dir/D_/YQRepos/pico/pico-sdk/lib/tinyusb/src/portable/raspberrypi/rp2040/dcd_rp2040.c.obj
 .time_critical.dcd_rp2040_irq
                0x200004f8      0x4d8 CMakeFiles/host.dir/D_/YQRepos/pico/pico-sdk/lib/tinyusb/src/portable/raspberrypi/rp2040/dcd_rp2040.c.obj
 .time_critical.e15_is_bulkin_ep
                0x200009d0       0x28 CMakeFiles/host.dir/D_/YQRepos/pico/pico-sdk/lib/tinyusb/src/portable/raspberrypi/rp2040/rp2040_usb.c.obj
 .time_critical.e15_is_critical_frame_period
                0x200009f8       0x34 CMakeFiles/host.dir/D_/YQRepos/pico/pico-sdk/lib/tinyusb/src/portable/raspberrypi/rp2040/rp2040_usb.c.obj
 .time_critical.prepare_ep_buffer
                0x20000a2c       0x70 CMakeFiles/host.dir/D_/YQRepos/pico/pico-sdk/lib/tinyusb/src/portable/raspberrypi/rp2040/rp2040_usb.c.obj
 .time_critical.sync_ep_buffer
                0x20000a9c       0x4c CMakeFiles/host.dir/D_/YQRepos/pico/pico-sdk/lib/tinyusb/src/portable/raspberrypi/rp2040/rp2040_usb.c.obj
 .time_critical._hw_endpoint_xfer_sync
                0x20000ae8       0x28 CMakeFiles/host.dir/D_/YQRepos/pico/pico-sdk/lib/tinyusb/src/portable/raspberrypi/rp2040/rp2040_usb.c.obj
 .time_critical.hw_endpoint_reset_transfer
                0x20000b10        0xc CMakeFiles/host.dir/D_/YQRepos/pico/pico-sdk/lib/tinyusb/src/portable/raspberrypi/rp2040/rp2040_usb.c.obj
                0x20000b10                hw_endpoint_reset_transfer
 .time_critical._hw_endpoint_buffer_control_update32
                0x20000b1c       0x58 CMakeFiles/host.dir/D_/YQRepos/pico/pico-sdk/lib/tinyusb/src/portable/raspberrypi/rp2040/rp2040_usb.c.obj
                0x20000b1c                _hw_endpoint_buffer_control_update32
 .time_critical.hw_endpoint_start_next_buffer
                0x20000b74       0x6c CMakeFiles/host.dir/D_/YQRepos/pico/pico-sdk/lib/tinyusb/src/portable/raspberrypi/rp2040/rp2040_usb.c.obj
                0x20000b74                hw_endpoint_start_next_buffer
 .time_critical.hw_endpoint_xfer_continue
                0x20000be0       0x50 CMakeFiles/host.dir/D_/YQRepos/pico/pico-sdk/lib/tinyusb/src/portable/raspberrypi/rp2040/rp2040_usb.c.obj
                0x20000be0                hw_endpoint_xfer_continue
 .time_critical.tinyusb
                0x20000c30      0x170 CMakeFiles/host.dir/D_/YQRepos/pico/pico-sdk/lib/tinyusb/src/device/usbd.c.obj
                0x20000c30                dcd_event_handler
 *(.text*)
 .text          0x20000da0        0x4 c:/progra~2/gnuarm~1/102021~1.10/bin/../lib/gcc/arm-none-eabi/10.3.1/thumb/v6-m/nofp\libgcc.a(_dvmd_tls.o)
                0x20000da0                __aeabi_idiv0
                0x20000da0                __aeabi_ldiv0
 *fill*         0x20000da4        0x4 
 .text.__stub   0x20000da8       0x70 linker stubs
                0x20000e18                . = ALIGN (0x4)
 *(.rodata*)
                0x20000e18                . = ALIGN (0x4)
 *(.data*)
 .data.ADC      0x20000e18        0x7 CMakeFiles/host.dir/tud_cdc_descript.c.obj
                0x20000e18                ADC
 *fill*         0x20000e1f        0x1 
 .data.AmbientHumidity
                0x20000e20        0x6 CMakeFiles/host.dir/tud_cdc_descript.c.obj
                0x20000e20                AmbientHumidity
 *fill*         0x20000e26        0x2 
 .data.AmbientTemp
                0x20000e28        0x6 CMakeFiles/host.dir/tud_cdc_descript.c.obj
                0x20000e28                AmbientTemp
 *fill*         0x20000e2e        0x2 
 .data.ChamberTemp
                0x20000e30        0x6 CMakeFiles/host.dir/tud_cdc_descript.c.obj
                0x20000e30                ChamberTemp
 *fill*         0x20000e36        0x2 
 .data.FIDMtemp
                0x20000e38        0x8 CMakeFiles/host.dir/tud_cdc_descript.c.obj
                0x20000e38                FIDMtemp
 .data.Touchx06
                0x20000e40       0x42 CMakeFiles/host.dir/tud_cdc_descript.c.obj
                0x20000e40                Touchx06
 *fill*         0x20000e82        0x2 
 .data.Voltage_buf
                0x20000e84        0x7 CMakeFiles/host.dir/tud_cdc_descript.c.obj
                0x20000e84                Voltage_buf
 *fill*         0x20000e8b        0x1 
 .data.Write_ACK
                0x20000e8c        0x3 CMakeFiles/host.dir/tud_cdc_descript.c.obj
                0x20000e8c                Write_ACK
 *fill*         0x20000e8f        0x1 
 .data.brightnessbacklight_buf
                0x20000e90        0x6 CMakeFiles/host.dir/tud_cdc_descript.c.obj
                0x20000e90                brightnessbacklight_buf
 *fill*         0x20000e96        0x2 
 .data.current_buf
                0x20000e98        0x7 CMakeFiles/host.dir/tud_cdc_descript.c.obj
                0x20000e98                current_buf
 *fill*         0x20000e9f        0x1 
 .data.diag_buf
                0x20000ea0        0x9 CMakeFiles/host.dir/tud_cdc_descript.c.obj
                0x20000ea0                diag_buf
 *fill*         0x20000ea9        0x7 
 .data.touch26_data
                0x20000eb0       0x20 CMakeFiles/host.dir/tud_cdc_descript.c.obj
                0x20000eb0                touch26_data
 .data.touch27_data
                0x20000ed0       0x20 CMakeFiles/host.dir/tud_cdc_descript.c.obj
                0x20000ed0                touch27_data
 .data.version_buf
                0x20000ef0        0x8 CMakeFiles/host.dir/tud_cdc_descript.c.obj
                0x20000ef0                version_buf
 .data.striped_spin_lock_num
                0x20000ef8        0x1 CMakeFiles/host.dir/D_/YQRepos/pico/pico-sdk/src/rp2_common/hardware_sync/sync.c.obj
 *fill*         0x20000ef9        0x3 
 .data          0x20000efc       0x48 CMakeFiles/host.dir/D_/YQRepos/pico/pico-sdk/src/rp2_common/hardware_irq/irq_handler_chain.S.obj
                0x20000efc                irq_handler_chain_slots
                0x20000f2c                irq_handler_chain_first_slot
                0x20000f36                irq_handler_chain_remove_tail
 .data.default_alarm_pool
                0x20000f44       0x18 CMakeFiles/host.dir/D_/YQRepos/pico/pico-sdk/src/common/pico_time/time.c.obj
 .data.default_alarm_pool_heap
                0x20000f5c       0x10 CMakeFiles/host.dir/D_/YQRepos/pico/pico-sdk/src/common/pico_time/time.c.obj
 *fill*         0x20000f6c        0x4 
 .data.aeabi_bits_funcs
                0x20000f70       0x10 CMakeFiles/host.dir/D_/YQRepos/pico/pico-sdk/src/rp2_common/pico_bit_ops/bit_ops_aeabi.S.obj
                0x20000f70                aeabi_bits_funcs
                0x20000f80                aeabi_bits_funcs_end
 .data.aeabi_mem_funcs
                0x20000f80       0x10 CMakeFiles/host.dir/D_/YQRepos/pico/pico-sdk/src/rp2_common/pico_mem_ops/mem_ops_aeabi.S.obj
                0x20000f80                aeabi_mem_funcs
                0x20000f90                aeabi_mem_funcs_end
 .data.stdio_usb
                0x20000f90       0x18 CMakeFiles/host.dir/D_/YQRepos/pico/pico-sdk/src/rp2_common/pico_stdio_usb/stdio_usb.c.obj
                0x20000f90                stdio_usb
 .data.ep_dir_string
                0x20000fa8        0x8 CMakeFiles/host.dir/D_/YQRepos/pico/pico-sdk/lib/tinyusb/src/portable/raspberrypi/rp2040/rp2040_usb.c.obj
                0x20000fa8                ep_dir_string
 .data._usbd_qdef
                0x20000fb0       0x1c CMakeFiles/host.dir/D_/YQRepos/pico/pico-sdk/lib/tinyusb/src/device/usbd.c.obj
                0x20000fb0                _usbd_qdef
 .data._usbd_rhport
                0x20000fcc        0x1 CMakeFiles/host.dir/D_/YQRepos/pico/pico-sdk/lib/tinyusb/src/device/usbd.c.obj
 *fill*         0x20000fcd        0x3 
 .data._impure_ptr
                0x20000fd0        0x4 c:/progra~2/gnuarm~1/102021~1.10/bin/../lib/gcc/arm-none-eabi/10.3.1/../../../../arm-none-eabi/lib/thumb/v6-m/nofp\libc.a(lib_a-impure.o)
                0x20000fd0                _impure_ptr
 *fill*         0x20000fd4        0x4 
 .data.impure_data
                0x20000fd8      0x428 c:/progra~2/gnuarm~1/102021~1.10/bin/../lib/gcc/arm-none-eabi/10.3.1/../../../../arm-none-eabi/lib/thumb/v6-m/nofp\libc.a(lib_a-impure.o)
 .data.__malloc_av_
                0x20001400      0x408 c:/progra~2/gnuarm~1/102021~1.10/bin/../lib/gcc/arm-none-eabi/10.3.1/../../../../arm-none-eabi/lib/thumb/v6-m/nofp\libc.a(lib_a-mallocr.o)
                0x20001400                __malloc_av_
 .data.__malloc_sbrk_base
                0x20001808        0x4 c:/progra~2/gnuarm~1/102021~1.10/bin/../lib/gcc/arm-none-eabi/10.3.1/../../../../arm-none-eabi/lib/thumb/v6-m/nofp\libc.a(lib_a-mallocr.o)
                0x20001808                __malloc_sbrk_base
 .data.__malloc_trim_threshold
                0x2000180c        0x4 c:/progra~2/gnuarm~1/102021~1.10/bin/../lib/gcc/arm-none-eabi/10.3.1/../../../../arm-none-eabi/lib/thumb/v6-m/nofp\libc.a(lib_a-mallocr.o)
                0x2000180c                __malloc_trim_threshold
                0x20001810                . = ALIGN (0x4)
 *(.after_data.*)
                0x20001810                . = ALIGN (0x4)
                0x20001810                PROVIDE (__mutex_array_start = .)
 *(SORT_BY_NAME(.mutex_array.*))
 *(.mutex_array)
 .mutex_array   0x20001810        0x8 CMakeFiles/host.dir/D_/YQRepos/pico/pico-sdk/src/rp2_common/pico_stdio/stdio.c.obj
                0x20001818                PROVIDE (__mutex_array_end = .)
                0x20001818                . = ALIGN (0x4)
                0x20001818                PROVIDE (__preinit_array_start = .)
 *(SORT_BY_NAME(.preinit_array.*))
 .preinit_array.00001
                0x20001818        0x4 CMakeFiles/host.dir/D_/YQRepos/pico/pico-sdk/src/rp2_common/pico_mem_ops/mem_ops_aeabi.S.obj
 .preinit_array.00010
                0x2000181c        0x4 CMakeFiles/host.dir/D_/YQRepos/pico/pico-sdk/src/rp2_common/pico_bit_ops/bit_ops_aeabi.S.obj
 .preinit_array.00020
                0x20001820        0x4 CMakeFiles/host.dir/D_/YQRepos/pico/pico-sdk/src/rp2_common/pico_double/double_aeabi.S.obj
 .preinit_array.00020
                0x20001824        0x4 CMakeFiles/host.dir/D_/YQRepos/pico/pico-sdk/src/rp2_common/pico_float/float_aeabi.S.obj
 *(.preinit_array)
                0x20001828                PROVIDE (__preinit_array_end = .)
                0x20001828                . = ALIGN (0x4)
                0x20001828                PROVIDE (__init_array_start = .)
 *(SORT_BY_NAME(.init_array.*))
 *(.init_array)
 .init_array    0x20001828        0x4 c:/progra~2/gnuarm~1/102021~1.10/bin/../lib/gcc/arm-none-eabi/10.3.1/thumb/v6-m/nofp/crtbegin.o
 .init_array    0x2000182c        0x4 CMakeFiles/host.dir/D_/YQRepos/pico/pico-sdk/src/rp2_common/pico_unique_id/unique_id.c.obj
                0x20001830                PROVIDE (__init_array_end = .)
                0x20001830                . = ALIGN (0x4)
                [!provide]                PROVIDE (__fini_array_start = .)
 *(SORT_BY_NAME(.fini_array.*))
 *(.fini_array)
                [!provide]                PROVIDE (__fini_array_end = .)
 *(.jcr)
                0x20001830                . = ALIGN (0x4)
                0x20001830                __data_end__ = .

.igot.plt       0x20001830        0x0 load address 0x10007984
 .igot.plt      0x20001830        0x0 c:/progra~2/gnuarm~1/102021~1.10/bin/../lib/gcc/arm-none-eabi/10.3.1/thumb/v6-m/nofp/crtbegin.o

.uninitialized_data
                0x20001830        0x0 load address 0x10007984
                0x20001830                . = ALIGN (0x4)
 *(.uninitialized_data*)

.scratch_x      0x20040000        0x0 load address 0x10007984
                0x20040000                __scratch_x_start__ = .
 *(.scratch_x.*)
                0x20040000                . = ALIGN (0x4)
                0x20040000                __scratch_x_end__ = .
                0x10007984                __scratch_x_source__ = LOADADDR (.scratch_x)

.scratch_y      0x20041000        0x0 load address 0x10007984
                0x20041000                __scratch_y_start__ = .
 *(.scratch_y.*)
                0x20041000                . = ALIGN (0x4)
                0x20041000                __scratch_y_end__ = .
                0x10007984                __scratch_y_source__ = LOADADDR (.scratch_y)

.bss            0x20001830      0xee0
                0x20001830                . = ALIGN (0x4)
                0x20001830                __bss_start__ = .
 *(SORT_BY_ALIGNMENT(SORT_BY_NAME(.bss*)))
 .bss.default_alarm_pool_entries
                0x20001830      0x100 CMakeFiles/host.dir/D_/YQRepos/pico/pico-sdk/src/common/pico_time/time.c.obj
 .bss.last_avail_time.1
                0x20001930        0x8 CMakeFiles/host.dir/D_/YQRepos/pico/pico-sdk/src/rp2_common/pico_stdio_usb/stdio_usb.c.obj
 .bss.sd_table  0x20001938      0x100 CMakeFiles/host.dir/D_/YQRepos/pico/pico-sdk/src/rp2_common/pico_double/double_init_rom.c.obj
                0x20001938                sd_table
 .bss.sf_table  0x20001a38      0x100 CMakeFiles/host.dir/D_/YQRepos/pico/pico-sdk/src/rp2_common/pico_float/float_init_rom.c.obj
                0x20001a38                sf_table
 .bss           0x20001b38       0x1c c:/progra~2/gnuarm~1/102021~1.10/bin/../lib/gcc/arm-none-eabi/10.3.1/thumb/v6-m/nofp/crtbegin.o
 .bss.__lock___malloc_recursive_mutex
                0x20001b54        0x1 c:/progra~2/gnuarm~1/102021~1.10/bin/../lib/gcc/arm-none-eabi/10.3.1/../../../../arm-none-eabi/lib/thumb/v6-m/nofp\libc.a(lib_a-lock.o)
                0x20001b54                __lock___malloc_recursive_mutex
 *fill*         0x20001b55        0x3 
 .bss.__malloc_current_mallinfo
                0x20001b58       0x28 c:/progra~2/gnuarm~1/102021~1.10/bin/../lib/gcc/arm-none-eabi/10.3.1/../../../../arm-none-eabi/lib/thumb/v6-m/nofp\libc.a(lib_a-mallocr.o)
                0x20001b58                __malloc_current_mallinfo
 .bss.__malloc_max_sbrked_mem
                0x20001b80        0x4 c:/progra~2/gnuarm~1/102021~1.10/bin/../lib/gcc/arm-none-eabi/10.3.1/../../../../arm-none-eabi/lib/thumb/v6-m/nofp\libc.a(lib_a-mallocr.o)
                0x20001b80                __malloc_max_sbrked_mem
 .bss.__malloc_max_total_mem
                0x20001b84        0x4 c:/progra~2/gnuarm~1/102021~1.10/bin/../lib/gcc/arm-none-eabi/10.3.1/../../../../arm-none-eabi/lib/thumb/v6-m/nofp\libc.a(lib_a-mallocr.o)
                0x20001b84                __malloc_max_total_mem
 .bss.__malloc_top_pad
                0x20001b88        0x4 c:/progra~2/gnuarm~1/102021~1.10/bin/../lib/gcc/arm-none-eabi/10.3.1/../../../../arm-none-eabi/lib/thumb/v6-m/nofp\libc.a(lib_a-mallocr.o)
                0x20001b88                __malloc_top_pad
 .bss._app_driver
                0x20001b8c        0x4 CMakeFiles/host.dir/D_/YQRepos/pico/pico-sdk/lib/tinyusb/src/device/usbd.c.obj
 .bss._cdcd_itf
                0x20001b90      0x2c8 CMakeFiles/host.dir/D_/YQRepos/pico/pico-sdk/lib/tinyusb/src/class/cdc/cdc_device.c.obj
 .bss._ctrl_xfer
                0x20001e58       0x14 CMakeFiles/host.dir/D_/YQRepos/pico/pico-sdk/lib/tinyusb/src/device/usbd_control.c.obj
 .bss._ubsd_mutexdef
                0x20001e6c        0x8 CMakeFiles/host.dir/D_/YQRepos/pico/pico-sdk/lib/tinyusb/src/device/usbd.c.obj
 .bss._usbd_ctrl_buf
                0x20001e74       0x40 CMakeFiles/host.dir/D_/YQRepos/pico/pico-sdk/lib/tinyusb/src/device/usbd_control.c.obj
 .bss._usbd_dev
                0x20001eb4       0x53 CMakeFiles/host.dir/D_/YQRepos/pico/pico-sdk/lib/tinyusb/src/device/usbd.c.obj
 *fill*         0x20001f07        0x1 
 .bss._usbd_mutex
                0x20001f08        0x4 CMakeFiles/host.dir/D_/YQRepos/pico/pico-sdk/lib/tinyusb/src/device/usbd.c.obj
 .bss._usbd_q   0x20001f0c        0x4 CMakeFiles/host.dir/D_/YQRepos/pico/pico-sdk/lib/tinyusb/src/device/usbd.c.obj
 .bss._usbd_qdef_buf
                0x20001f10       0xc0 CMakeFiles/host.dir/D_/YQRepos/pico/pico-sdk/lib/tinyusb/src/device/usbd.c.obj
                0x20001f10                _usbd_qdef_buf
 .bss.alarm_callbacks
                0x20001fd0       0x10 CMakeFiles/host.dir/D_/YQRepos/pico/pico-sdk/src/rp2_common/hardware_timer/timer.c.obj
 .bss.boot2_copyout
                0x20001fe0      0x100 CMakeFiles/host.dir/D_/YQRepos/pico/pico-sdk/src/rp2_common/hardware_flash/flash.c.obj
 .bss.chars_available_callback
                0x200020e0        0x4 CMakeFiles/host.dir/D_/YQRepos/pico/pico-sdk/src/rp2_common/pico_stdio_usb/stdio_usb.c.obj
 .bss.chars_available_param
                0x200020e4        0x4 CMakeFiles/host.dir/D_/YQRepos/pico/pico-sdk/src/rp2_common/pico_stdio_usb/stdio_usb.c.obj
 .bss.chars_rxed
                0x200020e8        0x4 CMakeFiles/host.dir/main.c.obj
 .bss.claimed   0x200020ec        0x4 CMakeFiles/host.dir/D_/YQRepos/pico/pico-sdk/src/rp2_common/hardware_sync/sync.c.obj
 .bss.configured_freq
                0x200020f0       0x28 CMakeFiles/host.dir/D_/YQRepos/pico/pico-sdk/src/rp2_common/hardware_clocks/clocks.c.obj
 .bss.default_alarm_pool_entry_ids_high
                0x20002118       0x10 CMakeFiles/host.dir/D_/YQRepos/pico/pico-sdk/src/common/pico_time/time.c.obj
 .bss.default_alarm_pool_heap_nodes
                0x20002128       0x30 CMakeFiles/host.dir/D_/YQRepos/pico/pico-sdk/src/common/pico_time/time.c.obj
 .bss.desc_str.0
                0x20002158       0x28 CMakeFiles/host.dir/D_/YQRepos/pico/pico-sdk/src/rp2_common/pico_stdio_usb/stdio_usb_descriptors.c.obj
 .bss.drivers   0x20002180        0x4 CMakeFiles/host.dir/D_/YQRepos/pico/pico-sdk/src/rp2_common/pico_stdio/stdio.c.obj
 .bss.e15_last_sof
                0x20002184        0x4 CMakeFiles/host.dir/D_/YQRepos/pico/pico-sdk/lib/tinyusb/src/portable/raspberrypi/rp2040/rp2040_usb.c.obj
                0x20002184                e15_last_sof
 .bss.errno     0x20002188        0x4 c:/progra~2/gnuarm~1/102021~1.10/bin/../lib/gcc/arm-none-eabi/10.3.1/../../../../arm-none-eabi/lib/thumb/v6-m/nofp\libc.a(lib_a-reent.o)
                0x20002188                errno
 .bss.filter    0x2000218c        0x4 CMakeFiles/host.dir/D_/YQRepos/pico/pico-sdk/src/rp2_common/pico_stdio/stdio.c.obj
 .bss.heap_end.0
                0x20002190        0x4 CMakeFiles/host.dir/D_/YQRepos/pico/pico-sdk/src/rp2_common/pico_runtime/runtime.c.obj
 .bss.hw_endpoints
                0x20002194      0x400 CMakeFiles/host.dir/D_/YQRepos/pico/pico-sdk/lib/tinyusb/src/portable/raspberrypi/rp2040/dcd_rp2040.c.obj
 .bss.lazy_vsnprintf
                0x20002594        0x4 CMakeFiles/host.dir/D_/YQRepos/pico/pico-sdk/src/rp2_common/pico_printf/printf.c.obj
 .bss.load_value
                0x20002598        0x4 CMakeFiles/host.dir/D_/YQRepos/pico/pico-sdk/src/rp2_common/hardware_watchdog/watchdog.c.obj
 .bss.next_buffer_ptr
                0x2000259c        0x4 CMakeFiles/host.dir/D_/YQRepos/pico/pico-sdk/lib/tinyusb/src/portable/raspberrypi/rp2040/dcd_rp2040.c.obj
 .bss.one_shot_timer_crit_sec
                0x200025a0        0x8 CMakeFiles/host.dir/D_/YQRepos/pico/pico-sdk/src/rp2_common/pico_stdio_usb/stdio_usb.c.obj
 .bss.pools     0x200025a8       0x10 CMakeFiles/host.dir/D_/YQRepos/pico/pico-sdk/src/common/pico_time/time.c.obj
 .bss.retrieved_id
                0x200025b8        0x8 CMakeFiles/host.dir/D_/YQRepos/pico/pico-sdk/src/rp2_common/pico_unique_id/unique_id.c.obj
 .bss.rx_buffer
                0x200025c0        0x5 CMakeFiles/host.dir/tud_cdc_descript.c.obj
                0x200025c0                rx_buffer
 *fill*         0x200025c5        0x3 
 .bss.sf_clz_func
                0x200025c8        0x4 CMakeFiles/host.dir/D_/YQRepos/pico/pico-sdk/src/rp2_common/pico_double/double_init_rom.c.obj
                0x200025c8                sf_clz_func
 .bss.sleep_notifier
                0x200025cc        0x4 CMakeFiles/host.dir/D_/YQRepos/pico/pico-sdk/src/common/pico_time/time.c.obj
 .bss.start_ms.1
                0x200025d0        0x4 CMakeFiles/host.dir/main.c.obj
 .bss.stdio_usb_mutex
                0x200025d4        0x8 CMakeFiles/host.dir/D_/YQRepos/pico/pico-sdk/src/rp2_common/pico_stdio_usb/stdio_usb.c.obj
 .bss.target_hi
                0x200025dc       0x10 CMakeFiles/host.dir/D_/YQRepos/pico/pico-sdk/src/rp2_common/hardware_timer/timer.c.obj
 .bss.tud_cdc_rx_buffer
                0x200025ec      0x100 CMakeFiles/host.dir/main.c.obj
                0x200025ec                tud_cdc_rx_buffer
 .bss.uart_char_to_line_feed
                0x200026ec        0x4 CMakeFiles/host.dir/D_/YQRepos/pico/pico-sdk/src/rp2_common/hardware_uart/uart.c.obj
                0x200026ec                uart_char_to_line_feed
 .bss.usbd_serial_str
                0x200026f0       0x11 CMakeFiles/host.dir/D_/YQRepos/pico/pico-sdk/src/rp2_common/pico_stdio_usb/stdio_usb_descriptors.c.obj
 .bss._app_driver_count
                0x20002701        0x1 CMakeFiles/host.dir/D_/YQRepos/pico/pico-sdk/lib/tinyusb/src/device/usbd.c.obj
 .bss._sof_enable
                0x20002702        0x1 CMakeFiles/host.dir/D_/YQRepos/pico/pico-sdk/lib/tinyusb/src/portable/raspberrypi/rp2040/dcd_rp2040.c.obj
 .bss.boot2_copyout_valid
                0x20002703        0x1 CMakeFiles/host.dir/D_/YQRepos/pico/pico-sdk/src/rp2_common/hardware_flash/flash.c.obj
 .bss.claimed   0x20002704        0x1 CMakeFiles/host.dir/D_/YQRepos/pico/pico-sdk/src/rp2_common/hardware_timer/timer.c.obj
 .bss.current_state
                0x20002705        0x1 CMakeFiles/host.dir/tud_cdc_descript.c.obj
                0x20002705                current_state
 .bss.irq_hander_chain_free_slot_head
                0x20002706        0x1 CMakeFiles/host.dir/D_/YQRepos/pico/pico-sdk/src/rp2_common/hardware_irq/irq.c.obj
 .bss.itf_num   0x20002707        0x1 CMakeFiles/host.dir/D_/YQRepos/pico/pico-sdk/src/rp2_common/pico_stdio_usb/reset_interface.c.obj
 .bss.led_state.0
                0x20002708        0x1 CMakeFiles/host.dir/main.c.obj
 .bss.low_priority_irq_num
                0x20002709        0x1 CMakeFiles/host.dir/D_/YQRepos/pico/pico-sdk/src/rp2_common/pico_stdio_usb/stdio_usb.c.obj
 .bss.one_shot_timer_pending
                0x2000270a        0x1 CMakeFiles/host.dir/D_/YQRepos/pico/pico-sdk/src/rp2_common/pico_stdio_usb/stdio_usb.c.obj
 .bss.return_request
                0x2000270b        0x1 CMakeFiles/host.dir/main.c.obj
                0x2000270b                return_request
 .bss.rx_buffer_index
                0x2000270c        0x1 CMakeFiles/host.dir/tud_cdc_descript.c.obj
                0x2000270c                rx_buffer_index
 .bss.timer_callbacks_pending
                0x2000270d        0x1 CMakeFiles/host.dir/D_/YQRepos/pico/pico-sdk/src/rp2_common/hardware_timer/timer.c.obj
 .bss.tud_cdc_SendRequest
                0x2000270e        0x1 CMakeFiles/host.dir/tud_cdc_descript.c.obj
                0x2000270e                tud_cdc_SendRequest
 .bss.user_irq_claimed
                0x2000270f        0x1 CMakeFiles/host.dir/D_/YQRepos/pico/pico-sdk/src/rp2_common/hardware_irq/irq.c.obj
 *(COMMON)
                0x20002710                . = ALIGN (0x4)
                0x20002710                __bss_end__ = .

.heap           0x20002710      0x800
                0x20002710                __end__ = .
                0x20002710                end = __end__
 *(.heap*)
 .heap          0x20002710      0x800 CMakeFiles/host.dir/D_/YQRepos/pico/pico-sdk/src/rp2_common/pico_standard_link/crt0.S.obj
                0x20002f10                __HeapLimit = .

.stack1_dummy   0x20040000        0x0
 *(.stack1*)

.stack_dummy    0x20041000      0x800
 *(.stack*)
 .stack         0x20041000      0x800 CMakeFiles/host.dir/D_/YQRepos/pico/pico-sdk/src/rp2_common/pico_standard_link/crt0.S.obj

.flash_end      0x10007984        0x0
                0x10007984                __flash_binary_end = .
                0x20040000                __StackLimit = (ORIGIN (RAM) + LENGTH (RAM))
                0x20041000                __StackOneTop = (ORIGIN (SCRATCH_X) + LENGTH (SCRATCH_X))
                0x20042000                __StackTop = (ORIGIN (SCRATCH_Y) + LENGTH (SCRATCH_Y))
                0x20041000                __StackOneBottom = (__StackOneTop - SIZEOF (.stack1_dummy))
                0x20041800                __StackBottom = (__StackTop - SIZEOF (.stack_dummy))
                0x20042000                PROVIDE (__stack = __StackTop)
                0x00000001                ASSERT ((__StackLimit >= __HeapLimit), region RAM overflowed)
                0x00000001                ASSERT (((__binary_info_header_end - __logical_binary_start) <= 0x100), Binary info must be in first 256 bytes of the binary)
LOAD CMakeFiles/host.dir/main.c.obj
LOAD CMakeFiles/host.dir/tud_cdc_descript.c.obj
LOAD CMakeFiles/host.dir/D_/YQRepos/pico/pico-sdk/src/rp2_common/pico_stdlib/stdlib.c.obj
LOAD CMakeFiles/host.dir/D_/YQRepos/pico/pico-sdk/src/rp2_common/hardware_gpio/gpio.c.obj
LOAD CMakeFiles/host.dir/D_/YQRepos/pico/pico-sdk/src/rp2_common/pico_platform/platform.c.obj
LOAD CMakeFiles/host.dir/D_/YQRepos/pico/pico-sdk/src/rp2_common/hardware_claim/claim.c.obj
LOAD CMakeFiles/host.dir/D_/YQRepos/pico/pico-sdk/src/rp2_common/hardware_sync/sync.c.obj
LOAD CMakeFiles/host.dir/D_/YQRepos/pico/pico-sdk/src/rp2_common/hardware_irq/irq.c.obj
LOAD CMakeFiles/host.dir/D_/YQRepos/pico/pico-sdk/src/rp2_common/hardware_irq/irq_handler_chain.S.obj
LOAD CMakeFiles/host.dir/D_/YQRepos/pico/pico-sdk/src/common/pico_sync/sem.c.obj
LOAD CMakeFiles/host.dir/D_/YQRepos/pico/pico-sdk/src/common/pico_sync/lock_core.c.obj
LOAD CMakeFiles/host.dir/D_/YQRepos/pico/pico-sdk/src/common/pico_sync/mutex.c.obj
LOAD CMakeFiles/host.dir/D_/YQRepos/pico/pico-sdk/src/common/pico_sync/critical_section.c.obj
LOAD CMakeFiles/host.dir/D_/YQRepos/pico/pico-sdk/src/common/pico_time/time.c.obj
LOAD CMakeFiles/host.dir/D_/YQRepos/pico/pico-sdk/src/common/pico_time/timeout_helper.c.obj
LOAD CMakeFiles/host.dir/D_/YQRepos/pico/pico-sdk/src/rp2_common/hardware_timer/timer.c.obj
LOAD CMakeFiles/host.dir/D_/YQRepos/pico/pico-sdk/src/common/pico_util/datetime.c.obj
LOAD CMakeFiles/host.dir/D_/YQRepos/pico/pico-sdk/src/common/pico_util/pheap.c.obj
LOAD CMakeFiles/host.dir/D_/YQRepos/pico/pico-sdk/src/common/pico_util/queue.c.obj
LOAD CMakeFiles/host.dir/D_/YQRepos/pico/pico-sdk/src/rp2_common/hardware_uart/uart.c.obj
LOAD CMakeFiles/host.dir/D_/YQRepos/pico/pico-sdk/src/rp2_common/hardware_clocks/clocks.c.obj
LOAD CMakeFiles/host.dir/D_/YQRepos/pico/pico-sdk/src/rp2_common/hardware_pll/pll.c.obj
LOAD CMakeFiles/host.dir/D_/YQRepos/pico/pico-sdk/src/rp2_common/hardware_vreg/vreg.c.obj
LOAD CMakeFiles/host.dir/D_/YQRepos/pico/pico-sdk/src/rp2_common/hardware_watchdog/watchdog.c.obj
LOAD CMakeFiles/host.dir/D_/YQRepos/pico/pico-sdk/src/rp2_common/hardware_xosc/xosc.c.obj
LOAD CMakeFiles/host.dir/D_/YQRepos/pico/pico-sdk/src/rp2_common/hardware_divider/divider.S.obj
LOAD CMakeFiles/host.dir/D_/YQRepos/pico/pico-sdk/src/rp2_common/pico_runtime/runtime.c.obj
LOAD CMakeFiles/host.dir/D_/YQRepos/pico/pico-sdk/src/rp2_common/pico_printf/printf.c.obj
LOAD CMakeFiles/host.dir/D_/YQRepos/pico/pico-sdk/src/rp2_common/pico_bit_ops/bit_ops_aeabi.S.obj
LOAD CMakeFiles/host.dir/D_/YQRepos/pico/pico-sdk/src/rp2_common/pico_bootrom/bootrom.c.obj
LOAD CMakeFiles/host.dir/D_/YQRepos/pico/pico-sdk/src/rp2_common/pico_divider/divider.S.obj
LOAD CMakeFiles/host.dir/D_/YQRepos/pico/pico-sdk/src/rp2_common/pico_double/double_aeabi.S.obj
LOAD CMakeFiles/host.dir/D_/YQRepos/pico/pico-sdk/src/rp2_common/pico_double/double_init_rom.c.obj
LOAD CMakeFiles/host.dir/D_/YQRepos/pico/pico-sdk/src/rp2_common/pico_double/double_math.c.obj
LOAD CMakeFiles/host.dir/D_/YQRepos/pico/pico-sdk/src/rp2_common/pico_double/double_v1_rom_shim.S.obj
LOAD CMakeFiles/host.dir/D_/YQRepos/pico/pico-sdk/src/rp2_common/pico_int64_ops/pico_int64_ops_aeabi.S.obj
LOAD CMakeFiles/host.dir/D_/YQRepos/pico/pico-sdk/src/rp2_common/pico_float/float_aeabi.S.obj
LOAD CMakeFiles/host.dir/D_/YQRepos/pico/pico-sdk/src/rp2_common/pico_float/float_init_rom.c.obj
LOAD CMakeFiles/host.dir/D_/YQRepos/pico/pico-sdk/src/rp2_common/pico_float/float_math.c.obj
LOAD CMakeFiles/host.dir/D_/YQRepos/pico/pico-sdk/src/rp2_common/pico_float/float_v1_rom_shim.S.obj
LOAD CMakeFiles/host.dir/D_/YQRepos/pico/pico-sdk/src/rp2_common/pico_malloc/pico_malloc.c.obj
LOAD CMakeFiles/host.dir/D_/YQRepos/pico/pico-sdk/src/rp2_common/pico_mem_ops/mem_ops_aeabi.S.obj
LOAD CMakeFiles/host.dir/D_/YQRepos/pico/pico-sdk/src/rp2_common/pico_standard_link/crt0.S.obj
LOAD CMakeFiles/host.dir/D_/YQRepos/pico/pico-sdk/src/rp2_common/pico_standard_link/new_delete.cpp.obj
LOAD CMakeFiles/host.dir/D_/YQRepos/pico/pico-sdk/src/rp2_common/pico_standard_link/binary_info.c.obj
LOAD CMakeFiles/host.dir/D_/YQRepos/pico/pico-sdk/src/rp2_common/pico_stdio/stdio.c.obj
LOAD CMakeFiles/host.dir/D_/YQRepos/pico/pico-sdk/src/rp2_common/pico_stdio_usb/reset_interface.c.obj
LOAD CMakeFiles/host.dir/D_/YQRepos/pico/pico-sdk/src/rp2_common/pico_stdio_usb/stdio_usb.c.obj
LOAD CMakeFiles/host.dir/D_/YQRepos/pico/pico-sdk/src/rp2_common/pico_stdio_usb/stdio_usb_descriptors.c.obj
LOAD CMakeFiles/host.dir/D_/YQRepos/pico/pico-sdk/src/rp2_common/pico_unique_id/unique_id.c.obj
LOAD CMakeFiles/host.dir/D_/YQRepos/pico/pico-sdk/src/rp2_common/hardware_flash/flash.c.obj
LOAD CMakeFiles/host.dir/D_/YQRepos/pico/pico-sdk/lib/tinyusb/src/portable/raspberrypi/rp2040/dcd_rp2040.c.obj
LOAD CMakeFiles/host.dir/D_/YQRepos/pico/pico-sdk/lib/tinyusb/src/portable/raspberrypi/rp2040/rp2040_usb.c.obj
LOAD CMakeFiles/host.dir/D_/YQRepos/pico/pico-sdk/lib/tinyusb/src/device/usbd.c.obj
LOAD CMakeFiles/host.dir/D_/YQRepos/pico/pico-sdk/lib/tinyusb/src/device/usbd_control.c.obj
LOAD CMakeFiles/host.dir/D_/YQRepos/pico/pico-sdk/lib/tinyusb/src/class/audio/audio_device.c.obj
LOAD CMakeFiles/host.dir/D_/YQRepos/pico/pico-sdk/lib/tinyusb/src/class/cdc/cdc_device.c.obj
LOAD CMakeFiles/host.dir/D_/YQRepos/pico/pico-sdk/lib/tinyusb/src/class/dfu/dfu_device.c.obj
LOAD CMakeFiles/host.dir/D_/YQRepos/pico/pico-sdk/lib/tinyusb/src/class/dfu/dfu_rt_device.c.obj
LOAD CMakeFiles/host.dir/D_/YQRepos/pico/pico-sdk/lib/tinyusb/src/class/hid/hid_device.c.obj
LOAD CMakeFiles/host.dir/D_/YQRepos/pico/pico-sdk/lib/tinyusb/src/class/midi/midi_device.c.obj
LOAD CMakeFiles/host.dir/D_/YQRepos/pico/pico-sdk/lib/tinyusb/src/class/msc/msc_device.c.obj
LOAD CMakeFiles/host.dir/D_/YQRepos/pico/pico-sdk/lib/tinyusb/src/class/net/ecm_rndis_device.c.obj
LOAD CMakeFiles/host.dir/D_/YQRepos/pico/pico-sdk/lib/tinyusb/src/class/net/ncm_device.c.obj
LOAD CMakeFiles/host.dir/D_/YQRepos/pico/pico-sdk/lib/tinyusb/src/class/usbtmc/usbtmc_device.c.obj
LOAD CMakeFiles/host.dir/D_/YQRepos/pico/pico-sdk/lib/tinyusb/src/class/vendor/vendor_device.c.obj
LOAD CMakeFiles/host.dir/D_/YQRepos/pico/pico-sdk/lib/tinyusb/src/class/video/video_device.c.obj
LOAD CMakeFiles/host.dir/D_/YQRepos/pico/pico-sdk/lib/tinyusb/src/tusb.c.obj
LOAD CMakeFiles/host.dir/D_/YQRepos/pico/pico-sdk/lib/tinyusb/src/common/tusb_fifo.c.obj
LOAD CMakeFiles/host.dir/D_/YQRepos/pico/pico-sdk/src/rp2_common/pico_fix/rp2040_usb_device_enumeration/rp2040_usb_device_enumeration.c.obj
LOAD C:\Users\YIQUAN~1\AppData\Local\Temp\cce6fRXk.o
LOAD c:/progra~2/gnuarm~1/102021~1.10/bin/../lib/gcc/arm-none-eabi/10.3.1/../../../../arm-none-eabi/lib/thumb/v6-m/nofp\libstdc++.a
LOAD c:/progra~2/gnuarm~1/102021~1.10/bin/../lib/gcc/arm-none-eabi/10.3.1/../../../../arm-none-eabi/lib/thumb/v6-m/nofp\libm.a
START GROUP
LOAD c:/progra~2/gnuarm~1/102021~1.10/bin/../lib/gcc/arm-none-eabi/10.3.1/thumb/v6-m/nofp\libgcc.a
LOAD c:/progra~2/gnuarm~1/102021~1.10/bin/../lib/gcc/arm-none-eabi/10.3.1/../../../../arm-none-eabi/lib/thumb/v6-m/nofp\libc.a
END GROUP
START GROUP
LOAD c:/progra~2/gnuarm~1/102021~1.10/bin/../lib/gcc/arm-none-eabi/10.3.1/thumb/v6-m/nofp\libgcc.a
LOAD c:/progra~2/gnuarm~1/102021~1.10/bin/../lib/gcc/arm-none-eabi/10.3.1/../../../../arm-none-eabi/lib/thumb/v6-m/nofp\libc.a
LOAD c:/progra~2/gnuarm~1/102021~1.10/bin/../lib/gcc/arm-none-eabi/10.3.1/../../../../arm-none-eabi/lib/thumb/v6-m/nofp\libnosys.a
END GROUP
LOAD c:/progra~2/gnuarm~1/102021~1.10/bin/../lib/gcc/arm-none-eabi/10.3.1/thumb/v6-m/nofp/crtend.o
LOAD c:/progra~2/gnuarm~1/102021~1.10/bin/../lib/gcc/arm-none-eabi/10.3.1/thumb/v6-m/nofp/crtn.o
OUTPUT(host.elf elf32-littlearm)
LOAD linker stubs

.ARM.attributes
                0x00000000       0x28
 .ARM.attributes
                0x00000000       0x1e c:/progra~2/gnuarm~1/102021~1.10/bin/../lib/gcc/arm-none-eabi/10.3.1/thumb/v6-m/nofp/crti.o
 .ARM.attributes
                0x0000001e       0x2c c:/progra~2/gnuarm~1/102021~1.10/bin/../lib/gcc/arm-none-eabi/10.3.1/thumb/v6-m/nofp/crtbegin.o
 .ARM.attributes
                0x0000004a       0x2c CMakeFiles/host.dir/main.c.obj
 .ARM.attributes
                0x00000076       0x2c CMakeFiles/host.dir/tud_cdc_descript.c.obj
 .ARM.attributes
                0x000000a2       0x2c CMakeFiles/host.dir/D_/YQRepos/pico/pico-sdk/src/rp2_common/hardware_gpio/gpio.c.obj
 .ARM.attributes
                0x000000ce       0x2c CMakeFiles/host.dir/D_/YQRepos/pico/pico-sdk/src/rp2_common/pico_platform/platform.c.obj
 .ARM.attributes
                0x000000fa       0x2c CMakeFiles/host.dir/D_/YQRepos/pico/pico-sdk/src/rp2_common/hardware_claim/claim.c.obj
 .ARM.attributes
                0x00000126       0x2c CMakeFiles/host.dir/D_/YQRepos/pico/pico-sdk/src/rp2_common/hardware_sync/sync.c.obj
 .ARM.attributes
                0x00000152       0x2c CMakeFiles/host.dir/D_/YQRepos/pico/pico-sdk/src/rp2_common/hardware_irq/irq.c.obj
 .ARM.attributes
                0x0000017e       0x22 CMakeFiles/host.dir/D_/YQRepos/pico/pico-sdk/src/rp2_common/hardware_irq/irq_handler_chain.S.obj
 .ARM.attributes
                0x000001a0       0x2c CMakeFiles/host.dir/D_/YQRepos/pico/pico-sdk/src/common/pico_sync/lock_core.c.obj
 .ARM.attributes
                0x000001cc       0x2c CMakeFiles/host.dir/D_/YQRepos/pico/pico-sdk/src/common/pico_sync/mutex.c.obj
 .ARM.attributes
                0x000001f8       0x2c CMakeFiles/host.dir/D_/YQRepos/pico/pico-sdk/src/common/pico_sync/critical_section.c.obj
 .ARM.attributes
                0x00000224       0x2c CMakeFiles/host.dir/D_/YQRepos/pico/pico-sdk/src/common/pico_time/time.c.obj
 .ARM.attributes
                0x00000250       0x2c CMakeFiles/host.dir/D_/YQRepos/pico/pico-sdk/src/rp2_common/hardware_timer/timer.c.obj
 .ARM.attributes
                0x0000027c       0x2c CMakeFiles/host.dir/D_/YQRepos/pico/pico-sdk/src/common/pico_util/pheap.c.obj
 .ARM.attributes
                0x000002a8       0x2c CMakeFiles/host.dir/D_/YQRepos/pico/pico-sdk/src/rp2_common/hardware_uart/uart.c.obj
 .ARM.attributes
                0x000002d4       0x2c CMakeFiles/host.dir/D_/YQRepos/pico/pico-sdk/src/rp2_common/hardware_clocks/clocks.c.obj
 .ARM.attributes
                0x00000300       0x2c CMakeFiles/host.dir/D_/YQRepos/pico/pico-sdk/src/rp2_common/hardware_pll/pll.c.obj
 .ARM.attributes
                0x0000032c       0x2c CMakeFiles/host.dir/D_/YQRepos/pico/pico-sdk/src/rp2_common/hardware_watchdog/watchdog.c.obj
 .ARM.attributes
                0x00000358       0x2c CMakeFiles/host.dir/D_/YQRepos/pico/pico-sdk/src/rp2_common/hardware_xosc/xosc.c.obj
 .ARM.attributes
                0x00000384       0x2c CMakeFiles/host.dir/D_/YQRepos/pico/pico-sdk/src/rp2_common/pico_runtime/runtime.c.obj
 .ARM.attributes
                0x000003b0       0x2c CMakeFiles/host.dir/D_/YQRepos/pico/pico-sdk/src/rp2_common/pico_printf/printf.c.obj
 .ARM.attributes
                0x000003dc       0x22 CMakeFiles/host.dir/D_/YQRepos/pico/pico-sdk/src/rp2_common/pico_bit_ops/bit_ops_aeabi.S.obj
 .ARM.attributes
                0x000003fe       0x2c CMakeFiles/host.dir/D_/YQRepos/pico/pico-sdk/src/rp2_common/pico_bootrom/bootrom.c.obj
 .ARM.attributes
                0x0000042a       0x22 CMakeFiles/host.dir/D_/YQRepos/pico/pico-sdk/src/rp2_common/pico_divider/divider.S.obj
 .ARM.attributes
                0x0000044c       0x22 CMakeFiles/host.dir/D_/YQRepos/pico/pico-sdk/src/rp2_common/pico_double/double_aeabi.S.obj
 .ARM.attributes
                0x0000046e       0x2c CMakeFiles/host.dir/D_/YQRepos/pico/pico-sdk/src/rp2_common/pico_double/double_init_rom.c.obj
 .ARM.attributes
                0x0000049a       0x22 CMakeFiles/host.dir/D_/YQRepos/pico/pico-sdk/src/rp2_common/pico_double/double_v1_rom_shim.S.obj
 .ARM.attributes
                0x000004bc       0x22 CMakeFiles/host.dir/D_/YQRepos/pico/pico-sdk/src/rp2_common/pico_int64_ops/pico_int64_ops_aeabi.S.obj
 .ARM.attributes
                0x000004de       0x22 CMakeFiles/host.dir/D_/YQRepos/pico/pico-sdk/src/rp2_common/pico_float/float_aeabi.S.obj
 .ARM.attributes
                0x00000500       0x2c CMakeFiles/host.dir/D_/YQRepos/pico/pico-sdk/src/rp2_common/pico_float/float_init_rom.c.obj
 .ARM.attributes
                0x0000052c       0x22 CMakeFiles/host.dir/D_/YQRepos/pico/pico-sdk/src/rp2_common/pico_float/float_v1_rom_shim.S.obj
 .ARM.attributes
                0x0000054e       0x2c CMakeFiles/host.dir/D_/YQRepos/pico/pico-sdk/src/rp2_common/pico_malloc/pico_malloc.c.obj
 .ARM.attributes
                0x0000057a       0x22 CMakeFiles/host.dir/D_/YQRepos/pico/pico-sdk/src/rp2_common/pico_mem_ops/mem_ops_aeabi.S.obj
 .ARM.attributes
                0x0000059c       0x22 CMakeFiles/host.dir/D_/YQRepos/pico/pico-sdk/src/rp2_common/pico_standard_link/crt0.S.obj
 .ARM.attributes
                0x000005be       0x2c CMakeFiles/host.dir/D_/YQRepos/pico/pico-sdk/src/rp2_common/pico_standard_link/binary_info.c.obj
 .ARM.attributes
                0x000005ea       0x2c CMakeFiles/host.dir/D_/YQRepos/pico/pico-sdk/src/rp2_common/pico_stdio/stdio.c.obj
 .ARM.attributes
                0x00000616       0x2c CMakeFiles/host.dir/D_/YQRepos/pico/pico-sdk/src/rp2_common/pico_stdio_usb/reset_interface.c.obj
 .ARM.attributes
                0x00000642       0x2c CMakeFiles/host.dir/D_/YQRepos/pico/pico-sdk/src/rp2_common/pico_stdio_usb/stdio_usb.c.obj
 .ARM.attributes
                0x0000066e       0x2c CMakeFiles/host.dir/D_/YQRepos/pico/pico-sdk/src/rp2_common/pico_stdio_usb/stdio_usb_descriptors.c.obj
 .ARM.attributes
                0x0000069a       0x2c CMakeFiles/host.dir/D_/YQRepos/pico/pico-sdk/src/rp2_common/pico_unique_id/unique_id.c.obj
 .ARM.attributes
                0x000006c6       0x2c CMakeFiles/host.dir/D_/YQRepos/pico/pico-sdk/src/rp2_common/hardware_flash/flash.c.obj
 .ARM.attributes
                0x000006f2       0x2c CMakeFiles/host.dir/D_/YQRepos/pico/pico-sdk/lib/tinyusb/src/portable/raspberrypi/rp2040/dcd_rp2040.c.obj
 .ARM.attributes
                0x0000071e       0x2c CMakeFiles/host.dir/D_/YQRepos/pico/pico-sdk/lib/tinyusb/src/portable/raspberrypi/rp2040/rp2040_usb.c.obj
 .ARM.attributes
                0x0000074a       0x2c CMakeFiles/host.dir/D_/YQRepos/pico/pico-sdk/lib/tinyusb/src/device/usbd.c.obj
 .ARM.attributes
                0x00000776       0x2c CMakeFiles/host.dir/D_/YQRepos/pico/pico-sdk/lib/tinyusb/src/device/usbd_control.c.obj
 .ARM.attributes
                0x000007a2       0x2c CMakeFiles/host.dir/D_/YQRepos/pico/pico-sdk/lib/tinyusb/src/class/cdc/cdc_device.c.obj
 .ARM.attributes
                0x000007ce       0x2c CMakeFiles/host.dir/D_/YQRepos/pico/pico-sdk/lib/tinyusb/src/tusb.c.obj
 .ARM.attributes
                0x000007fa       0x2c CMakeFiles/host.dir/D_/YQRepos/pico/pico-sdk/lib/tinyusb/src/common/tusb_fifo.c.obj
 .ARM.attributes
                0x00000826       0x22 C:\Users\YIQUAN~1\AppData\Local\Temp\cce6fRXk.o
 .ARM.attributes
                0x00000848       0x1e c:/progra~2/gnuarm~1/102021~1.10/bin/../lib/gcc/arm-none-eabi/10.3.1/thumb/v6-m/nofp\libgcc.a(_dvmd_tls.o)
 .ARM.attributes
                0x00000866       0x2c c:/progra~2/gnuarm~1/102021~1.10/bin/../lib/gcc/arm-none-eabi/10.3.1/../../../../arm-none-eabi/lib/thumb/v6-m/nofp\libc.a(lib_a-impure.o)
 .ARM.attributes
                0x00000892       0x2c c:/progra~2/gnuarm~1/102021~1.10/bin/../lib/gcc/arm-none-eabi/10.3.1/../../../../arm-none-eabi/lib/thumb/v6-m/nofp\libc.a(lib_a-malloc.o)
 .ARM.attributes
                0x000008be       0x2c c:/progra~2/gnuarm~1/102021~1.10/bin/../lib/gcc/arm-none-eabi/10.3.1/../../../../arm-none-eabi/lib/thumb/v6-m/nofp\libc.a(lib_a-mallocr.o)
 .ARM.attributes
                0x000008ea       0x2c c:/progra~2/gnuarm~1/102021~1.10/bin/../lib/gcc/arm-none-eabi/10.3.1/../../../../arm-none-eabi/lib/thumb/v6-m/nofp\libc.a(lib_a-mlock.o)
 .ARM.attributes
                0x00000916       0x2c c:/progra~2/gnuarm~1/102021~1.10/bin/../lib/gcc/arm-none-eabi/10.3.1/../../../../arm-none-eabi/lib/thumb/v6-m/nofp\libc.a(lib_a-sbrkr.o)
 .ARM.attributes
                0x00000942       0x2c c:/progra~2/gnuarm~1/102021~1.10/bin/../lib/gcc/arm-none-eabi/10.3.1/../../../../arm-none-eabi/lib/thumb/v6-m/nofp\libc.a(lib_a-strlen-stub.o)
 .ARM.attributes
                0x0000096e       0x2c c:/progra~2/gnuarm~1/102021~1.10/bin/../lib/gcc/arm-none-eabi/10.3.1/../../../../arm-none-eabi/lib/thumb/v6-m/nofp\libc.a(lib_a-freer.o)
 .ARM.attributes