Archive member included to satisfy reference by file (symbol)

c:/progra~2/gnuarm~1/102021~1.10/bin/../lib/gcc/arm-none-eabi/10.3.1/thumb/v6-m/nofp\libgcc.a(_dvmd_tls.o)
                              CMakeFiles/host.dir/D_/YQRepo/pico/pico-sdk/src/rp2_common/pico_divider/divider_hardware.S.obj (__aeabi_idiv0)
c:/progra~2/gnuarm~1/102021~1.10/bin/../lib/gcc/arm-none-eabi/10.3.1/../../../../arm-none-eabi/lib/thumb/v6-m/nofp\libg.a(lib_a-calloc.o)
                              CMakeFiles/host.dir/D_/YQRepo/pico/pico-sdk/src/rp2_common/pico_malloc/malloc.c.obj (calloc)
c:/progra~2/gnuarm~1/102021~1.10/bin/../lib/gcc/arm-none-eabi/10.3.1/../../../../arm-none-eabi/lib/thumb/v6-m/nofp\libg.a(lib_a-callocr.o)
                              c:/progra~2/gnuarm~1/102021~1.10/bin/../lib/gcc/arm-none-eabi/10.3.1/../../../../arm-none-eabi/lib/thumb/v6-m/nofp\libg.a(lib_a-calloc.o) (_calloc_r)
c:/progra~2/gnuarm~1/102021~1.10/bin/../lib/gcc/arm-none-eabi/10.3.1/../../../../arm-none-eabi/lib/thumb/v6-m/nofp\libg.a(lib_a-errno.o)
                              c:/progra~2/gnuarm~1/102021~1.10/bin/../lib/gcc/arm-none-eabi/10.3.1/../../../../arm-none-eabi/lib/thumb/v6-m/nofp\libg.a(lib_a-callocr.o) (__errno)
c:/progra~2/gnuarm~1/102021~1.10/bin/../lib/gcc/arm-none-eabi/10.3.1/../../../../arm-none-eabi/lib/thumb/v6-m/nofp\libg.a(lib_a-impure.o)
                              c:/progra~2/gnuarm~1/102021~1.10/bin/../lib/gcc/arm-none-eabi/10.3.1/../../../../arm-none-eabi/lib/thumb/v6-m/nofp\libg.a(lib_a-calloc.o) (_impure_ptr)
c:/progra~2/gnuarm~1/102021~1.10/bin/../lib/gcc/arm-none-eabi/10.3.1/../../../../arm-none-eabi/lib/thumb/v6-m/nofp\libg.a(lib_a-init.o)
                              c:/progra~2/gnuarm~1/102021~1.10/bin/../lib/gcc/arm-none-eabi/10.3.1/../../../../arm-none-eabi/lib/thumb/v6-m/nofp/crt0.o (__libc_init_array)
c:/progra~2/gnuarm~1/102021~1.10/bin/../lib/gcc/arm-none-eabi/10.3.1/../../../../arm-none-eabi/lib/thumb/v6-m/nofp\libg.a(lib_a-lcltime_r.o)
                              CMakeFiles/host.dir/D_/YQRepo/pico/pico-sdk/src/common/pico_util/datetime.c.obj (localtime_r)
c:/progra~2/gnuarm~1/102021~1.10/bin/../lib/gcc/arm-none-eabi/10.3.1/../../../../arm-none-eabi/lib/thumb/v6-m/nofp\libg.a(lib_a-malloc.o)
                              CMakeFiles/host.dir/D_/YQRepo/pico/pico-sdk/src/rp2_common/pico_malloc/malloc.c.obj (malloc)
c:/progra~2/gnuarm~1/102021~1.10/bin/../lib/gcc/arm-none-eabi/10.3.1/../../../../arm-none-eabi/lib/thumb/v6-m/nofp\libg.a(lib_a-mallocr.o)
                              c:/progra~2/gnuarm~1/102021~1.10/bin/../lib/gcc/arm-none-eabi/10.3.1/../../../../arm-none-eabi/lib/thumb/v6-m/nofp\libg.a(lib_a-callocr.o) (_malloc_r)
c:/progra~2/gnuarm~1/102021~1.10/bin/../lib/gcc/arm-none-eabi/10.3.1/../../../../arm-none-eabi/lib/thumb/v6-m/nofp\libg.a(lib_a-memcmp.o)
                              CMakeFiles/host.dir/D_/YQRepo/pico/pico-sdk/src/rp2_common/pico_atomic/atomic.c.obj (memcmp)
c:/progra~2/gnuarm~1/102021~1.10/bin/../lib/gcc/arm-none-eabi/10.3.1/../../../../arm-none-eabi/lib/thumb/v6-m/nofp\libg.a(lib_a-mktime.o)
                              CMakeFiles/host.dir/D_/YQRepo/pico/pico-sdk/src/common/pico_util/datetime.c.obj (mktime)
c:/progra~2/gnuarm~1/102021~1.10/bin/../lib/gcc/arm-none-eabi/10.3.1/../../../../arm-none-eabi/lib/thumb/v6-m/nofp\libg.a(lib_a-mlock.o)
                              c:/progra~2/gnuarm~1/102021~1.10/bin/../lib/gcc/arm-none-eabi/10.3.1/../../../../arm-none-eabi/lib/thumb/v6-m/nofp\libg.a(lib_a-mallocr.o) (__malloc_lock)
c:/progra~2/gnuarm~1/102021~1.10/bin/../lib/gcc/arm-none-eabi/10.3.1/../../../../arm-none-eabi/lib/thumb/v6-m/nofp\libg.a(lib_a-month_lengths.o)
                              c:/progra~2/gnuarm~1/102021~1.10/bin/../lib/gcc/arm-none-eabi/10.3.1/../../../../arm-none-eabi/lib/thumb/v6-m/nofp\libg.a(lib_a-lcltime_r.o) (__month_lengths)
c:/progra~2/gnuarm~1/102021~1.10/bin/../lib/gcc/arm-none-eabi/10.3.1/../../../../arm-none-eabi/lib/thumb/v6-m/nofp\libg.a(lib_a-realloc.o)
                              CMakeFiles/host.dir/D_/YQRepo/pico/pico-sdk/src/rp2_common/pico_malloc/malloc.c.obj (realloc)
c:/progra~2/gnuarm~1/102021~1.10/bin/../lib/gcc/arm-none-eabi/10.3.1/../../../../arm-none-eabi/lib/thumb/v6-m/nofp\libg.a(lib_a-reallocr.o)
                              c:/progra~2/gnuarm~1/102021~1.10/bin/../lib/gcc/arm-none-eabi/10.3.1/../../../../arm-none-eabi/lib/thumb/v6-m/nofp\libg.a(lib_a-realloc.o) (_realloc_r)
c:/progra~2/gnuarm~1/102021~1.10/bin/../lib/gcc/arm-none-eabi/10.3.1/../../../../arm-none-eabi/lib/thumb/v6-m/nofp\libg.a(lib_a-sbrkr.o)
                              c:/progra~2/gnuarm~1/102021~1.10/bin/../lib/gcc/arm-none-eabi/10.3.1/../../../../arm-none-eabi/lib/thumb/v6-m/nofp\libg.a(lib_a-mallocr.o) (_sbrk_r)
c:/progra~2/gnuarm~1/102021~1.10/bin/../lib/gcc/arm-none-eabi/10.3.1/../../../../arm-none-eabi/lib/thumb/v6-m/nofp\libg.a(lib_a-strlen-stub.o)
[...]
Memory Configuration

Name             Origin             Length             Attributes
FLASH            0x10000000         0x00200000         xr
RAM              0x20000000         0x00040000         xrw
SCRATCH_X        0x20040000         0x00001000         xrw
SCRATCH_Y        0x20041000         0x00001000         xrw
*default*        0x00000000         0xffffffff

Linker script and memory map

LOAD c:/progra~2/gnuarm~1/102021~1.10/bin/../lib/gcc/arm-none-eabi/10.3.1/thumb/v6-m/nofp/crti.o
LOAD c:/progra~2/gnuarm~1/102021~1.10/bin/../lib/gcc/arm-none-eabi/10.3.1/thumb/v6-m/nofp/crtbegin.o
LOAD c:/progra~2/gnuarm~1/102021~1.10/bin/../lib/gcc/arm-none-eabi/10.3.1/../../../../arm-none-eabi/lib/thumb/v6-m/nofp/crt0.o

.flash_begin    0x10000000        0x0
                0x10000000                __flash_binary_start = .

.boot2          0x10000000      0x100
                0x10000000                __boot2_start__ = .
 *(.boot2)
 .boot2         0x10000000      0x100 pico-sdk\src\rp2040\boot_stage2\CMakeFiles\bs2_default_library.dir\bs2_default_padded_checksummed.S.obj
                0x10000100                __boot2_end__ = .
                0x00000001                ASSERT (((__boot2_end__ - __boot2_start__) == 0x100), ERROR: Pico second stage bootloader must be 256 bytes in size)

.text           0x10000100     0x5c6c
                0x10000100                __logical_binary_start = .
 *(.vectors)
 .vectors       0x10000100       0xd4 CMakeFiles/host.dir/D_/YQRepo/pico/pico-sdk/src/rp2_common/pico_crt0/crt0.S.obj
                0x10000100                __VECTOR_TABLE
                0x10000100                __vectors
                0x100001c0                isr_invalid
                0x100001c0                __default_isrs_start
                0x100001c2                isr_nmi
                0x100001c4                isr_hardfault
                0x100001c6                isr_svcall
                0x100001c8                isr_pendsv
                0x100001ca                isr_systick
                0x100001cc                isr_irq23
                0x100001cc                isr_irq18
                0x100001cc                isr_irq11
                0x100001cc                isr_irq28
                0x100001cc                isr_irq19
                0x100001cc                isr_irq0
                0x100001cc                isr_irq6
                0x100001cc                isr_irq5
                0x100001cc                isr_irq12
                0x100001cc                isr_irq22
                0x100001cc                isr_irq31
                0x100001cc                isr_irq17
                0x100001cc                isr_irq27
                0x100001cc                isr_irq30
                0x100001cc                isr_irq2
                0x100001cc                isr_irq10
                0x100001cc                isr_irq8
                0x100001cc                isr_irq24
                0x100001cc                isr_irq1
                0x100001cc                isr_irq7
                0x100001cc                isr_irq21
                0x100001cc                isr_irq20
                0x100001cc                isr_irq15
                0x100001cc                isr_irq25
                0x100001cc                isr_irq13
                0x100001cc                __unhandled_user_irq
                0x100001cc                isr_irq4
                0x100001cc                isr_irq16
                0x100001cc                isr_irq29
                0x100001cc                isr_irq26
                0x100001cc                __default_isrs_end
                0x100001cc                isr_irq3
                0x100001cc                isr_irq14
                0x100001cc                isr_irq9
                0x100001d2                unhandled_user_irq_num_in_r0
 *(.binary_info_header)
 .binary_info_header
                0x100001d4       0x14 CMakeFiles/host.dir/D_/YQRepo/pico/pico-sdk/src/rp2_common/pico_crt0/crt0.S.obj
                0x100001e8                __binary_info_header_end = .
 *(.embedded_block)
                0x100001e8                __embedded_block_end = .
 *(.reset)
 .reset         0x100001e8       0x9c CMakeFiles/host.dir/D_/YQRepo/pico/pico-sdk/src/rp2_common/pico_crt0/crt0.S.obj
                0x100001e8                _entry_point
 *(.init)
 .init          0x10000284        0x4 c:/progra~2/gnuarm~1/102021~1.10/bin/../lib/gcc/arm-none-eabi/10.3.1/thumb/v6-m/nofp/crti.o
                0x10000284                _init
 *(EXCLUDE_FILE(*libm.a: *libc.a:*lib_a-mem*.o *libgcc.a:) .text*)
 .text          0x10000288       0x48 c:/progra~2/gnuarm~1/102021~1.10/bin/../lib/gcc/arm-none-eabi/10.3.1/thumb/v6-m/nofp/crtbegin.o
 .text.usb_send
                0x100002d0       0x9c CMakeFiles/host.dir/src/main.c.obj
                0x100002d0                usb_send
 .text.tud_cdc_rx_cb
                0x1000036c       0x70 CMakeFiles/host.dir/src/main.c.obj
                0x1000036c                tud_cdc_rx_cb
 .text.startup.main
                0x100003dc       0xf4 CMakeFiles/host.dir/src/main.c.obj
                0x100003dc                main
 .text.touch_callback
                0x100004d0       0x18 CMakeFiles/host.dir/src/tud_cdc_descript.c.obj
                0x100004d0                touch_callback
 .text.process_message
                0x100004e8      0x604 CMakeFiles/host.dir/src/tud_cdc_descript.c.obj
                0x100004e8                process_message
 .text.receive_data
                0x10000aec       0xcc CMakeFiles/host.dir/src/tud_cdc_descript.c.obj
                0x10000aec                receive_data
 .text.gpio_set_function
                0x10000bb8       0x34 CMakeFiles/host.dir/D_/YQRepo/pico/pico-sdk/src/rp2_common/hardware_gpio/gpio.c.obj
                0x10000bb8                gpio_set_function
 .text.gpio_init
                0x10000bec       0x40 CMakeFiles/host.dir/D_/YQRepo/pico/pico-sdk/src/rp2_common/hardware_gpio/gpio.c.obj
                0x10000bec                gpio_init
 .text.rp2040_chip_version
                0x10000c2c        0xc CMakeFiles/host.dir/D_/YQRepo/pico/pico-sdk/src/rp2040/pico_platform/platform.c.obj
                0x10000c2c                rp2040_chip_version
 .text.panic    0x10000c38       0x30 CMakeFiles/host.dir/D_/YQRepo/pico/pico-sdk/src/rp2_common/pico_platform_panic/panic.c.obj
                0x10000c38                panic
 .text.hw_claim_or_assert
                0x10000c68       0x44 CMakeFiles/host.dir/D_/YQRepo/pico/pico-sdk/src/common/hardware_claim/claim.c.obj
                0x10000c68                hw_claim_or_assert
 .text.hw_claim_unused_from_range
                0x10000cac       0x9c CMakeFiles/host.dir/D_/YQRepo/pico/pico-sdk/src/common/hardware_claim/claim.c.obj
                0x10000cac                hw_claim_unused_from_range
 .text.next_striped_spin_lock_num
                0x10000d48       0x18 CMakeFiles/host.dir/D_/YQRepo/pico/pico-sdk/src/rp2_common/hardware_sync/sync.c.obj
                0x10000d48                next_striped_spin_lock_num
 .text.spin_lock_claim_unused
                0x10000d60       0x20 CMakeFiles/host.dir/D_/YQRepo/pico/pico-sdk/src/rp2_common/hardware_sync/sync.c.obj
                0x10000d60                spin_lock_claim_unused
 .text.spin_locks_reset
                0x10000d80       0x1c CMakeFiles/host.dir/D_/YQRepo/pico/pico-sdk/src/rp2_common/hardware_sync_spin_lock/sync_spin_lock.c.obj
                0x10000d80                spin_locks_reset
 .text.runtime_init_per_core_irq_priorities
                0x10000d9c       0x24 CMakeFiles/host.dir/D_/YQRepo/pico/pico-sdk/src/rp2_common/hardware_irq/irq.c.obj
                0x10000d9c                runtime_init_per_core_irq_priorities
 .text.irq_set_enabled
                0x10000dc0       0x24 CMakeFiles/host.dir/D_/YQRepo/pico/pico-sdk/src/rp2_common/hardware_irq/irq.c.obj
                0x10000dc0                irq_set_enabled
 .text.irq_is_enabled
                0x10000de4       0x18 CMakeFiles/host.dir/D_/YQRepo/pico/pico-sdk/src/rp2_common/hardware_irq/irq.c.obj
                0x10000de4                irq_is_enabled
 .text.irq_set_pending
                0x10000dfc       0x10 CMakeFiles/host.dir/D_/YQRepo/pico/pico-sdk/src/rp2_common/hardware_irq/irq.c.obj
                0x10000dfc                irq_set_pending
 .text.irq_has_shared_handler
                0x10000e0c       0x24 CMakeFiles/host.dir/D_/YQRepo/pico/pico-sdk/src/rp2_common/hardware_irq/irq.c.obj
                0x10000e0c                irq_has_shared_handler
 .text.irq_set_exclusive_handler
                0x10000e30       0x54 CMakeFiles/host.dir/D_/YQRepo/pico/pico-sdk/src/rp2_common/hardware_irq/irq.c.obj
                0x10000e30                irq_set_exclusive_handler
 .text.irq_add_shared_handler
                0x10000e84      0x1e8 CMakeFiles/host.dir/D_/YQRepo/pico/pico-sdk/src/rp2_common/hardware_irq/irq.c.obj
                0x10000e84                irq_add_shared_handler
 .text.irq_add_tail_to_free_list
                0x1000106c       0xb4 CMakeFiles/host.dir/D_/YQRepo/pico/pico-sdk/src/rp2_common/hardware_irq/irq.c.obj
                0x1000106c                irq_add_tail_to_free_list
 .text.user_irq_claim_unused
                0x10001120       0x28 CMakeFiles/host.dir/D_/YQRepo/pico/pico-sdk/src/rp2_common/hardware_irq/irq.c.obj
                0x10001120                user_irq_claim_unused
 .text.lock_init
                0x10001148       0x10 CMakeFiles/host.dir/D_/YQRepo/pico/pico-sdk/src/common/pico_sync/lock_core.c.obj
                0x10001148                lock_init
 .text.runtime_init_mutex
                0x10001158       0x58 CMakeFiles/host.dir/D_/YQRepo/pico/pico-sdk/src/common/pico_sync/mutex.c.obj
                0x10001158                runtime_init_mutex
 .text.mutex_init
                0x100011b0       0x1c CMakeFiles/host.dir/D_/YQRepo/pico/pico-sdk/src/common/pico_sync/mutex.c.obj
                0x100011b0                mutex_init
 .text.critical_section_init
                0x100011cc       0x20 CMakeFiles/host.dir/D_/YQRepo/pico/pico-sdk/src/common/pico_sync/critical_section.c.obj
                0x100011cc                critical_section_init
 .text.critical_section_init_with_lock_num
                0x100011ec       0x14 CMakeFiles/host.dir/D_/YQRepo/pico/pico-sdk/src/common/pico_sync/critical_section.c.obj
                0x100011ec                critical_section_init_with_lock_num
 .text.sleep_until_callback
                0x10001200       0x30 CMakeFiles/host.dir/D_/YQRepo/pico/pico-sdk/src/common/pico_time/time.c.obj
 .text.alarm_pool_irq_handler
                0x10001230      0x308 CMakeFiles/host.dir/D_/YQRepo/pico/pico-sdk/src/common/pico_time/time.c.obj
 .text.runtime_init_default_alarm_pool
                0x10001538       0xdc CMakeFiles/host.dir/D_/YQRepo/pico/pico-sdk/src/common/pico_time/time.c.obj
                0x10001538                runtime_init_default_alarm_pool
 .text.alarm_pool_get_default
                0x10001614        0x8 CMakeFiles/host.dir/D_/YQRepo/pico/pico-sdk/src/common/pico_time/time.c.obj
                0x10001614                alarm_pool_get_default
 .text.alarm_pool_add_alarm_at
                0x1000161c       0xc8 CMakeFiles/host.dir/D_/YQRepo/pico/pico-sdk/src/common/pico_time/time.c.obj
                0x1000161c                alarm_pool_add_alarm_at
 .text.alarm_pool_add_alarm_at_force_in_context
                0x100016e4       0xb0 CMakeFiles/host.dir/D_/YQRepo/pico/pico-sdk/src/common/pico_time/time.c.obj
                0x100016e4                alarm_pool_add_alarm_at_force_in_context
 .text.alarm_pool_cancel_alarm
                0x10001794       0x7c CMakeFiles/host.dir/D_/YQRepo/pico/pico-sdk/src/common/pico_time/time.c.obj
                0x10001794                alarm_pool_cancel_alarm
 .text.alarm_pool_core_num
                0x10001810        0x4 CMakeFiles/host.dir/D_/YQRepo/pico/pico-sdk/src/common/pico_time/time.c.obj
                0x10001810                alarm_pool_core_num
 .text.best_effort_wfe_or_timeout
                0x10001814       0xfc CMakeFiles/host.dir/D_/YQRepo/pico/pico-sdk/src/common/pico_time/time.c.obj
                0x10001814                best_effort_wfe_or_timeout
 .text.alarm_pool_add_repeating_timer_us
                0x10001910      0x120 CMakeFiles/host.dir/D_/YQRepo/pico/pico-sdk/src/common/pico_time/time.c.obj
                0x10001910                alarm_pool_add_repeating_timer_us
 .text.cancel_repeating_timer
                0x10001a30       0x8c CMakeFiles/host.dir/D_/YQRepo/pico/pico-sdk/src/common/pico_time/time.c.obj
                0x10001a30                cancel_repeating_timer
 .text.timer_hardware_alarm_claim
                0x10001abc       0x14 CMakeFiles/host.dir/D_/YQRepo/pico/pico-sdk/src/rp2_common/hardware_timer/timer.c.obj
                0x10001abc                timer_hardware_alarm_claim
 .text.timer_time_us_64
                0x10001ad0       0x10 CMakeFiles/host.dir/D_/YQRepo/pico/pico-sdk/src/rp2_common/hardware_timer/timer.c.obj
                0x10001ad0                timer_time_us_64
 .text.time_us_64
                0x10001ae0       0x14 CMakeFiles/host.dir/D_/YQRepo/pico/pico-sdk/src/rp2_common/hardware_timer/timer.c.obj
                0x10001ae0                time_us_64
 .text.busy_wait_us
                0x10001af4       0x54 CMakeFiles/host.dir/D_/YQRepo/pico/pico-sdk/src/rp2_common/hardware_timer/timer.c.obj
                0x10001af4                busy_wait_us
 .text.uart_init
                0x10001b48      0x11c CMakeFiles/host.dir/D_/YQRepo/pico/pico-sdk/src/rp2_common/hardware_uart/uart.c.obj
                0x10001b48                uart_init
 .text.clock_configure_int_divider
                0x10001c64       0xf4 CMakeFiles/host.dir/D_/YQRepo/pico/pico-sdk/src/rp2_common/hardware_clocks/clocks.c.obj
                0x10001c64                clock_configure_int_divider
 .text.clock_configure_undivided
                0x10001d58       0xe8 CMakeFiles/host.dir/D_/YQRepo/pico/pico-sdk/src/rp2_common/hardware_clocks/clocks.c.obj
                0x10001d58                clock_configure_undivided
 .text.clock_get_hz
                0x10001e40        0xc CMakeFiles/host.dir/D_/YQRepo/pico/pico-sdk/src/rp2_common/hardware_clocks/clocks.c.obj
                0x10001e40                clock_get_hz
 .text.pll_init
                0x10001e4c       0xa0 CMakeFiles/host.dir/D_/YQRepo/pico/pico-sdk/src/rp2_common/hardware_pll/pll.c.obj
                0x10001e4c                pll_init
 .text.watchdog_reboot
                0x10001eec       0x98 CMakeFiles/host.dir/D_/YQRepo/pico/pico-sdk/src/rp2_common/hardware_watchdog/watchdog.c.obj
                0x10001eec                watchdog_reboot
 .text.tick_start
                0x10001f84       0x10 CMakeFiles/host.dir/D_/YQRepo/pico/pico-sdk/src/rp2_common/hardware_ticks/ticks.c.obj
                0x10001f84                tick_start
 .text.rom_func_lookup
                0x10001f94       0x10 CMakeFiles/host.dir/D_/YQRepo/pico/pico-sdk/src/rp2_common/pico_bootrom/bootrom.c.obj
                0x10001f94                rom_func_lookup
 .text.rom_data_lookup
                0x10001fa4       0x10 CMakeFiles/host.dir/D_/YQRepo/pico/pico-sdk/src/rp2_common/pico_bootrom/bootrom.c.obj
                0x10001fa4                rom_data_lookup
 .text.rom_funcs_lookup
                0x10001fb4       0x44 CMakeFiles/host.dir/D_/YQRepo/pico/pico-sdk/src/rp2_common/pico_bootrom/bootrom.c.obj
                0x10001fb4                rom_funcs_lookup
 .text.rom_reset_usb_boot_extra
                0x10001ff8       0x28 CMakeFiles/host.dir/D_/YQRepo/pico/pico-sdk/src/rp2_common/pico_bootrom/bootrom.c.obj
                0x10001ff8                rom_reset_usb_boot_extra
 .text.xosc_init
                0x10002020       0x28 CMakeFiles/host.dir/D_/YQRepo/pico/pico-sdk/src/rp2_common/hardware_xosc/xosc.c.obj
                0x10002020                xosc_init
 .text.first_per_core_initializer
                0x10002048        0x4 CMakeFiles/host.dir/D_/YQRepo/pico/pico-sdk/src/rp2_common/pico_runtime/runtime.c.obj
 .text.hard_assertion_failure
                0x1000204c        0xc CMakeFiles/host.dir/D_/YQRepo/pico/pico-sdk/src/rp2_common/pico_runtime/runtime.c.obj
                0x1000204c                hard_assertion_failure
 .text.runtime_run_initializers
                0x10002058       0x28 CMakeFiles/host.dir/D_/YQRepo/pico/pico-sdk/src/rp2_common/pico_runtime/runtime.c.obj
                0x10002058                runtime_run_initializers
 .text.runtime_init_early_resets
                0x10002080       0x2c CMakeFiles/host.dir/D_/YQRepo/pico/pico-sdk/src/rp2_common/pico_runtime_init/runtime_init.c.obj
                0x10002080                runtime_init_early_resets
 .text.runtime_init_usb_power_down
                0x100020ac       0x1c CMakeFiles/host.dir/D_/YQRepo/pico/pico-sdk/src/rp2_common/pico_runtime_init/runtime_init.c.obj
                0x100020ac                runtime_init_usb_power_down
 .text.runtime_init_post_clock_resets
                0x100020c8       0x20 CMakeFiles/host.dir/D_/YQRepo/pico/pico-sdk/src/rp2_common/pico_runtime_init/runtime_init.c.obj
                0x100020c8                runtime_init_post_clock_resets
 .text.runtime_init_rp2040_gpio_ie_disable
                0x100020e8       0x14 CMakeFiles/host.dir/D_/YQRepo/pico/pico-sdk/src/rp2_common/pico_runtime_init/runtime_init.c.obj
                0x100020e8                runtime_init_rp2040_gpio_ie_disable
 .text.runtime_init_spin_locks_reset
                0x100020fc        0x8 CMakeFiles/host.dir/D_/YQRepo/pico/pico-sdk/src/rp2_common/pico_runtime_init/runtime_init.c.obj
                0x100020fc                runtime_init_spin_locks_reset
 .text.runtime_init_install_ram_vector_table
                0x10002104       0x1c CMakeFiles/host.dir/D_/YQRepo/pico/pico-sdk/src/rp2_common/pico_runtime_init/runtime_init.c.obj
                0x10002104                runtime_init_install_ram_vector_table
 .text.runtime_init_clocks
                0x10002120       0xd8 CMakeFiles/host.dir/D_/YQRepo/pico/pico-sdk/src/rp2_common/pico_runtime_init/runtime_init_clocks.c.obj
                0x10002120                runtime_init_clocks
 .text          0x100021f8       0x10 CMakeFiles/host.dir/D_/YQRepo/pico/pico-sdk/src/rp2_common/pico_bit_ops/bit_ops_aeabi.S.obj
 .text.__wrap___aeabi_uidiv
                0x10002208       0x4c CMakeFiles/host.dir/D_/YQRepo/pico/pico-sdk/src/rp2_common/pico_divider/divider_hardware.S.obj
                0x10002208                __wrap___aeabi_uidiv
                0x10002208                __wrap___aeabi_uidivmod
                0x10002208                div_u32u32
                0x10002208                divmod_u32u32
                0x10002210                divmod_u32u32_unsafe
                0x10002238                divmod_u32u32_savestate
 .text.__wrap___aeabi_ldiv
                0x10002254      0x424 CMakeFiles/host.dir/D_/YQRepo/pico/pico-sdk/src/rp2_common/pico_divider/divider_hardware.S.obj
                0x10002254                div_s64s64
                0x10002254                divmod_s64s64
                0x10002254                __wrap___aeabi_ldivmod
                0x10002284                divmod_u64u64
                0x10002284                div_u64u64
                0x10002284                __wrap___aeabi_uldivmod
                0x10002294                divmod_u64u64_savestate
                0x100022b4                divmod_s64s64_unsafe
                0x1000233c                divmod_u64u64_unsafe
 .text.__aeabi_double_init
                0x10002678       0xa0 CMakeFiles/host.dir/D_/YQRepo/pico/pico-sdk/src/rp2_common/pico_double/double_init_rom_rp2040.c.obj
                0x10002678                __aeabi_double_init
 .text.double_table_shim_on_use_helper
                0x10002718       0x2c CMakeFiles/host.dir/D_/YQRepo/pico/pico-sdk/src/rp2_common/pico_double/double_v1_rom_shim_rp2040.S.obj
                0x10002718                double_table_shim_on_use_helper
 .text.__aeabi_lmul
                0x10002744       0x32 CMakeFiles/host.dir/D_/YQRepo/pico/pico-sdk/src/rp2_common/pico_int64_ops/pico_int64_ops_aeabi.S.obj
                0x10002744                __wrap___aeabi_lmul
 *fill*         0x10002776        0x2 
 .text.__aeabi_float_init
                0x10002778       0x64 CMakeFiles/host.dir/D_/YQRepo/pico/pico-sdk/src/rp2_common/pico_float/float_init_rom_rp2040.c.obj
                0x10002778                __aeabi_float_init
 .text.float_table_shim_on_use_helper
                0x100027dc       0x2c CMakeFiles/host.dir/D_/YQRepo/pico/pico-sdk/src/rp2_common/pico_float/float_v1_rom_shim_rp2040.S.obj
                0x100027dc                float_table_shim_on_use_helper
 .text.__wrap_malloc
                0x10002808       0x24 CMakeFiles/host.dir/D_/YQRepo/pico/pico-sdk/src/rp2_common/pico_malloc/malloc.c.obj
                0x10002808                __wrap_malloc
 .text.__wrap_free
                0x1000282c        0x8 CMakeFiles/host.dir/D_/YQRepo/pico/pico-sdk/src/rp2_common/pico_malloc/malloc.c.obj
                0x1000282c                __wrap_free
 .text          0x10002834       0x10 CMakeFiles/host.dir/D_/YQRepo/pico/pico-sdk/src/rp2_common/pico_mem_ops/mem_ops_aeabi.S.obj
                0x10002834                __aeabi_mem_init
 .text.memset   0x10002844        0xc CMakeFiles/host.dir/D_/YQRepo/pico/pico-sdk/src/rp2_common/pico_mem_ops/mem_ops_aeabi.S.obj
                0x10002844                __wrap_memset
 .text.memcpy   0x10002850        0xc CMakeFiles/host.dir/D_/YQRepo/pico/pico-sdk/src/rp2_common/pico_mem_ops/mem_ops_aeabi.S.obj
                0x10002850                __wrap_memcpy
                0x10002850                __wrap___aeabi_memcpy
 .text._out_char
                0x1000285c       0x10 CMakeFiles/host.dir/D_/YQRepo/pico/pico-sdk/src/rp2_common/pico_printf/printf.c.obj
 .text.weak_raw_vprintf
                0x1000286c       0x30 CMakeFiles/host.dir/D_/YQRepo/pico/pico-sdk/src/rp2_common/pico_printf/printf.c.obj
                0x1000286c                weak_raw_vprintf
 .text._exit    0x1000289c        0x4 CMakeFiles/host.dir/D_/YQRepo/pico/pico-sdk/src/rp2_common/pico_clib_interface/newlib_interface.c.obj
                0x1000289c                _exit
 .text._sbrk    0x100028a0       0x34 CMakeFiles/host.dir/D_/YQRepo/pico/pico-sdk/src/rp2_common/pico_clib_interface/newlib_interface.c.obj
                0x100028a0                _sbrk
 .text.exit     0x100028d4        0x8 CMakeFiles/host.dir/D_/YQRepo/pico/pico-sdk/src/rp2_common/pico_clib_interface/newlib_interface.c.obj
                0x100028d4                exit
 .text.runtime_init
                0x100028dc       0x2c CMakeFiles/host.dir/D_/YQRepo/pico/pico-sdk/src/rp2_common/pico_clib_interface/newlib_interface.c.obj
                0x100028dc                runtime_init
 .text.stdio_out_chars_no_crlf
                0x10002908       0x10 CMakeFiles/host.dir/D_/YQRepo/pico/pico-sdk/src/rp2_common/pico_stdio/stdio.c.obj
 .text.stdio_out_chars_crlf
                0x10002918       0xb4 CMakeFiles/host.dir/D_/YQRepo/pico/pico-sdk/src/rp2_common/pico_stdio/stdio.c.obj
 .text.stdio_put_string
                0x100029cc      0x100 CMakeFiles/host.dir/D_/YQRepo/pico/pico-sdk/src/rp2_common/pico_stdio/stdio.c.obj
                0x100029cc                stdio_put_string
 .text.stdio_set_driver_enabled
                0x10002acc       0x30 CMakeFiles/host.dir/D_/YQRepo/pico/pico-sdk/src/rp2_common/pico_stdio/stdio.c.obj
                0x10002acc                stdio_set_driver_enabled
 .text.stdio_init_all
                0x10002afc        0x8 CMakeFiles/host.dir/D_/YQRepo/pico/pico-sdk/src/rp2_common/pico_stdio/stdio.c.obj
                0x10002afc                stdio_init_all
 .text.__wrap_putchar
                0x10002b04       0x98 CMakeFiles/host.dir/D_/YQRepo/pico/pico-sdk/src/rp2_common/pico_stdio/stdio.c.obj
                0x10002b04                __wrap_putchar
                0x10002b04                stdio_putchar
 .text.__wrap_puts
                0x10002b9c       0x3c CMakeFiles/host.dir/D_/YQRepo/pico/pico-sdk/src/rp2_common/pico_stdio/stdio.c.obj
                0x10002b9c                stdio_puts
                0x10002b9c                __wrap_puts
 .text.resetd_init
                0x10002bd8        0x4 CMakeFiles/host.dir/D_/YQRepo/pico/pico-sdk/src/rp2_common/pico_stdio_usb/reset_interface.c.obj
 .text.resetd_reset
                0x10002bdc        0xc CMakeFiles/host.dir/D_/YQRepo/pico/pico-sdk/src/rp2_common/pico_stdio_usb/reset_interface.c.obj
 .text.resetd_open
                0x10002be8       0x28 CMakeFiles/host.dir/D_/YQRepo/pico/pico-sdk/src/rp2_common/pico_stdio_usb/reset_interface.c.obj
 .text.resetd_xfer_cb
                0x10002c10        0x4 CMakeFiles/host.dir/D_/YQRepo/pico/pico-sdk/src/rp2_common/pico_stdio_usb/reset_interface.c.obj
 .text.resetd_control_xfer_cb
                0x10002c14       0x60 CMakeFiles/host.dir/D_/YQRepo/pico/pico-sdk/src/rp2_common/pico_stdio_usb/reset_interface.c.obj
 .text.tud_descriptor_bos_cb
                0x10002c74        0x8 CMakeFiles/host.dir/D_/YQRepo/pico/pico-sdk/src/rp2_common/pico_stdio_usb/reset_interface.c.obj
                0x10002c74                tud_descriptor_bos_cb
 .text.tud_vendor_control_xfer_cb
                0x10002c7c       0x34 CMakeFiles/host.dir/D_/YQRepo/pico/pico-sdk/src/rp2_common/pico_stdio_usb/reset_interface.c.obj
                0x10002c7c                tud_vendor_control_xfer_cb
 .text.usbd_app_driver_get_cb
                0x10002cb0        0xc CMakeFiles/host.dir/D_/YQRepo/pico/pico-sdk/src/rp2_common/pico_stdio_usb/reset_interface.c.obj
                0x10002cb0                usbd_app_driver_get_cb
 .text.tud_cdc_line_coding_cb
                0x10002cbc       0x2c CMakeFiles/host.dir/D_/YQRepo/pico/pico-sdk/src/rp2_common/pico_stdio_usb/reset_interface.c.obj
                0x10002cbc                tud_cdc_line_coding_cb
 .text.stdio_usb_set_chars_available_callback
                0x10002ce8       0x14 CMakeFiles/host.dir/D_/YQRepo/pico/pico-sdk/src/rp2_common/pico_stdio_usb/stdio_usb.c.obj
                0x10002ce8                stdio_usb_set_chars_available_callback
 .text.usb_irq  0x10002cfc       0x10 CMakeFiles/host.dir/D_/YQRepo/pico/pico-sdk/src/rp2_common/pico_stdio_usb/stdio_usb.c.obj
 .text.timer_task
                0x10002d0c       0x64 CMakeFiles/host.dir/D_/YQRepo/pico/pico-sdk/src/rp2_common/pico_stdio_usb/stdio_usb.c.obj
 .text.stdio_usb_in_chars
                0x10002d70       0x90 CMakeFiles/host.dir/D_/YQRepo/pico/pico-sdk/src/rp2_common/pico_stdio_usb/stdio_usb.c.obj
                0x10002d70                stdio_usb_in_chars
 .text.stdio_usb_out_flush
                0x10002e00       0x50 CMakeFiles/host.dir/D_/YQRepo/pico/pico-sdk/src/rp2_common/pico_stdio_usb/stdio_usb.c.obj
 .text.stdio_usb_out_chars
                0x10002e50      0x100 CMakeFiles/host.dir/D_/YQRepo/pico/pico-sdk/src/rp2_common/pico_stdio_usb/stdio_usb.c.obj
 .text.low_priority_worker_irq
                0x10002f50       0xc8 CMakeFiles/host.dir/D_/YQRepo/pico/pico-sdk/src/rp2_common/pico_stdio_usb/stdio_usb.c.obj
 .text.stdio_usb_init
                0x10003018       0xe8 CMakeFiles/host.dir/D_/YQRepo/pico/pico-sdk/src/rp2_common/pico_stdio_usb/stdio_usb.c.obj
                0x10003018                stdio_usb_init
 .text.tud_descriptor_device_cb
                0x10003100        0x8 CMakeFiles/host.dir/D_/YQRepo/pico/pico-sdk/src/rp2_common/pico_stdio_usb/stdio_usb_descriptors.c.obj
                0x10003100                tud_descriptor_device_cb
 .text.tud_descriptor_configuration_cb
                0x10003108        0x8 CMakeFiles/host.dir/D_/YQRepo/pico/pico-sdk/src/rp2_common/pico_stdio_usb/stdio_usb_descriptors.c.obj
                0x10003108                tud_descriptor_configuration_cb
 .text.tud_descriptor_string_cb
                0x10003110       0x74 CMakeFiles/host.dir/D_/YQRepo/pico/pico-sdk/src/rp2_common/pico_stdio_usb/stdio_usb_descriptors.c.obj
                0x10003110                tud_descriptor_string_cb
 .text.startup._retrieve_unique_id_on_boot
                0x10003184       0x10 CMakeFiles/host.dir/D_/YQRepo/pico/pico-sdk/src/rp2_common/pico_unique_id/unique_id.c.obj
 .text.pico_get_unique_board_id_string
                0x10003194      0x1a8 CMakeFiles/host.dir/D_/YQRepo/pico/pico-sdk/src/rp2_common/pico_unique_id/unique_id.c.obj
                0x10003194                pico_get_unique_board_id_string
 .text.flash_get_unique_id
                0x1000333c       0x40 CMakeFiles/host.dir/D_/YQRepo/pico/pico-sdk/src/rp2_common/hardware_flash/flash.c.obj
                0x1000333c                flash_get_unique_id
 .text.dcd_init
                0x1000337c       0x90 CMakeFiles/host.dir/D_/YQRepo/pico/pico-sdk/lib/tinyusb/src/portable/raspberrypi/rp2040/dcd_rp2040.c.obj
                0x1000337c                dcd_init
 .text.dcd_int_enable
                0x1000340c        0xc CMakeFiles/host.dir/D_/YQRepo/pico/pico-sdk/lib/tinyusb/src/portable/raspberrypi/rp2040/dcd_rp2040.c.obj
                0x1000340c                dcd_int_enable
 .text.dcd_set_address
                0x10003418       0x14 CMakeFiles/host.dir/D_/YQRepo/pico/pico-sdk/lib/tinyusb/src/portable/raspberrypi/rp2040/dcd_rp2040.c.obj
                0x10003418                dcd_set_address
 .text.dcd_sof_enable
                0x1000342c       0x1c CMakeFiles/host.dir/D_/YQRepo/pico/pico-sdk/lib/tinyusb/src/portable/raspberrypi/rp2040/dcd_rp2040.c.obj
                0x1000342c                dcd_sof_enable
 .text.dcd_edpt0_status_complete
                0x10003448       0x1c CMakeFiles/host.dir/D_/YQRepo/pico/pico-sdk/lib/tinyusb/src/portable/raspberrypi/rp2040/dcd_rp2040.c.obj
                0x10003448                dcd_edpt0_status_complete
 .text.dcd_edpt_open
                0x10003464      0x114 CMakeFiles/host.dir/D_/YQRepo/pico/pico-sdk/lib/tinyusb/src/portable/raspberrypi/rp2040/dcd_rp2040.c.obj
                0x10003464                dcd_edpt_open
 .text.dcd_edpt_close_all
                0x10003578        0x8 CMakeFiles/host.dir/D_/YQRepo/pico/pico-sdk/lib/tinyusb/src/portable/raspberrypi/rp2040/dcd_rp2040.c.obj
                0x10003578                dcd_edpt_close_all
 .text.dcd_edpt_xfer
                0x10003580       0x24 CMakeFiles/host.dir/D_/YQRepo/pico/pico-sdk/lib/tinyusb/src/portable/raspberrypi/rp2040/dcd_rp2040.c.obj
                0x10003580                dcd_edpt_xfer
 .text.dcd_edpt_stall
                0x100035a4       0x38 CMakeFiles/host.dir/D_/YQRepo/pico/pico-sdk/lib/tinyusb/src/portable/raspberrypi/rp2040/dcd_rp2040.c.obj
                0x100035a4                dcd_edpt_stall
 .text.dcd_edpt_clear_stall
                0x100035dc       0x30 CMakeFiles/host.dir/D_/YQRepo/pico/pico-sdk/lib/tinyusb/src/portable/raspberrypi/rp2040/dcd_rp2040.c.obj
                0x100035dc                dcd_edpt_clear_stall
 .text.rp2040_usb_init
                0x1000360c       0x40 CMakeFiles/host.dir/D_/YQRepo/pico/pico-sdk/lib/tinyusb/src/portable/raspberrypi/rp2040/rp2040_usb.c.obj
                0x1000360c                rp2040_usb_init
 .text.hw_endpoint_xfer_start
                0x1000364c       0x50 CMakeFiles/host.dir/D_/YQRepo/pico/pico-sdk/lib/tinyusb/src/portable/raspberrypi/rp2040/rp2040_usb.c.obj
                0x1000364c                hw_endpoint_xfer_start
 .text.tud_event_hook_cb
                0x1000369c        0x4 CMakeFiles/host.dir/D_/YQRepo/pico/pico-sdk/lib/tinyusb/src/device/usbd.c.obj
                0x1000369c                tud_event_hook_cb
 .text.tud_sof_cb
                0x100036a0        0x4 CMakeFiles/host.dir/D_/YQRepo/pico/pico-sdk/lib/tinyusb/src/device/usbd.c.obj
                0x100036a0                tud_sof_cb
 .text.tud_descriptor_device_qualifier_cb
                0x100036a4        0x4 CMakeFiles/host.dir/D_/YQRepo/pico/pico-sdk/lib/tinyusb/src/device/usbd.c.obj
                0x100036a4                tud_descriptor_device_qualifier_cb
 .text.tud_descriptor_other_speed_configuration_cb
                0x100036a8        0x4 CMakeFiles/host.dir/D_/YQRepo/pico/pico-sdk/lib/tinyusb/src/device/usbd.c.obj
                0x100036a8                tud_descriptor_other_speed_configuration_cb
 .text.tud_mount_cb
                0x100036ac        0x4 CMakeFiles/host.dir/D_/YQRepo/pico/pico-sdk/lib/tinyusb/src/device/usbd.c.obj
                0x100036ac                tud_mount_cb
 .text.tud_umount_cb
                0x100036b0        0x4 CMakeFiles/host.dir/D_/YQRepo/pico/pico-sdk/lib/tinyusb/src/device/usbd.c.obj
                0x100036b0                tud_umount_cb
 .text.tud_suspend_cb
                0x100036b4        0x4 CMakeFiles/host.dir/D_/YQRepo/pico/pico-sdk/lib/tinyusb/src/device/usbd.c.obj
                0x100036b4                tud_suspend_cb
 .text.tud_resume_cb
                0x100036b8        0x4 CMakeFiles/host.dir/D_/YQRepo/pico/pico-sdk/lib/tinyusb/src/device/usbd.c.obj
                0x100036b8                tud_resume_cb
 .text.tud_mounted
                0x100036bc       0x10 CMakeFiles/host.dir/D_/YQRepo/pico/pico-sdk/lib/tinyusb/src/device/usbd.c.obj
                0x100036bc                tud_mounted
 .text.tud_suspended
                0x100036cc       0x10 CMakeFiles/host.dir/D_/YQRepo/pico/pico-sdk/lib/tinyusb/src/device/usbd.c.obj
                0x100036cc                tud_suspended
 .text.tud_rhport_init
                0x100036dc       0xf4 CMakeFiles/host.dir/D_/YQRepo/pico/pico-sdk/lib/tinyusb/src/device/usbd.c.obj
                0x100036dc                tud_rhport_init
 .text.tud_task_ext
                0x100037d0      0x800 CMakeFiles/host.dir/D_/YQRepo/pico/pico-sdk/lib/tinyusb/src/device/usbd.c.obj
                0x100037d0                tud_task_ext
 .text.usbd_open_edpt_pair
                0x10003fd0       0x9c CMakeFiles/host.dir/D_/YQRepo/pico/pico-sdk/lib/tinyusb/src/device/usbd.c.obj
                0x10003fd0                usbd_open_edpt_pair
 .text.usbd_edpt_open
                0x1000406c       0x34 CMakeFiles/host.dir/D_/YQRepo/pico/pico-sdk/lib/tinyusb/src/device/usbd.c.obj
                0x1000406c                usbd_edpt_open
 .text.usbd_edpt_claim
                0x100040a0       0x28 CMakeFiles/host.dir/D_/YQRepo/pico/pico-sdk/lib/tinyusb/src/device/usbd.c.obj
                0x100040a0                usbd_edpt_claim
 .text.usbd_edpt_release
                0x100040c8       0x28 CMakeFiles/host.dir/D_/YQRepo/pico/pico-sdk/lib/tinyusb/src/device/usbd.c.obj
                0x100040c8                usbd_edpt_release
 .text.usbd_edpt_xfer
                0x100040f0       0x4c CMakeFiles/host.dir/D_/YQRepo/pico/pico-sdk/lib/tinyusb/src/device/usbd.c.obj
                0x100040f0                usbd_edpt_xfer
 .text.tud_control_status
                0x1000413c       0x30 CMakeFiles/host.dir/D_/YQRepo/pico/pico-sdk/lib/tinyusb/src/device/usbd_control.c.obj
                0x1000413c                tud_control_status
 .text.tud_control_xfer
                0x1000416c       0xbc CMakeFiles/host.dir/D_/YQRepo/pico/pico-sdk/lib/tinyusb/src/device/usbd_control.c.obj
                0x1000416c                tud_control_xfer
 .text.usbd_control_reset
                0x10004228       0x14 CMakeFiles/host.dir/D_/YQRepo/pico/pico-sdk/lib/tinyusb/src/device/usbd_control.c.obj
                0x10004228                usbd_control_reset
 .text.usbd_control_set_complete_callback
                0x1000423c        0xc CMakeFiles/host.dir/D_/YQRepo/pico/pico-sdk/lib/tinyusb/src/device/usbd_control.c.obj
                0x1000423c                usbd_control_set_complete_callback
 .text.usbd_control_set_request
                0x10004248       0x1c CMakeFiles/host.dir/D_/YQRepo/pico/pico-sdk/lib/tinyusb/src/device/usbd_control.c.obj
                0x10004248                usbd_control_set_request
 .text.usbd_control_xfer_cb
                0x10004264       0xf0 CMakeFiles/host.dir/D_/YQRepo/pico/pico-sdk/lib/tinyusb/src/device/usbd_control.c.obj
                0x10004264                usbd_control_xfer_cb
 .text._prep_out_transaction.isra.0
                0x10004354       0x6c CMakeFiles/host.dir/D_/YQRepo/pico/pico-sdk/lib/tinyusb/src/class/cdc/cdc_device.c.obj
 .text.tud_cdc_n_connected
                0x100043c0       0x2c CMakeFiles/host.dir/D_/YQRepo/pico/pico-sdk/lib/tinyusb/src/class/cdc/cdc_device.c.obj
                0x100043c0                tud_cdc_n_connected
 .text.tud_cdc_n_available
                0x100043ec       0x18 CMakeFiles/host.dir/D_/YQRepo/pico/pico-sdk/lib/tinyusb/src/class/cdc/cdc_device.c.obj
                0x100043ec                tud_cdc_n_available
 .text.tud_cdc_n_read
                0x10004404       0x94 CMakeFiles/host.dir/D_/YQRepo/pico/pico-sdk/lib/tinyusb/src/class/cdc/cdc_device.c.obj
                0x10004404                tud_cdc_n_read
 .text.tud_cdc_n_write_flush
                0x10004498       0x78 CMakeFiles/host.dir/D_/YQRepo/pico/pico-sdk/lib/tinyusb/src/class/cdc/cdc_device.c.obj
                0x10004498                tud_cdc_n_write_flush
 .text.tud_cdc_n_write
                0x10004510       0x44 CMakeFiles/host.dir/D_/YQRepo/pico/pico-sdk/lib/tinyusb/src/class/cdc/cdc_device.c.obj
                0x10004510                tud_cdc_n_write
 .text.tud_cdc_n_write_available
                0x10004554       0x18 CMakeFiles/host.dir/D_/YQRepo/pico/pico-sdk/lib/tinyusb/src/class/cdc/cdc_device.c.obj
                0x10004554                tud_cdc_n_write_available
 .text.cdcd_init
                0x1000456c       0x70 CMakeFiles/host.dir/D_/YQRepo/pico/pico-sdk/lib/tinyusb/src/class/cdc/cdc_device.c.obj
                0x1000456c                cdcd_init
 .text.cdcd_deinit
                0x100045dc       0x24 CMakeFiles/host.dir/D_/YQRepo/pico/pico-sdk/lib/tinyusb/src/class/cdc/cdc_device.c.obj
                0x100045dc                cdcd_deinit
 .text.cdcd_reset
                0x10004600       0x4c CMakeFiles/host.dir/D_/YQRepo/pico/pico-sdk/lib/tinyusb/src/class/cdc/cdc_device.c.obj
                0x10004600                cdcd_reset
 .text.cdcd_open
                0x1000464c       0xa8 CMakeFiles/host.dir/D_/YQRepo/pico/pico-sdk/lib/tinyusb/src/class/cdc/cdc_device.c.obj
                0x1000464c                cdcd_open
 .text.cdcd_control_xfer_cb
                0x100046f4       0xe8 CMakeFiles/host.dir/D_/YQRepo/pico/pico-sdk/lib/tinyusb/src/class/cdc/cdc_device.c.obj
                0x100046f4                cdcd_control_xfer_cb
 .text.cdcd_xfer_cb
                0x100047dc       0xfc CMakeFiles/host.dir/D_/YQRepo/pico/pico-sdk/lib/tinyusb/src/class/cdc/cdc_device.c.obj
                0x100047dc                cdcd_xfer_cb
 .text.vendord_init
                0x100048d8       0x5c CMakeFiles/host.dir/D_/YQRepo/pico/pico-sdk/lib/tinyusb/src/class/vendor/vendor_device.c.obj
                0x100048d8                vendord_init
 .text.vendord_deinit
                0x10004934       0x1c CMakeFiles/host.dir/D_/YQRepo/pico/pico-sdk/lib/tinyusb/src/class/vendor/vendor_device.c.obj
                0x10004934                vendord_deinit
 .text.vendord_reset
                0x10004950       0x28 CMakeFiles/host.dir/D_/YQRepo/pico/pico-sdk/lib/tinyusb/src/class/vendor/vendor_device.c.obj
                0x10004950                vendord_reset
 .text.vendord_open
                0x10004978      0x128 CMakeFiles/host.dir/D_/YQRepo/pico/pico-sdk/lib/tinyusb/src/class/vendor/vendor_device.c.obj
                0x10004978                vendord_open
 .text.vendord_xfer_cb
                0x10004aa0       0x9c CMakeFiles/host.dir/D_/YQRepo/pico/pico-sdk/lib/tinyusb/src/class/vendor/vendor_device.c.obj
                0x10004aa0                vendord_xfer_cb
 .text.tusb_rhport_init
                0x10004b3c       0x48 CMakeFiles/host.dir/D_/YQRepo/pico/pico-sdk/lib/tinyusb/src/tusb.c.obj
                0x10004b3c                tusb_rhport_init
 .text.tu_edpt_claim
                0x10004b84       0x50 CMakeFiles/host.dir/D_/YQRepo/pico/pico-sdk/lib/tinyusb/src/tusb.c.obj
                0x10004b84                tu_edpt_claim
 .text.tu_edpt_release
                0x10004bd4       0x38 CMakeFiles/host.dir/D_/YQRepo/pico/pico-sdk/lib/tinyusb/src/tusb.c.obj
                0x10004bd4                tu_edpt_release
 .text.tu_edpt_validate
                0x10004c0c       0x78 CMakeFiles/host.dir/D_/YQRepo/pico/pico-sdk/lib/tinyusb/src/tusb.c.obj
                0x10004c0c                tu_edpt_validate
 .text.tu_edpt_bind_driver
                0x10004c84       0x34 CMakeFiles/host.dir/D_/YQRepo/pico/pico-sdk/lib/tinyusb/src/tusb.c.obj
                0x10004c84                tu_edpt_bind_driver
 .text.tu_edpt_stream_init
                0x10004cb8       0x6c CMakeFiles/host.dir/D_/YQRepo/pico/pico-sdk/lib/tinyusb/src/tusb.c.obj
                0x10004cb8                tu_edpt_stream_init
 .text.tu_edpt_stream_deinit
                0x10004d24        0x4 CMakeFiles/host.dir/D_/YQRepo/pico/pico-sdk/lib/tinyusb/src/tusb.c.obj
                0x10004d24                tu_edpt_stream_deinit
 .text.tu_edpt_stream_write_zlp_if_needed
                0x10004d28       0x58 CMakeFiles/host.dir/D_/YQRepo/pico/pico-sdk/lib/tinyusb/src/tusb.c.obj
                0x10004d28                tu_edpt_stream_write_zlp_if_needed
 .text.tu_edpt_stream_write_xfer
                0x10004d80       0x64 CMakeFiles/host.dir/D_/YQRepo/pico/pico-sdk/lib/tinyusb/src/tusb.c.obj
                0x10004d80                tu_edpt_stream_write_xfer
 .text.tu_edpt_stream_read_xfer
                0x10004de4       0xdc CMakeFiles/host.dir/D_/YQRepo/pico/pico-sdk/lib/tinyusb/src/tusb.c.obj
                0x10004de4                tu_edpt_stream_read_xfer
 .text.tu_fifo_config
                0x10004ec0       0x70 CMakeFiles/host.dir/D_/YQRepo/pico/pico-sdk/lib/tinyusb/src/common/tusb_fifo.c.obj
                0x10004ec0                tu_fifo_config
 .text.tu_fifo_count
                0x10004f30       0x2c CMakeFiles/host.dir/D_/YQRepo/pico/pico-sdk/lib/tinyusb/src/common/tusb_fifo.c.obj
                0x10004f30                tu_fifo_count
 .text.tu_fifo_empty
                0x10004f5c       0x10 CMakeFiles/host.dir/D_/YQRepo/pico/pico-sdk/lib/tinyusb/src/common/tusb_fifo.c.obj
                0x10004f5c                tu_fifo_empty
 .text.tu_fifo_remaining
                0x10004f6c       0x2c CMakeFiles/host.dir/D_/YQRepo/pico/pico-sdk/lib/tinyusb/src/common/tusb_fifo.c.obj
                0x10004f6c                tu_fifo_remaining
 .text.tu_fifo_read
                0x10004f98       0xa0 CMakeFiles/host.dir/D_/YQRepo/pico/pico-sdk/lib/tinyusb/src/common/tusb_fifo.c.obj
                0x10004f98                tu_fifo_read
 .text.tu_fifo_read_n
                0x10005038       0xec CMakeFiles/host.dir/D_/YQRepo/pico/pico-sdk/lib/tinyusb/src/common/tusb_fifo.c.obj
                0x10005038                tu_fifo_read_n
 .text.tu_fifo_write
                0x10005124       0x88 CMakeFiles/host.dir/D_/YQRepo/pico/pico-sdk/lib/tinyusb/src/common/tusb_fifo.c.obj
                0x10005124                tu_fifo_write
 .text.tu_fifo_write_n
                0x100051ac      0x168 CMakeFiles/host.dir/D_/YQRepo/pico/pico-sdk/lib/tinyusb/src/common/tusb_fifo.c.obj
                0x100051ac                tu_fifo_write_n
 .text.tu_fifo_clear
                0x10005314       0x40 CMakeFiles/host.dir/D_/YQRepo/pico/pico-sdk/lib/tinyusb/src/common/tusb_fifo.c.obj
                0x10005314                tu_fifo_clear
 .text.tu_fifo_set_overwritable
                0x10005354       0x48 CMakeFiles/host.dir/D_/YQRepo/pico/pico-sdk/lib/tinyusb/src/common/tusb_fifo.c.obj
                0x10005354                tu_fifo_set_overwritable
 .text.malloc   0x1000539c       0x14 c:/progra~2/gnuarm~1/102021~1.10/bin/../lib/gcc/arm-none-eabi/10.3.1/../../../../arm-none-eabi/lib/thumb/v6-m/nofp\libg.a(lib_a-malloc.o)
                0x1000539c                malloc
 .text.free     0x100053b0       0x14 c:/progra~2/gnuarm~1/102021~1.10/bin/../lib/gcc/arm-none-eabi/10.3.1/../../../../arm-none-eabi/lib/thumb/v6-m/nofp\libg.a(lib_a-malloc.o)
                0x100053b0                free
 .text._malloc_r
                0x100053c4      0x584 c:/progra~2/gnuarm~1/102021~1.10/bin/../lib/gcc/arm-none-eabi/10.3.1/../../../../arm-none-eabi/lib/thumb/v6-m/nofp\libg.a(lib_a-mallocr.o)
                0x100053c4                _malloc_r
 .text.__malloc_lock
                0x10005948       0x10 c:/progra~2/gnuarm~1/102021~1.10/bin/../lib/gcc/arm-none-eabi/10.3.1/../../../../arm-none-eabi/lib/thumb/v6-m/nofp\libg.a(lib_a-mlock.o)
                0x10005948                __malloc_lock
 .text.__malloc_unlock
                0x10005958       0x10 c:/progra~2/gnuarm~1/102021~1.10/bin/../lib/gcc/arm-none-eabi/10.3.1/../../../../arm-none-eabi/lib/thumb/v6-m/nofp\libg.a(lib_a-mlock.o)
                0x10005958                __malloc_unlock
 .text._sbrk_r  0x10005968       0x24 c:/progra~2/gnuarm~1/102021~1.10/bin/../lib/gcc/arm-none-eabi/10.3.1/../../../../arm-none-eabi/lib/thumb/v6-m/nofp\libg.a(lib_a-sbrkr.o)
                0x10005968                _sbrk_r
 .text.strlen   0x1000598c       0x5c c:/progra~2/gnuarm~1/102021~1.10/bin/../lib/gcc/arm-none-eabi/10.3.1/../../../../arm-none-eabi/lib/thumb/v6-m/nofp\libg.a(lib_a-strlen-stub.o)
                0x1000598c                strlen
 .text._malloc_trim_r
                0x100059e8       0x9c c:/progra~2/gnuarm~1/102021~1.10/bin/../lib/gcc/arm-none-eabi/10.3.1/../../../../arm-none-eabi/lib/thumb/v6-m/nofp\libg.a(lib_a-freer.o)
                0x100059e8                _malloc_trim_r
 .text._free_r  0x10005a84      0x1c4 c:/progra~2/gnuarm~1/102021~1.10/bin/../lib/gcc/arm-none-eabi/10.3.1/../../../../arm-none-eabi/lib/thumb/v6-m/nofp\libg.a(lib_a-freer.o)
                0x10005a84                _free_r
 .text.__retarget_lock_acquire_recursive
                0x10005c48        0x4 c:/progra~2/gnuarm~1/102021~1.10/bin/../lib/gcc/arm-none-eabi/10.3.1/../../../../arm-none-eabi/lib/thumb/v6-m/nofp\libg.a(lib_a-lock.o)
                0x10005c48                __retarget_lock_acquire_recursive
 .text.__retarget_lock_release_recursive
                0x10005c4c        0x4 c:/progra~2/gnuarm~1/102021~1.10/bin/../lib/gcc/arm-none-eabi/10.3.1/../../../../arm-none-eabi/lib/thumb/v6-m/nofp\libg.a(lib_a-lock.o)
                0x10005c4c                __retarget_lock_release_recursive
 *(.fini)
 .fini          0x10005c50        0x4 c:/progra~2/gnuarm~1/102021~1.10/bin/../lib/gcc/arm-none-eabi/10.3.1/thumb/v6-m/nofp/crti.o
                0x10005c50                _fini
 *fill*         0x10005c54        0x4 
 .fini.__stub   0x10005c58       0xd0 linker stubs
 *crtbegin.o(.ctors)
 *crtbegin?.o(.ctors)
 *(EXCLUDE_FILE(*crtend.o *crtend?.o) .ctors)
 *(SORT_BY_NAME(.ctors.*))
 *(.ctors)
 *crtbegin.o(.dtors)
 *crtbegin?.o(.dtors)
 *(EXCLUDE_FILE(*crtend.o *crtend?.o) .dtors)
 *(SORT_BY_NAME(.dtors.*))
 *(.dtors)
                0x10005d28                . = ALIGN (0x4)
                0x10005d28                PROVIDE (__preinit_array_start = .)
 *(SORT_BY_NAME(.preinit_array.*))
 .preinit_array.00100
                0x10005d28        0x4 CMakeFiles/host.dir/D_/YQRepo/pico/pico-sdk/src/rp2_common/pico_runtime_init/runtime_init.c.obj
                0x10005d28                __pre_init_runtime_init_early_resets
 .preinit_array.00101
                0x10005d2c        0x4 CMakeFiles/host.dir/D_/YQRepo/pico/pico-sdk/src/rp2_common/pico_runtime_init/runtime_init.c.obj
                0x10005d2c                __pre_init_runtime_init_usb_power_down
 .preinit_array.00275
                0x10005d30        0x4 CMakeFiles/host.dir/D_/YQRepo/pico/pico-sdk/src/rp2_common/pico_bit_ops/bit_ops_aeabi.S.obj
 .preinit_array.00300
                0x10005d34        0x4 CMakeFiles/host.dir/D_/YQRepo/pico/pico-sdk/src/rp2_common/pico_mem_ops/mem_ops_aeabi.S.obj
 .preinit_array.00350
                0x10005d38        0x4 CMakeFiles/host.dir/D_/YQRepo/pico/pico-sdk/src/rp2_common/pico_double/double_aeabi_rp2040.S.obj
 .preinit_array.00350
                0x10005d3c        0x4 CMakeFiles/host.dir/D_/YQRepo/pico/pico-sdk/src/rp2_common/pico_float/float_aeabi_rp2040.S.obj
 .preinit_array.00500
                0x10005d40        0x4 CMakeFiles/host.dir/D_/YQRepo/pico/pico-sdk/src/rp2_common/pico_runtime_init/runtime_init.c.obj
                0x10005d40                __pre_init_runtime_init_clocks
 .preinit_array.00600
                0x10005d44        0x4 CMakeFiles/host.dir/D_/YQRepo/pico/pico-sdk/src/rp2_common/pico_runtime_init/runtime_init.c.obj
                0x10005d44                __pre_init_runtime_init_post_clock_resets
 .preinit_array.00700
                0x10005d48        0x4 CMakeFiles/host.dir/D_/YQRepo/pico/pico-sdk/src/rp2_common/pico_runtime_init/runtime_init.c.obj
                0x10005d48                __pre_init_runtime_init_rp2040_gpio_ie_disable
 .preinit_array.01000
                0x10005d4c        0x4 CMakeFiles/host.dir/D_/YQRepo/pico/pico-sdk/src/rp2_common/pico_runtime_init/runtime_init.c.obj
                0x10005d4c                __pre_init_runtime_init_spin_locks_reset
 .preinit_array.01100
                0x10005d50        0x4 CMakeFiles/host.dir/D_/YQRepo/pico/pico-sdk/src/common/pico_sync/mutex.c.obj
                0x10005d50                __pre_init_runtime_init_mutex
 .preinit_array.10080
                0x10005d54        0x4 CMakeFiles/host.dir/D_/YQRepo/pico/pico-sdk/src/rp2_common/pico_runtime_init/runtime_init.c.obj
                0x10005d54                __pre_init_runtime_init_install_ram_vector_table
 .preinit_array.11000
                0x10005d58        0x4 CMakeFiles/host.dir/D_/YQRepo/pico/pico-sdk/src/common/pico_time/time.c.obj
                0x10005d58                __pre_init_runtime_init_default_alarm_pool
 .preinit_array.YYYYY
                0x10005d5c        0x4 CMakeFiles/host.dir/D_/YQRepo/pico/pico-sdk/src/rp2_common/pico_runtime/runtime.c.obj
                0x10005d5c                __pre_init_first_per_core_initializer
 .preinit_array.ZZZZZ.01200
                0x10005d60        0x4 CMakeFiles/host.dir/D_/YQRepo/pico/pico-sdk/src/rp2_common/hardware_irq/irq.c.obj
                0x10005d60                __pre_init_runtime_init_per_core_irq_priorities
 *(.preinit_array)
                0x10005d64                PROVIDE (__preinit_array_end = .)
                0x10005d64                . = ALIGN (0x4)
                0x10005d64                PROVIDE (__init_array_start = .)
 *(SORT_BY_NAME(.init_array.*))
 *(.init_array)
 .init_array    0x10005d64        0x4 c:/progra~2/gnuarm~1/102021~1.10/bin/../lib/gcc/arm-none-eabi/10.3.1/thumb/v6-m/nofp/crtbegin.o
 .init_array    0x10005d68        0x4 CMakeFiles/host.dir/D_/YQRepo/pico/pico-sdk/src/rp2_common/pico_unique_id/unique_id.c.obj
                0x10005d6c                PROVIDE (__init_array_end = .)
                0x10005d6c                . = ALIGN (0x4)
                [!provide]                PROVIDE (__fini_array_start = .)
 *(SORT_BY_NAME(.fini_array.*))
 *(.fini_array)
                [!provide]                PROVIDE (__fini_array_end = .)
 *(.eh_frame*)
 .eh_frame      0x10005d6c        0x0 c:/progra~2/gnuarm~1/102021~1.10/bin/../lib/gcc/arm-none-eabi/10.3.1/thumb/v6-m/nofp/crtbegin.o
                0x10005d6c                . = ALIGN (0x4)

.glue_7         0x10005d6c        0x0
 .glue_7        0x10005d6c        0x0 linker stubs

.glue_7t        0x10005d6c        0x0
 .glue_7t       0x10005d6c        0x0 linker stubs

.vfp11_veneer   0x10005d6c        0x0
 .vfp11_veneer  0x10005d6c        0x0 linker stubs

.v4_bx          0x10005d6c        0x0
 .v4_bx         0x10005d6c        0x0 linker stubs

.iplt           0x10005d6c        0x0
 .iplt          0x10005d6c        0x0 c:/progra~2/gnuarm~1/102021~1.10/bin/../lib/gcc/arm-none-eabi/10.3.1/thumb/v6-m/nofp/crtbegin.o

.rodata         0x10005d6c      0x4c4
 *(EXCLUDE_FILE(*libm.a: *libc.a:*lib_a-mem*.o *libgcc.a:) .rodata*)
 .rodata.process_message
                0x10005d6c       0xa8 CMakeFiles/host.dir/src/tud_cdc_descript.c.obj
 .rodata.panic.str1.4
                0x10005e14       0x12 CMakeFiles/host.dir/D_/YQRepo/pico/pico-sdk/src/rp2_common/pico_platform_panic/panic.c.obj
 *fill*         0x10005e26        0x2 
 .rodata.spin_lock_claim_unused.str1.4
                0x10005e28       0x1b CMakeFiles/host.dir/D_/YQRepo/pico/pico-sdk/src/rp2_common/hardware_sync/sync.c.obj
 *fill*         0x10005e43        0x1 
 .rodata.user_irq_claim_unused.str1.4
                0x10005e44       0x1b CMakeFiles/host.dir/D_/YQRepo/pico/pico-sdk/src/rp2_common/hardware_irq/irq.c.obj
 *fill*         0x10005e5f        0x1 
 .rodata.timer_hardware_alarm_claim.str1.4
                0x10005e60       0x22 CMakeFiles/host.dir/D_/YQRepo/pico/pico-sdk/src/rp2_common/hardware_timer/timer.c.obj
 *fill*         0x10005e82        0x2 
 .rodata.hard_assertion_failure.str1.4
                0x10005e84        0xc CMakeFiles/host.dir/D_/YQRepo/pico/pico-sdk/src/rp2_common/pico_runtime/runtime.c.obj
 .rodata.__wrap_malloc.str1.4
                0x10005e90        0xe CMakeFiles/host.dir/D_/YQRepo/pico/pico-sdk/src/rp2_common/pico_malloc/malloc.c.obj
 *fill*         0x10005e9e        0x2 
 .rodata.str1.4
                0x10005ea0       0x3c CMakeFiles/host.dir/D_/YQRepo/pico/pico-sdk/src/rp2_common/pico_standard_binary_info/standard_binary_info.c.obj
 .rodata.__bi_26
                0x10005edc        0xc CMakeFiles/host.dir/D_/YQRepo/pico/pico-sdk/src/rp2_common/pico_standard_binary_info/standard_binary_info.c.obj
 .rodata.__bi_34
                0x10005ee8        0xc CMakeFiles/host.dir/D_/YQRepo/pico/pico-sdk/src/rp2_common/pico_standard_binary_info/standard_binary_info.c.obj
 .rodata.__bi_42
                0x10005ef4        0xc CMakeFiles/host.dir/D_/YQRepo/pico/pico-sdk/src/rp2_common/pico_standard_binary_info/standard_binary_info.c.obj
 .rodata.__bi_48
                0x10005f00        0xc CMakeFiles/host.dir/D_/YQRepo/pico/pico-sdk/src/rp2_common/pico_standard_binary_info/standard_binary_info.c.obj
 .rodata.__bi_54
                0x10005f0c        0xc CMakeFiles/host.dir/D_/YQRepo/pico/pico-sdk/src/rp2_common/pico_standard_binary_info/standard_binary_info.c.obj
 .rodata.__bi_78
                0x10005f18        0xc CMakeFiles/host.dir/D_/YQRepo/pico/pico-sdk/src/rp2_common/pico_standard_binary_info/standard_binary_info.c.obj
 .rodata.__bi_84
                0x10005f24        0xc CMakeFiles/host.dir/D_/YQRepo/pico/pico-sdk/src/rp2_common/pico_standard_binary_info/standard_binary_info.c.obj
 .rodata.crlf_str.0
                0x10005f30        0x2 CMakeFiles/host.dir/D_/YQRepo/pico/pico-sdk/src/rp2_common/pico_stdio/stdio.c.obj
 *fill*         0x10005f32        0x2 
 .rodata._resetd_driver
                0x10005f34       0x20 CMakeFiles/host.dir/D_/YQRepo/pico/pico-sdk/src/rp2_common/pico_stdio_usb/reset_interface.c.obj
 .rodata.desc_bos
                0x10005f54       0x21 CMakeFiles/host.dir/D_/YQRepo/pico/pico-sdk/src/rp2_common/pico_stdio_usb/reset_interface.c.obj
                0x10005f54                desc_bos
 *fill*         0x10005f75        0x3 
 .rodata.desc_ms_os_20
                0x10005f78       0xa6 CMakeFiles/host.dir/D_/YQRepo/pico/pico-sdk/src/rp2_common/pico_stdio_usb/reset_interface.c.obj
 *fill*         0x1000601e        0x2 
 .rodata.str1.4
                0x10006020       0x13 CMakeFiles/host.dir/D_/YQRepo/pico/pico-sdk/src/rp2_common/pico_stdio_usb/stdio_usb.c.obj
 *fill*         0x10006033        0x1 
 .rodata.__bi_197.0
                0x10006034        0xc CMakeFiles/host.dir/D_/YQRepo/pico/pico-sdk/src/rp2_common/pico_stdio_usb/stdio_usb.c.obj
 .rodata.str1.4
                0x10006040       0x2a CMakeFiles/host.dir/D_/YQRepo/pico/pico-sdk/src/rp2_common/pico_stdio_usb/stdio_usb_descriptors.c.obj
 *fill*         0x1000606a        0x2 
 .rodata.usbd_desc_cfg
                0x1000606c       0x54 CMakeFiles/host.dir/D_/YQRepo/pico/pico-sdk/src/rp2_common/pico_stdio_usb/stdio_usb_descriptors.c.obj
 .rodata.usbd_desc_device
                0x100060c0       0x12 CMakeFiles/host.dir/D_/YQRepo/pico/pico-sdk/src/rp2_common/pico_stdio_usb/stdio_usb_descriptors.c.obj
 *fill*         0x100060d2        0x2 
 .rodata.usbd_desc_str
                0x100060d4       0x18 CMakeFiles/host.dir/D_/YQRepo/pico/pico-sdk/src/rp2_common/pico_stdio_usb/stdio_usb_descriptors.c.obj
 .rodata.str1.4
                0x100060ec       0x14 CMakeFiles/host.dir/D_/YQRepo/pico/pico-sdk/lib/tinyusb/src/portable/raspberrypi/rp2040/dcd_rp2040.c.obj
 .rodata.str1.4
                0x10006100       0x48 CMakeFiles/host.dir/D_/YQRepo/pico/pico-sdk/lib/tinyusb/src/portable/raspberrypi/rp2040/rp2040_usb.c.obj
 .rodata.tud_task_ext
                0x10006148       0x8c CMakeFiles/host.dir/D_/YQRepo/pico/pico-sdk/lib/tinyusb/src/device/usbd.c.obj
 .rodata        0x100061d4       0x1c CMakeFiles/host.dir/D_/YQRepo/pico/pico-sdk/lib/tinyusb/src/device/usbd.c.obj
 .rodata._usbd_driver
                0x100061f0       0x40 CMakeFiles/host.dir/D_/YQRepo/pico/pico-sdk/lib/tinyusb/src/device/usbd.c.obj
                0x10006230                . = ALIGN (0x4)
 *(SORT_BY_ALIGNMENT(SORT_BY_NAME(.flashdata*)))
                0x10006230                . = ALIGN (0x4)

.ARM.extab
 *(.ARM.extab* .gnu.linkonce.armextab.*)
                0x10006230                __exidx_start = .

.ARM.exidx
 *(.ARM.exidx* .gnu.linkonce.armexidx.*)
                0x10006230                __exidx_end = .
                0x10006230                . = ALIGN (0x4)
                0x10006230                __binary_info_start = .

.binary_info    0x10006230       0x20
 *(.binary_info.keep.*)
 .binary_info.keep.__bi_ptr26
                0x10006230        0x4 CMakeFiles/host.dir/D_/YQRepo/pico/pico-sdk/src/rp2_common/pico_standard_binary_info/standard_binary_info.c.obj
 .binary_info.keep.__bi_ptr34
                0x10006234        0x4 CMakeFiles/host.dir/D_/YQRepo/pico/pico-sdk/src/rp2_common/pico_standard_binary_info/standard_binary_info.c.obj
 .binary_info.keep.__bi_ptr42
                0x10006238        0x4 CMakeFiles/host.dir/D_/YQRepo/pico/pico-sdk/src/rp2_common/pico_standard_binary_info/standard_binary_info.c.obj
 .binary_info.keep.__bi_ptr48
                0x1000623c        0x4 CMakeFiles/host.dir/D_/YQRepo/pico/pico-sdk/src/rp2_common/pico_standard_binary_info/standard_binary_info.c.obj
 .binary_info.keep.__bi_ptr54
                0x10006240        0x4 CMakeFiles/host.dir/D_/YQRepo/pico/pico-sdk/src/rp2_common/pico_standard_binary_info/standard_binary_info.c.obj
 .binary_info.keep.__bi_ptr78
                0x10006244        0x4 CMakeFiles/host.dir/D_/YQRepo/pico/pico-sdk/src/rp2_common/pico_standard_binary_info/standard_binary_info.c.obj
 .binary_info.keep.__bi_ptr84
                0x10006248        0x4 CMakeFiles/host.dir/D_/YQRepo/pico/pico-sdk/src/rp2_common/pico_standard_binary_info/standard_binary_info.c.obj
 *(.binary_info.*)
 .binary_info.__bi_ptr197
                0x1000624c        0x4 CMakeFiles/host.dir/D_/YQRepo/pico/pico-sdk/src/rp2_common/pico_stdio_usb/stdio_usb.c.obj
                0x10006250                __binary_info_end = .

.rel.dyn        0x10006250        0x0
 .rel.iplt      0x10006250        0x0 c:/progra~2/gnuarm~1/102021~1.10/bin/../lib/gcc/arm-none-eabi/10.3.1/thumb/v6-m/nofp/crtbegin.o
                0x10006250                . = ALIGN (0x4)

.ram_vector_table
                0x20000000       0xc0
 *(.ram_vector_table)
 .ram_vector_table
                0x20000000       0xc0 CMakeFiles/host.dir/D_/YQRepo/pico/pico-sdk/src/rp2_common/pico_runtime_init/runtime_init.c.obj
                0x20000000                ram_vector_table

.uninitialized_data
                0x200000c0        0x0
                0x200000c0                . = ALIGN (0x4)
 *(.uninitialized_data*)

.data           0x200000c0     0x1980 load address 0x10006250
                0x200000c0                __data_start__ = .
 *(vtable)
 *(.time_critical*)
 .time_critical.mutex_try_enter
                0x200000c0       0x44 CMakeFiles/host.dir/D_/YQRepo/pico/pico-sdk/src/common/pico_sync/mutex.c.obj
                0x200000c0                mutex_try_enter
 .time_critical.mutex_try_enter_block_until
                0x20000104       0x9c CMakeFiles/host.dir/D_/YQRepo/pico/pico-sdk/src/common/pico_sync/mutex.c.obj
                0x20000104                mutex_try_enter_block_until
 .time_critical.mutex_enter_timeout_ms
                0x200001a0       0x90 CMakeFiles/host.dir/D_/YQRepo/pico/pico-sdk/src/common/pico_sync/mutex.c.obj
                0x200001a0                mutex_enter_timeout_ms
 .time_critical.mutex_exit
                0x20000230       0x28 CMakeFiles/host.dir/D_/YQRepo/pico/pico-sdk/src/common/pico_sync/mutex.c.obj
                0x20000230                mutex_exit
 .time_critical.flash_init_boot2_copyout
                0x20000258       0x30 CMakeFiles/host.dir/D_/YQRepo/pico/pico-sdk/src/rp2_common/hardware_flash/flash.c.obj
 .time_critical.flash_enable_xip_via_boot2
                0x20000288       0x10 CMakeFiles/host.dir/D_/YQRepo/pico/pico-sdk/src/rp2_common/hardware_flash/flash.c.obj
 .time_critical.flash_cs_force
                0x20000298       0x38 CMakeFiles/host.dir/D_/YQRepo/pico/pico-sdk/src/rp2_common/hardware_flash/flash.c.obj
 .time_critical.flash_do_cmd
                0x200002d0       0xc4 CMakeFiles/host.dir/D_/YQRepo/pico/pico-sdk/src/rp2_common/hardware_flash/flash.c.obj
                0x200002d0                flash_do_cmd
 .time_critical.reset_non_control_endpoints
                0x20000394       0xbc CMakeFiles/host.dir/D_/YQRepo/pico/pico-sdk/lib/tinyusb/src/portable/raspberrypi/rp2040/dcd_rp2040.c.obj
 .time_critical.hw_handle_buff_status
                0x20000450       0x98 CMakeFiles/host.dir/D_/YQRepo/pico/pico-sdk/lib/tinyusb/src/portable/raspberrypi/rp2040/dcd_rp2040.c.obj
 .time_critical.dcd_rp2040_irq
                0x200004e8      0x530 CMakeFiles/host.dir/D_/YQRepo/pico/pico-sdk/lib/tinyusb/src/portable/raspberrypi/rp2040/dcd_rp2040.c.obj
 .time_critical.prepare_ep_buffer
                0x20000a18       0xf4 CMakeFiles/host.dir/D_/YQRepo/pico/pico-sdk/lib/tinyusb/src/portable/raspberrypi/rp2040/rp2040_usb.c.obj
 .time_critical.sync_ep_buffer
                0x20000b0c       0xb4 CMakeFiles/host.dir/D_/YQRepo/pico/pico-sdk/lib/tinyusb/src/portable/raspberrypi/rp2040/rp2040_usb.c.obj
 .time_critical._hw_endpoint_xfer_sync
                0x20000bc0       0x28 CMakeFiles/host.dir/D_/YQRepo/pico/pico-sdk/lib/tinyusb/src/portable/raspberrypi/rp2040/rp2040_usb.c.obj
 .time_critical.e15_is_bulkin_ep
                0x20000be8       0x28 CMakeFiles/host.dir/D_/YQRepo/pico/pico-sdk/lib/tinyusb/src/portable/raspberrypi/rp2040/rp2040_usb.c.obj
 .time_critical.e15_is_critical_frame_period
                0x20000c10       0x34 CMakeFiles/host.dir/D_/YQRepo/pico/pico-sdk/lib/tinyusb/src/portable/raspberrypi/rp2040/rp2040_usb.c.obj
 .time_critical.hw_endpoint_reset_transfer
                0x20000c44        0xc CMakeFiles/host.dir/D_/YQRepo/pico/pico-sdk/lib/tinyusb/src/portable/raspberrypi/rp2040/rp2040_usb.c.obj
                0x20000c44                hw_endpoint_reset_transfer
 .time_critical._hw_endpoint_buffer_control_update32
                0x20000c50       0x50 CMakeFiles/host.dir/D_/YQRepo/pico/pico-sdk/lib/tinyusb/src/portable/raspberrypi/rp2040/rp2040_usb.c.obj
                0x20000c50                _hw_endpoint_buffer_control_update32
 .time_critical.hw_endpoint_start_next_buffer
                0x20000ca0       0x6c CMakeFiles/host.dir/D_/YQRepo/pico/pico-sdk/lib/tinyusb/src/portable/raspberrypi/rp2040/rp2040_usb.c.obj
                0x20000ca0                hw_endpoint_start_next_buffer
 .time_critical.hw_endpoint_xfer_continue
                0x20000d0c       0x40 CMakeFiles/host.dir/D_/YQRepo/pico/pico-sdk/lib/tinyusb/src/portable/raspberrypi/rp2040/rp2040_usb.c.obj
                0x20000d0c                hw_endpoint_xfer_continue
 .time_critical.tinyusb
                0x20000d4c      0x1f0 CMakeFiles/host.dir/D_/YQRepo/pico/pico-sdk/lib/tinyusb/src/device/usbd.c.obj
                0x20000d4c                dcd_event_handler
 *(.text*)
 .text          0x20000f3c        0x4 c:/progra~2/gnuarm~1/102021~1.10/bin/../lib/gcc/arm-none-eabi/10.3.1/thumb/v6-m/nofp\libgcc.a(_dvmd_tls.o)
                0x20000f3c                __aeabi_idiv0
                0x20000f3c                __aeabi_ldiv0
 .text.__stub   0x20000f40       0x80 linker stubs
                0x20000fc0                . = ALIGN (0x4)
 *(.rodata*)
                0x20000fc0                . = ALIGN (0x4)
 *(.data*)
 .data.ADC      0x20000fc0        0x7 CMakeFiles/host.dir/src/tud_cdc_descript.c.obj
                0x20000fc0                ADC
 *fill*         0x20000fc7        0x1 
 .data.ChamberTemp
                0x20000fc8        0x6 CMakeFiles/host.dir/src/tud_cdc_descript.c.obj
                0x20000fc8                ChamberTemp
 *fill*         0x20000fce        0x2 
 .data.DAdeviceStatus
                0x20000fd0        0xb CMakeFiles/host.dir/src/tud_cdc_descript.c.obj
                0x20000fd0                DAdeviceStatus
 *fill*         0x20000fdb        0x1 
 .data.DAx02deviceStatus
                0x20000fdc        0x8 CMakeFiles/host.dir/src/tud_cdc_descript.c.obj
                0x20000fdc                DAx02deviceStatus
 .data.DAx0CCurrent
                0x20000fe4        0x9 CMakeFiles/host.dir/src/tud_cdc_descript.c.obj
                0x20000fe4                DAx0CCurrent
 *fill*         0x20000fed        0x3 
 .data.DAx0D01Voltage
                0x20000ff0        0x7 CMakeFiles/host.dir/src/tud_cdc_descript.c.obj
                0x20000ff0                DAx0D01Voltage
 *fill*         0x20000ff7        0x1 
 .data.DAx0D02Voltage
                0x20000ff8        0x7 CMakeFiles/host.dir/src/tud_cdc_descript.c.obj
                0x20000ff8                DAx0D02Voltage
 *fill*         0x20000fff        0x1 
 .data.FIDMBL   0x20001000        0xd CMakeFiles/host.dir/src/tud_cdc_descript.c.obj
                0x20001000                FIDMBL
 *fill*         0x2000100d        0x3 
 .data.FIDMHW   0x20001010        0xd CMakeFiles/host.dir/src/tud_cdc_descript.c.obj
                0x20001010                FIDMHW
 *fill*         0x2000101d        0x3 
 .data.FIDMSW   0x20001020        0xd CMakeFiles/host.dir/src/tud_cdc_descript.c.obj
                0x20001020                FIDMSW
 *fill*         0x2000102d        0x3 
 .data.FIDMtemp
                0x20001030        0x8 CMakeFiles/host.dir/src/tud_cdc_descript.c.obj
                0x20001030                FIDMtemp
 .data.IdentifyDeviceType
                0x20001038        0x4 CMakeFiles/host.dir/src/tud_cdc_descript.c.obj
                0x20001038                IdentifyDeviceType
 .data.LCMVER   0x2000103c        0xd CMakeFiles/host.dir/src/tud_cdc_descript.c.obj
                0x2000103c                LCMVER
 *fill*         0x20001049        0x3 
 .data.PARTnum  0x2000104c        0xd CMakeFiles/host.dir/src/tud_cdc_descript.c.obj
                0x2000104c                PARTnum
 *fill*         0x20001059        0x3 
 .data.SCContentFunc
                0x2000105c        0xb CMakeFiles/host.dir/src/tud_cdc_descript.c.obj
                0x2000105c                SCContentFunc
 *fill*         0x20001067        0x1 
 .data.TCONVER  0x20001068        0xd CMakeFiles/host.dir/src/tud_cdc_descript.c.obj
                0x20001068                TCONVER
 *fill*         0x20001075        0x3 
 .data.TOUCHVER
                0x20001078        0xd CMakeFiles/host.dir/src/tud_cdc_descript.c.obj
                0x20001078                TOUCHVER
 *fill*         0x20001085        0x3 
 .data.Touchx06
                0x20001088       0x42 CMakeFiles/host.dir/src/tud_cdc_descript.c.obj
                0x20001088                Touchx06
 *fill*         0x200010ca        0x2 
 .data.Voltage_buf
                0x200010cc        0x7 CMakeFiles/host.dir/src/tud_cdc_descript.c.obj
                0x200010cc                Voltage_buf
 *fill*         0x200010d3        0x1 
 .data.Write_ACK
                0x200010d4        0x3 CMakeFiles/host.dir/src/tud_cdc_descript.c.obj
                0x200010d4                Write_ACK
 *fill*         0x200010d7        0x1 
 .data.brightnessbacklight_buf
                0x200010d8        0x6 CMakeFiles/host.dir/src/tud_cdc_descript.c.obj
                0x200010d8                brightnessbacklight_buf
 *fill*         0x200010de        0x2 
 .data.current_buf
                0x200010e0        0x7 CMakeFiles/host.dir/src/tud_cdc_descript.c.obj
                0x200010e0                current_buf
 *fill*         0x200010e7        0x1 
 .data.diag_buf
                0x200010e8        0x9 CMakeFiles/host.dir/src/tud_cdc_descript.c.obj
                0x200010e8                diag_buf
 *fill*         0x200010f1        0x7 
 .data.touch26_data
                0x200010f8       0x20 CMakeFiles/host.dir/src/tud_cdc_descript.c.obj
                0x200010f8                touch26_data
 .data.touch27_data
                0x20001118       0x20 CMakeFiles/host.dir/src/tud_cdc_descript.c.obj
                0x20001118                touch27_data
 .data.striped_spin_lock_num
                0x20001138        0x1 CMakeFiles/host.dir/D_/YQRepo/pico/pico-sdk/src/rp2_common/hardware_sync/sync.c.obj
 *fill*         0x20001139        0x3 
 .data          0x2000113c       0x48 CMakeFiles/host.dir/D_/YQRepo/pico/pico-sdk/src/rp2_common/hardware_irq/irq_handler_chain.S.obj
                0x2000113c                irq_handler_chain_slots
                0x2000116c                irq_handler_chain_first_slot
                0x20001176                irq_handler_chain_remove_tail
 .data.default_alarm_pool
                0x20001184       0x18 CMakeFiles/host.dir/D_/YQRepo/pico/pico-sdk/src/common/pico_time/time.c.obj
 *fill*         0x2000119c        0x4 
 .data.aeabi_bits_funcs
                0x200011a0       0x10 CMakeFiles/host.dir/D_/YQRepo/pico/pico-sdk/src/rp2_common/pico_bit_ops/bit_ops_aeabi.S.obj
                0x200011a0                aeabi_bits_funcs
                0x200011b0                aeabi_bits_funcs_end
 .data.aeabi_mem_funcs
                0x200011b0       0x10 CMakeFiles/host.dir/D_/YQRepo/pico/pico-sdk/src/rp2_common/pico_mem_ops/mem_ops_aeabi.S.obj
                0x200011b0                aeabi_mem_funcs
                0x200011c0                aeabi_mem_funcs_end
 .data.stdio_usb
                0x200011c0       0x18 CMakeFiles/host.dir/D_/YQRepo/pico/pico-sdk/src/rp2_common/pico_stdio_usb/stdio_usb.c.obj
                0x200011c0                stdio_usb
 .data._usbd_qdef
                0x200011d8       0x1c CMakeFiles/host.dir/D_/YQRepo/pico/pico-sdk/lib/tinyusb/src/device/usbd.c.obj
                0x200011d8                _usbd_qdef
 .data._usbd_rhport
                0x200011f4        0x1 CMakeFiles/host.dir/D_/YQRepo/pico/pico-sdk/lib/tinyusb/src/device/usbd.c.obj
 *fill*         0x200011f5        0x3 
 .data._impure_ptr
                0x200011f8        0x4 c:/progra~2/gnuarm~1/102021~1.10/bin/../lib/gcc/arm-none-eabi/10.3.1/../../../../arm-none-eabi/lib/thumb/v6-m/nofp\libg.a(lib_a-impure.o)
                0x200011f8                _impure_ptr
 *fill*         0x200011fc        0x4 
 .data.impure_data
                0x20001200      0x428 c:/progra~2/gnuarm~1/102021~1.10/bin/../lib/gcc/arm-none-eabi/10.3.1/../../../../arm-none-eabi/lib/thumb/v6-m/nofp\libg.a(lib_a-impure.o)
 .data.__malloc_av_
                0x20001628      0x408 c:/progra~2/gnuarm~1/102021~1.10/bin/../lib/gcc/arm-none-eabi/10.3.1/../../../../arm-none-eabi/lib/thumb/v6-m/nofp\libg.a(lib_a-mallocr.o)
                0x20001628                __malloc_av_
 .data.__malloc_sbrk_base
                0x20001a30        0x4 c:/progra~2/gnuarm~1/102021~1.10/bin/../lib/gcc/arm-none-eabi/10.3.1/../../../../arm-none-eabi/lib/thumb/v6-m/nofp\libg.a(lib_a-mallocr.o)
                0x20001a30                __malloc_sbrk_base
 .data.__malloc_trim_threshold
                0x20001a34        0x4 c:/progra~2/gnuarm~1/102021~1.10/bin/../lib/gcc/arm-none-eabi/10.3.1/../../../../arm-none-eabi/lib/thumb/v6-m/nofp\libg.a(lib_a-mallocr.o)
                0x20001a34                __malloc_trim_threshold
                0x20001a38                . = ALIGN (0x4)
 *(.after_data.*)
                0x20001a38                . = ALIGN (0x4)
                0x20001a38                PROVIDE (__mutex_array_start = .)
 *(SORT_BY_NAME(.mutex_array.*))
 *(.mutex_array)
 .mutex_array   0x20001a38        0x8 CMakeFiles/host.dir/D_/YQRepo/pico/pico-sdk/src/rp2_common/pico_stdio/stdio.c.obj
                0x20001a40                PROVIDE (__mutex_array_end = .)
                0x20001a40                . = ALIGN (0x4)
 *(.jcr)
                0x20001a40                . = ALIGN (0x4)

.igot.plt       0x20001a40        0x0 load address 0x10007bd0
 .igot.plt      0x20001a40        0x0 c:/progra~2/gnuarm~1/102021~1.10/bin/../lib/gcc/arm-none-eabi/10.3.1/thumb/v6-m/nofp/crtbegin.o

.tdata          0x20001a40        0x0 load address 0x10007bd0
                0x20001a40                . = ALIGN (0x4)
 *(.tdata .tdata.* .gnu.linkonce.td.*)
                0x20001a40                __tdata_end = .
                0x20001a40                PROVIDE (__data_end__ = .)
                0x10006250                __etext = LOADADDR (.data)

.tbss           0x20001a40        0x0 load address 0x10007bd0
                0x20001a40                . = ALIGN (0x4)
                0x20001a40                __bss_start__ = .
                0x20001a40                __tls_base = .
 *(.tbss .tbss.* .gnu.linkonce.tb.*)
 *(.tcommon)
                0x20001a40                __tls_end = .

.bss            0x20001a40      0xfd4 load address 0x10007bd0
                0x20001a40                . = ALIGN (0x4)
                0x20001a40                __tbss_end = .
 *(SORT_BY_ALIGNMENT(SORT_BY_NAME(.bss*)))
 .bss.DelayResponse
                0x20001a40       0x50 CMakeFiles/host.dir/src/main.c.obj
                0x20001a40                DelayResponse
 .bss.default_alarm_pool_entries
                0x20001a90      0x180 CMakeFiles/host.dir/D_/YQRepo/pico/pico-sdk/src/common/pico_time/time.c.obj
 .bss.last_avail_time.1
                0x20001c10        0x8 CMakeFiles/host.dir/D_/YQRepo/pico/pico-sdk/src/rp2_common/pico_stdio_usb/stdio_usb.c.obj
 .bss.sd_table  0x20001c18      0x100 CMakeFiles/host.dir/D_/YQRepo/pico/pico-sdk/src/rp2_common/pico_double/double_init_rom_rp2040.c.obj
                0x20001c18                sd_table
 .bss.sf_table  0x20001d18      0x100 CMakeFiles/host.dir/D_/YQRepo/pico/pico-sdk/src/rp2_common/pico_float/float_init_rom_rp2040.c.obj
                0x20001d18                sf_table
 .bss           0x20001e18       0x1c c:/progra~2/gnuarm~1/102021~1.10/bin/../lib/gcc/arm-none-eabi/10.3.1/thumb/v6-m/nofp/crtbegin.o
 .bss.__lock___malloc_recursive_mutex
                0x20001e34        0x1 c:/progra~2/gnuarm~1/102021~1.10/bin/../lib/gcc/arm-none-eabi/10.3.1/../../../../arm-none-eabi/lib/thumb/v6-m/nofp\libg.a(lib_a-lock.o)
                0x20001e34                __lock___malloc_recursive_mutex
 *fill*         0x20001e35        0x3 
 .bss.__malloc_current_mallinfo
                0x20001e38       0x28 c:/progra~2/gnuarm~1/102021~1.10/bin/../lib/gcc/arm-none-eabi/10.3.1/../../../../arm-none-eabi/lib/thumb/v6-m/nofp\libg.a(lib_a-mallocr.o)
                0x20001e38                __malloc_current_mallinfo
 .bss.__malloc_max_sbrked_mem
                0x20001e60        0x4 c:/progra~2/gnuarm~1/102021~1.10/bin/../lib/gcc/arm-none-eabi/10.3.1/../../../../arm-none-eabi/lib/thumb/v6-m/nofp\libg.a(lib_a-mallocr.o)
                0x20001e60                __malloc_max_sbrked_mem
 .bss.__malloc_max_total_mem
                0x20001e64        0x4 c:/progra~2/gnuarm~1/102021~1.10/bin/../lib/gcc/arm-none-eabi/10.3.1/../../../../arm-none-eabi/lib/thumb/v6-m/nofp\libg.a(lib_a-mallocr.o)
                0x20001e64                __malloc_max_total_mem
 .bss.__malloc_top_pad
                0x20001e68        0x4 c:/progra~2/gnuarm~1/102021~1.10/bin/../lib/gcc/arm-none-eabi/10.3.1/../../../../arm-none-eabi/lib/thumb/v6-m/nofp\libg.a(lib_a-mallocr.o)
                0x20001e68                __malloc_top_pad
 .bss._app_driver
                0x20001e6c        0x4 CMakeFiles/host.dir/D_/YQRepo/pico/pico-sdk/lib/tinyusb/src/device/usbd.c.obj
 .bss._cdcd_epbuf
                0x20001e70       0x80 CMakeFiles/host.dir/D_/YQRepo/pico/pico-sdk/lib/tinyusb/src/class/cdc/cdc_device.c.obj
 .bss._cdcd_fifo_cfg
                0x20001ef0        0x1 CMakeFiles/host.dir/D_/YQRepo/pico/pico-sdk/lib/tinyusb/src/class/cdc/cdc_device.c.obj
 *fill*         0x20001ef1        0x3 
 .bss._cdcd_itf
                0x20001ef4       0xc8 CMakeFiles/host.dir/D_/YQRepo/pico/pico-sdk/lib/tinyusb/src/class/cdc/cdc_device.c.obj
 .bss._ctrl_epbuf
                0x20001fbc       0x40 CMakeFiles/host.dir/D_/YQRepo/pico/pico-sdk/lib/tinyusb/src/device/usbd_control.c.obj
 .bss._ctrl_xfer
                0x20001ffc       0x14 CMakeFiles/host.dir/D_/YQRepo/pico/pico-sdk/lib/tinyusb/src/device/usbd_control.c.obj
 .bss._tusb_rhport_role
                0x20002010        0x2 CMakeFiles/host.dir/D_/YQRepo/pico/pico-sdk/lib/tinyusb/src/tusb.c.obj
                0x20002010                _tusb_rhport_role
 *fill*         0x20002012        0x2 
 .bss._ubsd_mutexdef
                0x20002014        0x8 CMakeFiles/host.dir/D_/YQRepo/pico/pico-sdk/lib/tinyusb/src/device/usbd.c.obj
 .bss._usbd_dev
                0x2000201c       0x54 CMakeFiles/host.dir/D_/YQRepo/pico/pico-sdk/lib/tinyusb/src/device/usbd.c.obj
 .bss._usbd_mutex
                0x20002070        0x4 CMakeFiles/host.dir/D_/YQRepo/pico/pico-sdk/lib/tinyusb/src/device/usbd.c.obj
 .bss._usbd_q   0x20002074        0x4 CMakeFiles/host.dir/D_/YQRepo/pico/pico-sdk/lib/tinyusb/src/device/usbd.c.obj
 .bss._usbd_qdef_buf
                0x20002078       0xc0 CMakeFiles/host.dir/D_/YQRepo/pico/pico-sdk/lib/tinyusb/src/device/usbd.c.obj
                0x20002078                _usbd_qdef_buf
 .bss._vendord_epbuf
                0x20002138       0x80 CMakeFiles/host.dir/D_/YQRepo/pico/pico-sdk/lib/tinyusb/src/class/vendor/vendor_device.c.obj
 .bss._vendord_itf
                0x200021b8      0x24c CMakeFiles/host.dir/D_/YQRepo/pico/pico-sdk/lib/tinyusb/src/class/vendor/vendor_device.c.obj
 .bss.boot2_copyout
                0x20002404      0x100 CMakeFiles/host.dir/D_/YQRepo/pico/pico-sdk/src/rp2_common/hardware_flash/flash.c.obj
 .bss.chars_available_callback
                0x20002504        0x4 CMakeFiles/host.dir/D_/YQRepo/pico/pico-sdk/src/rp2_common/pico_stdio_usb/stdio_usb.c.obj
 .bss.chars_available_param
                0x20002508        0x4 CMakeFiles/host.dir/D_/YQRepo/pico/pico-sdk/src/rp2_common/pico_stdio_usb/stdio_usb.c.obj
 .bss.claimed   0x2000250c        0x4 CMakeFiles/host.dir/D_/YQRepo/pico/pico-sdk/src/rp2_common/hardware_sync/sync.c.obj
 .bss.claimed   0x20002510        0x1 CMakeFiles/host.dir/D_/YQRepo/pico/pico-sdk/src/rp2_common/hardware_timer/timer.c.obj
 *fill*         0x20002511        0x3 
 .bss.configured_freq
                0x20002514       0x28 CMakeFiles/host.dir/D_/YQRepo/pico/pico-sdk/src/rp2_common/hardware_clocks/clocks.c.obj
 .bss.desc_str.0
                0x2000253c       0x28 CMakeFiles/host.dir/D_/YQRepo/pico/pico-sdk/src/rp2_common/pico_stdio_usb/stdio_usb_descriptors.c.obj
 .bss.drivers   0x20002564        0x4 CMakeFiles/host.dir/D_/YQRepo/pico/pico-sdk/src/rp2_common/pico_stdio/stdio.c.obj
 .bss.e15_last_sof
                0x20002568        0x4 CMakeFiles/host.dir/D_/YQRepo/pico/pico-sdk/lib/tinyusb/src/portable/raspberrypi/rp2040/rp2040_usb.c.obj
                0x20002568                e15_last_sof
 .bss.errno     0x2000256c        0x4 c:/progra~2/gnuarm~1/102021~1.10/bin/../lib/gcc/arm-none-eabi/10.3.1/../../../../arm-none-eabi/lib/thumb/v6-m/nofp\libg.a(lib_a-reent.o)
                0x2000256c                errno
 .bss.filter    0x20002570        0x4 CMakeFiles/host.dir/D_/YQRepo/pico/pico-sdk/src/rp2_common/pico_stdio/stdio.c.obj
 .bss.heap_end.0
                0x20002574        0x4 CMakeFiles/host.dir/D_/YQRepo/pico/pico-sdk/src/rp2_common/pico_clib_interface/newlib_interface.c.obj
 .bss.hw_endpoints
                0x20002578      0x400 CMakeFiles/host.dir/D_/YQRepo/pico/pico-sdk/lib/tinyusb/src/portable/raspberrypi/rp2040/dcd_rp2040.c.obj
 .bss.lazy_vsnprintf
                0x20002978        0x4 CMakeFiles/host.dir/D_/YQRepo/pico/pico-sdk/src/rp2_common/pico_printf/printf.c.obj
 .bss.load_value
                0x2000297c        0x4 CMakeFiles/host.dir/D_/YQRepo/pico/pico-sdk/src/rp2_common/hardware_watchdog/watchdog.c.obj
 .bss.next_buffer_ptr
                0x20002980        0x4 CMakeFiles/host.dir/D_/YQRepo/pico/pico-sdk/lib/tinyusb/src/portable/raspberrypi/rp2040/dcd_rp2040.c.obj
 .bss.one_shot_timer_crit_sec
                0x20002984        0x8 CMakeFiles/host.dir/D_/YQRepo/pico/pico-sdk/src/rp2_common/pico_stdio_usb/stdio_usb.c.obj
 .bss.pools     0x2000298c       0x10 CMakeFiles/host.dir/D_/YQRepo/pico/pico-sdk/src/common/pico_time/time.c.obj
 .bss.retrieved_id
                0x2000299c        0x8 CMakeFiles/host.dir/D_/YQRepo/pico/pico-sdk/src/rp2_common/pico_unique_id/unique_id.c.obj
 .bss.rx_buffer
                0x200029a4       0x40 CMakeFiles/host.dir/src/tud_cdc_descript.c.obj
                0x200029a4                rx_buffer
 .bss.sf_clz_func
                0x200029e4        0x4 CMakeFiles/host.dir/D_/YQRepo/pico/pico-sdk/src/rp2_common/pico_double/double_init_rom_rp2040.c.obj
                0x200029e4                sf_clz_func
 .bss.sleep_notifier
                0x200029e8        0x4 CMakeFiles/host.dir/D_/YQRepo/pico/pico-sdk/src/common/pico_time/time.c.obj
 .bss.stdio_usb_mutex
                0x200029ec        0x8 CMakeFiles/host.dir/D_/YQRepo/pico/pico-sdk/src/rp2_common/pico_stdio_usb/stdio_usb.c.obj
 .bss.uart_char_to_line_feed
                0x200029f4        0x4 CMakeFiles/host.dir/D_/YQRepo/pico/pico-sdk/src/rp2_common/hardware_uart/uart.c.obj
                0x200029f4                uart_char_to_line_feed
 .bss.usbd_serial_str
                0x200029f8       0x11 CMakeFiles/host.dir/D_/YQRepo/pico/pico-sdk/src/rp2_common/pico_stdio_usb/stdio_usb_descriptors.c.obj
 .bss._app_driver_count
                0x20002a09        0x1 CMakeFiles/host.dir/D_/YQRepo/pico/pico-sdk/lib/tinyusb/src/device/usbd.c.obj
 .bss._sof_enable
                0x20002a0a        0x1 CMakeFiles/host.dir/D_/YQRepo/pico/pico-sdk/lib/tinyusb/src/portable/raspberrypi/rp2040/dcd_rp2040.c.obj
 .bss._usbd_queued_setup
                0x20002a0b        0x1 CMakeFiles/host.dir/D_/YQRepo/pico/pico-sdk/lib/tinyusb/src/device/usbd.c.obj
 .bss.boot2_copyout_valid
                0x20002a0c        0x1 CMakeFiles/host.dir/D_/YQRepo/pico/pico-sdk/src/rp2_common/hardware_flash/flash.c.obj
 .bss.current_state
                0x20002a0d        0x1 CMakeFiles/host.dir/src/tud_cdc_descript.c.obj
                0x20002a0d                current_state
 .bss.irq_handler_chain_free_slot_head
                0x20002a0e        0x1 CMakeFiles/host.dir/D_/YQRepo/pico/pico-sdk/src/rp2_common/hardware_irq/irq.c.obj
 .bss.itf_num   0x20002a0f        0x1 CMakeFiles/host.dir/D_/YQRepo/pico/pico-sdk/src/rp2_common/pico_stdio_usb/reset_interface.c.obj
 .bss.low_priority_irq_num
                0x20002a10        0x1 CMakeFiles/host.dir/D_/YQRepo/pico/pico-sdk/src/rp2_common/pico_stdio_usb/stdio_usb.c.obj
 .bss.one_shot_timer_pending
                0x20002a11        0x1 CMakeFiles/host.dir/D_/YQRepo/pico/pico-sdk/src/rp2_common/pico_stdio_usb/stdio_usb.c.obj
 .bss.rx_buffer_index
                0x20002a12        0x1 CMakeFiles/host.dir/src/tud_cdc_descript.c.obj
                0x20002a12                rx_buffer_index
 .bss.user_irq_claimed
                0x20002a13        0x1 CMakeFiles/host.dir/D_/YQRepo/pico/pico-sdk/src/rp2_common/hardware_irq/irq.c.obj
 *(COMMON)
                0x20002a14                . = ALIGN (0x4)
                0x20002a14                __bss_end__ = .

.heap           0x20002a14      0x800 load address 0x10007bd0
                0x20002a14                __end__ = .
                0x20002a14                end = __end__
 *(.heap*)
 .heap          0x20002a14      0x800 CMakeFiles/host.dir/D_/YQRepo/pico/pico-sdk/src/rp2_common/pico_crt0/crt0.S.obj
                0x20040000                __HeapLimit = (ORIGIN (RAM) + LENGTH (RAM))

.scratch_x      0x20040000        0x0 load address 0x10007bd0
                0x20040000                __scratch_x_start__ = .
 *(.scratch_x.*)
                0x20040000                . = ALIGN (0x4)
                0x20040000                __scratch_x_end__ = .
                0x10007bd0                __scratch_x_source__ = LOADADDR (.scratch_x)

.scratch_y      0x20041000        0x0 load address 0x10007bd0
                0x20041000                __scratch_y_start__ = .
 *(.scratch_y.*)
                0x20041000                . = ALIGN (0x4)
                0x20041000                __scratch_y_end__ = .
                0x10007bd0                __scratch_y_source__ = LOADADDR (.scratch_y)

.stack1_dummy   0x20040000        0x0
 *(.stack1*)

.stack_dummy    0x20041000      0x800
 *(.stack*)
 .stack         0x20041000      0x800 CMakeFiles/host.dir/D_/YQRepo/pico/pico-sdk/src/rp2_common/pico_crt0/crt0.S.obj

.flash_end      0x10007bd0        0x0
 *(.embedded_end_block*)
                0x10007bd0                PROVIDE (__flash_binary_end = .)
                0x20040000                __StackLimit = (ORIGIN (RAM) + LENGTH (RAM))
                0x20041000                __StackOneTop = (ORIGIN (SCRATCH_X) + LENGTH (SCRATCH_X))
                0x20042000                __StackTop = (ORIGIN (SCRATCH_Y) + LENGTH (SCRATCH_Y))
                0x20041000                __StackOneBottom = (__StackOneTop - SIZEOF (.stack1_dummy))
                0x20041800                __StackBottom = (__StackTop - SIZEOF (.stack_dummy))
                0x20042000                PROVIDE (__stack = __StackTop)
                [!provide]                PROVIDE (__heap_start = __end__)
                [!provide]                PROVIDE (__heap_end = __HeapLimit)
                [!provide]                PROVIDE (__tls_align = MAX (ALIGNOF (.tdata), ALIGNOF (.tbss)))
                [!provide]                PROVIDE (__tls_size_align = (((__tls_size + __tls_align) - 0x1) & ~ ((__tls_align - 0x1))))
                [!provide]                PROVIDE (__arm32_tls_tcb_offset = MAX (0x8, __tls_align))
                [!provide]                PROVIDE (_end = __end__)
                [!provide]                PROVIDE (__llvm_libc_heap_limit = __HeapLimit)
                0x00000001                ASSERT ((__StackLimit >= __HeapLimit), region RAM overflowed)
                0x00000001                ASSERT (((__binary_info_header_end - __logical_binary_start) <= 0x100), Binary info must be in first 256 bytes of the binary)
LOAD CMakeFiles/host.dir/src/main.c.obj
LOAD CMakeFiles/host.dir/src/tud_cdc_descript.c.obj
LOAD CMakeFiles/host.dir/D_/YQRepo/pico/pico-sdk/src/rp2_common/pico_stdlib/stdlib.c.obj
LOAD CMakeFiles/host.dir/D_/YQRepo/pico/pico-sdk/src/rp2_common/hardware_gpio/gpio.c.obj
LOAD CMakeFiles/host.dir/D_/YQRepo/pico/pico-sdk/src/rp2040/pico_platform/platform.c.obj
LOAD CMakeFiles/host.dir/D_/YQRepo/pico/pico-sdk/src/rp2_common/pico_platform_panic/panic.c.obj
LOAD CMakeFiles/host.dir/D_/YQRepo/pico/pico-sdk/src/common/hardware_claim/claim.c.obj
LOAD CMakeFiles/host.dir/D_/YQRepo/pico/pico-sdk/src/rp2_common/hardware_sync/sync.c.obj
LOAD CMakeFiles/host.dir/D_/YQRepo/pico/pico-sdk/src/rp2_common/hardware_sync_spin_lock/sync_spin_lock.c.obj
LOAD CMakeFiles/host.dir/D_/YQRepo/pico/pico-sdk/src/rp2_common/hardware_irq/irq.c.obj
LOAD CMakeFiles/host.dir/D_/YQRepo/pico/pico-sdk/src/rp2_common/hardware_irq/irq_handler_chain.S.obj
LOAD CMakeFiles/host.dir/D_/YQRepo/pico/pico-sdk/src/common/pico_sync/sem.c.obj
LOAD CMakeFiles/host.dir/D_/YQRepo/pico/pico-sdk/src/common/pico_sync/lock_core.c.obj
LOAD CMakeFiles/host.dir/D_/YQRepo/pico/pico-sdk/src/common/pico_sync/mutex.c.obj
LOAD CMakeFiles/host.dir/D_/YQRepo/pico/pico-sdk/src/common/pico_sync/critical_section.c.obj
LOAD CMakeFiles/host.dir/D_/YQRepo/pico/pico-sdk/src/common/pico_time/time.c.obj
LOAD CMakeFiles/host.dir/D_/YQRepo/pico/pico-sdk/src/common/pico_time/timeout_helper.c.obj
LOAD CMakeFiles/host.dir/D_/YQRepo/pico/pico-sdk/src/rp2_common/hardware_timer/timer.c.obj
LOAD CMakeFiles/host.dir/D_/YQRepo/pico/pico-sdk/src/common/pico_util/datetime.c.obj
LOAD CMakeFiles/host.dir/D_/YQRepo/pico/pico-sdk/src/common/pico_util/pheap.c.obj
LOAD CMakeFiles/host.dir/D_/YQRepo/pico/pico-sdk/src/common/pico_util/queue.c.obj
LOAD CMakeFiles/host.dir/D_/YQRepo/pico/pico-sdk/src/rp2_common/hardware_uart/uart.c.obj
LOAD CMakeFiles/host.dir/D_/YQRepo/pico/pico-sdk/src/rp2_common/hardware_clocks/clocks.c.obj
LOAD CMakeFiles/host.dir/D_/YQRepo/pico/pico-sdk/src/rp2_common/hardware_pll/pll.c.obj
LOAD CMakeFiles/host.dir/D_/YQRepo/pico/pico-sdk/src/rp2_common/hardware_vreg/vreg.c.obj
LOAD CMakeFiles/host.dir/D_/YQRepo/pico/pico-sdk/src/rp2_common/hardware_watchdog/watchdog.c.obj
LOAD CMakeFiles/host.dir/D_/YQRepo/pico/pico-sdk/src/rp2_common/hardware_ticks/ticks.c.obj
LOAD CMakeFiles/host.dir/D_/YQRepo/pico/pico-sdk/src/rp2_common/pico_bootrom/bootrom.c.obj
LOAD CMakeFiles/host.dir/D_/YQRepo/pico/pico-sdk/src/rp2_common/pico_bootrom/bootrom_lock.c.obj
LOAD CMakeFiles/host.dir/D_/YQRepo/pico/pico-sdk/src/rp2_common/hardware_boot_lock/boot_lock.c.obj
LOAD CMakeFiles/host.dir/D_/YQRepo/pico/pico-sdk/src/rp2_common/pico_flash/flash.c.obj
LOAD CMakeFiles/host.dir/D_/YQRepo/pico/pico-sdk/src/rp2_common/hardware_xosc/xosc.c.obj
LOAD CMakeFiles/host.dir/D_/YQRepo/pico/pico-sdk/src/rp2_common/hardware_divider/divider.S.obj
LOAD CMakeFiles/host.dir/D_/YQRepo/pico/pico-sdk/src/rp2_common/pico_runtime/runtime.c.obj
LOAD CMakeFiles/host.dir/D_/YQRepo/pico/pico-sdk/src/rp2_common/pico_runtime_init/runtime_init.c.obj
LOAD CMakeFiles/host.dir/D_/YQRepo/pico/pico-sdk/src/rp2_common/pico_runtime_init/runtime_init_clocks.c.obj
LOAD CMakeFiles/host.dir/D_/YQRepo/pico/pico-sdk/src/rp2_common/pico_runtime_init/runtime_init_stack_guard.c.obj
LOAD CMakeFiles/host.dir/D_/YQRepo/pico/pico-sdk/src/rp2_common/pico_bit_ops/bit_ops_aeabi.S.obj
LOAD CMakeFiles/host.dir/D_/YQRepo/pico/pico-sdk/src/rp2_common/pico_divider/divider_hardware.S.obj
LOAD CMakeFiles/host.dir/D_/YQRepo/pico/pico-sdk/src/rp2_common/pico_double/double_aeabi_rp2040.S.obj
LOAD CMakeFiles/host.dir/D_/YQRepo/pico/pico-sdk/src/rp2_common/pico_double/double_init_rom_rp2040.c.obj
LOAD CMakeFiles/host.dir/D_/YQRepo/pico/pico-sdk/src/rp2_common/pico_double/double_math.c.obj
LOAD CMakeFiles/host.dir/D_/YQRepo/pico/pico-sdk/src/rp2_common/pico_double/double_v1_rom_shim_rp2040.S.obj
LOAD CMakeFiles/host.dir/D_/YQRepo/pico/pico-sdk/src/rp2_common/pico_int64_ops/pico_int64_ops_aeabi.S.obj
LOAD CMakeFiles/host.dir/D_/YQRepo/pico/pico-sdk/src/rp2_common/pico_float/float_aeabi_rp2040.S.obj
LOAD CMakeFiles/host.dir/D_/YQRepo/pico/pico-sdk/src/rp2_common/pico_float/float_init_rom_rp2040.c.obj
LOAD CMakeFiles/host.dir/D_/YQRepo/pico/pico-sdk/src/rp2_common/pico_float/float_math.c.obj
LOAD CMakeFiles/host.dir/D_/YQRepo/pico/pico-sdk/src/rp2_common/pico_float/float_v1_rom_shim_rp2040.S.obj
LOAD CMakeFiles/host.dir/D_/YQRepo/pico/pico-sdk/src/rp2_common/pico_malloc/malloc.c.obj
LOAD CMakeFiles/host.dir/D_/YQRepo/pico/pico-sdk/src/rp2_common/pico_mem_ops/mem_ops_aeabi.S.obj
LOAD CMakeFiles/host.dir/D_/YQRepo/pico/pico-sdk/src/rp2_common/pico_atomic/atomic.c.obj
LOAD CMakeFiles/host.dir/D_/YQRepo/pico/pico-sdk/src/rp2_common/pico_cxx_options/new_delete.cpp.obj
LOAD CMakeFiles/host.dir/D_/YQRepo/pico/pico-sdk/src/rp2_common/pico_standard_binary_info/standard_binary_info.c.obj
LOAD CMakeFiles/host.dir/D_/YQRepo/pico/pico-sdk/src/rp2_common/pico_printf/printf.c.obj
LOAD CMakeFiles/host.dir/D_/YQRepo/pico/pico-sdk/src/rp2_common/pico_crt0/crt0.S.obj
LOAD CMakeFiles/host.dir/D_/YQRepo/pico/pico-sdk/src/rp2_common/pico_clib_interface/newlib_interface.c.obj
LOAD CMakeFiles/host.dir/D_/YQRepo/pico/pico-sdk/src/rp2_common/pico_stdio/stdio.c.obj
LOAD CMakeFiles/host.dir/D_/YQRepo/pico/pico-sdk/src/rp2_common/pico_stdio_usb/reset_interface.c.obj
LOAD CMakeFiles/host.dir/D_/YQRepo/pico/pico-sdk/src/rp2_common/pico_stdio_usb/stdio_usb.c.obj
LOAD CMakeFiles/host.dir/D_/YQRepo/pico/pico-sdk/src/rp2_common/pico_stdio_usb/stdio_usb_descriptors.c.obj
LOAD CMakeFiles/host.dir/D_/YQRepo/pico/pico-sdk/src/rp2_common/pico_unique_id/unique_id.c.obj
LOAD CMakeFiles/host.dir/D_/YQRepo/pico/pico-sdk/src/rp2_common/hardware_flash/flash.c.obj
LOAD CMakeFiles/host.dir/D_/YQRepo/pico/pico-sdk/src/rp2_common/hardware_xip_cache/xip_cache.c.obj